2025-11-22T13:14:00.1626096Z Current runner version: '2.329.0'
2025-11-22T13:14:00.1648334Z ##[group]Runner Image Provisioner
2025-11-22T13:14:00.1649281Z Hosted Compute Agent
2025-11-22T13:14:00.1649847Z Version: 20251016.436
2025-11-22T13:14:00.1650462Z Commit: 8ab8ac8bfd662a3739dab9fe09456aba92132568
2025-11-22T13:14:00.1651105Z Build Date: 2025-10-15T20:44:12Z
2025-11-22T13:14:00.1651780Z ##[endgroup]
2025-11-22T13:14:00.1652349Z ##[group]Operating System
2025-11-22T13:14:00.1652861Z Ubuntu
2025-11-22T13:14:00.1653404Z 24.04.3
2025-11-22T13:14:00.1653828Z LTS
2025-11-22T13:14:00.1654267Z ##[endgroup]
2025-11-22T13:14:00.1654831Z ##[group]Runner Image
2025-11-22T13:14:00.1655369Z Image: ubuntu-24.04
2025-11-22T13:14:00.1655861Z Version: 20251112.124.1
2025-11-22T13:14:00.1657112Z Included Software: https://github.com/actions/runner-images/blob/ubuntu24/20251112.124/images/ubuntu/Ubuntu2404-Readme.md
2025-11-22T13:14:00.1658633Z Image Release: https://github.com/actions/runner-images/releases/tag/ubuntu24%2F20251112.124
2025-11-22T13:14:00.1659680Z ##[endgroup]
2025-11-22T13:14:00.1660765Z ##[group]GITHUB_TOKEN Permissions
2025-11-22T13:14:00.1662565Z Contents: read
2025-11-22T13:14:00.1663127Z Metadata: read
2025-11-22T13:14:00.1663616Z Packages: read
2025-11-22T13:14:00.1664197Z ##[endgroup]
2025-11-22T13:14:00.1666154Z Secret source: Actions
2025-11-22T13:14:00.1667013Z Prepare workflow directory
2025-11-22T13:14:00.1989624Z Prepare all required actions
2025-11-22T13:14:00.2029403Z Getting action download info
2025-11-22T13:14:00.6393363Z Download action repository 'actions/checkout@v4' (SHA:34e114876b0b11c390a56381ad16ebd13914f8d5)
2025-11-22T13:14:01.5072942Z Download action repository 'actions/setup-python@v5' (SHA:a26af69be951a213d495a4c3e4e4022e16d87065)
2025-11-22T13:14:01.5884675Z Download action repository 'actions/cache@v4' (SHA:0057852bfaa89a56745cba8c7296529d2fc39830)
2025-11-22T13:14:01.7547679Z Download action repository 'codecov/codecov-action@v4' (SHA:b9fd7d16f6d7d1b5d2bec1a2887e65ceed900238)
2025-11-22T13:14:02.4483966Z Download action repository 'codecov/test-results-action@v1' (SHA:47f89e9acb64b76debcd5ea40642d25a4adced9f)
2025-11-22T13:14:03.9948339Z Complete job name: test
2025-11-22T13:14:04.0583015Z ##[group]Run actions/checkout@v4
2025-11-22T13:14:04.0583624Z with:
2025-11-22T13:14:04.0584009Z   repository: prathameshnium/PICA-Python-Instrument-Control-and-Automation
2025-11-22T13:14:04.0584599Z   token: ***
2025-11-22T13:14:04.0584824Z   ssh-strict: true
2025-11-22T13:14:04.0585065Z   ssh-user: git
2025-11-22T13:14:04.0585315Z   persist-credentials: true
2025-11-22T13:14:04.0585579Z   clean: true
2025-11-22T13:14:04.0585829Z   sparse-checkout-cone-mode: true
2025-11-22T13:14:04.0586122Z   fetch-depth: 1
2025-11-22T13:14:04.0586511Z   fetch-tags: false
2025-11-22T13:14:04.0586754Z   show-progress: true
2025-11-22T13:14:04.0586979Z   lfs: false
2025-11-22T13:14:04.0587187Z   submodules: false
2025-11-22T13:14:04.0587420Z   set-safe-directory: true
2025-11-22T13:14:04.0587901Z ##[endgroup]
2025-11-22T13:14:04.1648099Z Syncing repository: prathameshnium/PICA-Python-Instrument-Control-and-Automation
2025-11-22T13:14:04.1649656Z ##[group]Getting Git version info
2025-11-22T13:14:04.1650432Z Working directory is '/home/runner/work/PICA-Python-Instrument-Control-and-Automation/PICA-Python-Instrument-Control-and-Automation'
2025-11-22T13:14:04.1651319Z [command]/usr/bin/git version
2025-11-22T13:14:04.1745390Z git version 2.51.2
2025-11-22T13:14:04.1771739Z ##[endgroup]
2025-11-22T13:14:04.1785361Z Temporarily overriding HOME='/home/runner/work/_temp/4c2a252e-176f-4a14-aa1d-419246d5e625' before making global git config changes
2025-11-22T13:14:04.1786443Z Adding repository directory to the temporary git global config as a safe directory
2025-11-22T13:14:04.1797948Z [command]/usr/bin/git config --global --add safe.directory /home/runner/work/PICA-Python-Instrument-Control-and-Automation/PICA-Python-Instrument-Control-and-Automation
2025-11-22T13:14:04.1832796Z Deleting the contents of '/home/runner/work/PICA-Python-Instrument-Control-and-Automation/PICA-Python-Instrument-Control-and-Automation'
2025-11-22T13:14:04.1835799Z ##[group]Initializing the repository
2025-11-22T13:14:04.1840427Z [command]/usr/bin/git init /home/runner/work/PICA-Python-Instrument-Control-and-Automation/PICA-Python-Instrument-Control-and-Automation
2025-11-22T13:14:04.1973152Z hint: Using 'master' as the name for the initial branch. This default branch name
2025-11-22T13:14:04.1973939Z hint: is subject to change. To configure the initial branch name to use in all
2025-11-22T13:14:04.1974461Z hint: of your new repositories, which will suppress this warning, call:
2025-11-22T13:14:04.1974850Z hint:
2025-11-22T13:14:04.1975305Z hint: 	git config --global init.defaultBranch <name>
2025-11-22T13:14:04.1975647Z hint:
2025-11-22T13:14:04.1975976Z hint: Names commonly chosen instead of 'master' are 'main', 'trunk' and
2025-11-22T13:14:04.1976636Z hint: 'development'. The just-created branch can be renamed via this command:
2025-11-22T13:14:04.1977035Z hint:
2025-11-22T13:14:04.1977284Z hint: 	git branch -m <name>
2025-11-22T13:14:04.1977531Z hint:
2025-11-22T13:14:04.1977878Z hint: Disable this message with "git config set advice.defaultBranchName false"
2025-11-22T13:14:04.1980129Z Initialized empty Git repository in /home/runner/work/PICA-Python-Instrument-Control-and-Automation/PICA-Python-Instrument-Control-and-Automation/.git/
2025-11-22T13:14:04.1990308Z [command]/usr/bin/git remote add origin https://github.com/prathameshnium/PICA-Python-Instrument-Control-and-Automation
2025-11-22T13:14:04.2022986Z ##[endgroup]
2025-11-22T13:14:04.2023428Z ##[group]Disabling automatic garbage collection
2025-11-22T13:14:04.2027605Z [command]/usr/bin/git config --local gc.auto 0
2025-11-22T13:14:04.2057874Z ##[endgroup]
2025-11-22T13:14:04.2058724Z ##[group]Setting up auth
2025-11-22T13:14:04.2065111Z [command]/usr/bin/git config --local --name-only --get-regexp core\.sshCommand
2025-11-22T13:14:04.2096949Z [command]/usr/bin/git submodule foreach --recursive sh -c "git config --local --name-only --get-regexp 'core\.sshCommand' && git config --local --unset-all 'core.sshCommand' || :"
2025-11-22T13:14:04.2484967Z [command]/usr/bin/git config --local --name-only --get-regexp http\.https\:\/\/github\.com\/\.extraheader
2025-11-22T13:14:04.2515945Z [command]/usr/bin/git submodule foreach --recursive sh -c "git config --local --name-only --get-regexp 'http\.https\:\/\/github\.com\/\.extraheader' && git config --local --unset-all 'http.https://github.com/.extraheader' || :"
2025-11-22T13:14:04.2744755Z [command]/usr/bin/git config --local --name-only --get-regexp ^includeIf\.gitdir:
2025-11-22T13:14:04.2773383Z [command]/usr/bin/git submodule foreach --recursive git config --local --show-origin --name-only --get-regexp remote.origin.url
2025-11-22T13:14:04.3002625Z [command]/usr/bin/git config --local http.https://github.com/.extraheader AUTHORIZATION: basic ***
2025-11-22T13:14:04.3036750Z ##[endgroup]
2025-11-22T13:14:04.3037619Z ##[group]Fetching the repository
2025-11-22T13:14:04.3045237Z [command]/usr/bin/git -c protocol.version=2 fetch --no-tags --prune --no-recurse-submodules --depth=1 origin +c4ad2c1837a4e5476f82a11d2bde070eff2a2d13:refs/remotes/origin/main
2025-11-22T13:14:05.9127748Z From https://github.com/prathameshnium/PICA-Python-Instrument-Control-and-Automation
2025-11-22T13:14:05.9128819Z  * [new ref]         c4ad2c1837a4e5476f82a11d2bde070eff2a2d13 -> origin/main
2025-11-22T13:14:05.9159676Z ##[endgroup]
2025-11-22T13:14:05.9160314Z ##[group]Determining the checkout info
2025-11-22T13:14:05.9162824Z ##[endgroup]
2025-11-22T13:14:05.9168174Z [command]/usr/bin/git sparse-checkout disable
2025-11-22T13:14:05.9209903Z [command]/usr/bin/git config --local --unset-all extensions.worktreeConfig
2025-11-22T13:14:05.9235639Z ##[group]Checking out the ref
2025-11-22T13:14:05.9239719Z [command]/usr/bin/git checkout --progress --force -B main refs/remotes/origin/main
2025-11-22T13:14:06.1433469Z Switched to a new branch 'main'
2025-11-22T13:14:06.1434847Z branch 'main' set up to track 'origin/main'.
2025-11-22T13:14:06.1459598Z ##[endgroup]
2025-11-22T13:14:06.1497819Z [command]/usr/bin/git log -1 --format=%H
2025-11-22T13:14:06.1519517Z c4ad2c1837a4e5476f82a11d2bde070eff2a2d13
2025-11-22T13:14:06.1739018Z ##[group]Run actions/setup-python@v5
2025-11-22T13:14:06.1739321Z with:
2025-11-22T13:14:06.1739496Z   python-version: 3.10
2025-11-22T13:14:06.1739706Z   check-latest: false
2025-11-22T13:14:06.1740021Z   token: ***
2025-11-22T13:14:06.1740221Z   update-environment: true
2025-11-22T13:14:06.1740447Z   allow-prereleases: false
2025-11-22T13:14:06.1740657Z   freethreaded: false
2025-11-22T13:14:06.1740844Z ##[endgroup]
2025-11-22T13:14:06.3450687Z ##[group]Installed versions
2025-11-22T13:14:06.3584959Z Successfully set up CPython (3.10.19)
2025-11-22T13:14:06.3586711Z ##[endgroup]
2025-11-22T13:14:06.4266881Z ##[group]Run actions/cache@v4
2025-11-22T13:14:06.4267151Z with:
2025-11-22T13:14:06.4267330Z   path: ~/.cache/pip
2025-11-22T13:14:06.4267714Z   key: Linux-pip-b77cd81387f14bba914ca38512af223acf88a910b54064e96599173627bc509a
2025-11-22T13:14:06.4268215Z   restore-keys: Linux-pip-

2025-11-22T13:14:06.4268453Z   enableCrossOsArchive: false
2025-11-22T13:14:06.4268676Z   fail-on-cache-miss: false
2025-11-22T13:14:06.4268887Z   lookup-only: false
2025-11-22T13:14:06.4269071Z   save-always: false
2025-11-22T13:14:06.4269250Z env:
2025-11-22T13:14:06.4269486Z   pythonLocation: /opt/hostedtoolcache/Python/3.10.19/x64
2025-11-22T13:14:06.4269892Z   PKG_CONFIG_PATH: /opt/hostedtoolcache/Python/3.10.19/x64/lib/pkgconfig
2025-11-22T13:14:06.4270281Z   Python_ROOT_DIR: /opt/hostedtoolcache/Python/3.10.19/x64
2025-11-22T13:14:06.4270627Z   Python2_ROOT_DIR: /opt/hostedtoolcache/Python/3.10.19/x64
2025-11-22T13:14:06.4270970Z   Python3_ROOT_DIR: /opt/hostedtoolcache/Python/3.10.19/x64
2025-11-22T13:14:06.4271359Z   LD_LIBRARY_PATH: /opt/hostedtoolcache/Python/3.10.19/x64/lib
2025-11-22T13:14:06.4271644Z ##[endgroup]
2025-11-22T13:14:06.8123877Z Cache hit for: Linux-pip-b77cd81387f14bba914ca38512af223acf88a910b54064e96599173627bc509a
2025-11-22T13:14:08.1344566Z Received 25165824 of 62351792 (40.4%), 24.0 MBs/sec
2025-11-22T13:14:08.4149811Z Received 62351792 of 62351792 (100.0%), 46.5 MBs/sec
2025-11-22T13:14:08.4150706Z Cache Size: ~59 MB (62351792 B)
2025-11-22T13:14:08.4179807Z [command]/usr/bin/tar -xf /home/runner/work/_temp/abd52ce2-c946-446d-80b8-02856b2a1f9e/cache.tzst -P -C /home/runner/work/PICA-Python-Instrument-Control-and-Automation/PICA-Python-Instrument-Control-and-Automation --use-compress-program unzstd
2025-11-22T13:14:08.5204028Z Cache restored successfully
2025-11-22T13:14:08.5404635Z Cache restored from key: Linux-pip-b77cd81387f14bba914ca38512af223acf88a910b54064e96599173627bc509a
2025-11-22T13:14:08.5547285Z ##[group]Run echo "STEP 1: Checking for critical syntax errors..."
2025-11-22T13:14:08.5547789Z [36;1mecho "STEP 1: Checking for critical syntax errors..."[0m
2025-11-22T13:14:08.5548215Z [36;1mflake8 . --count --select=E9,F63,F7,F82 --show-source --statistics[0m
2025-11-22T13:14:08.5548572Z [36;1m[0m
2025-11-22T13:14:08.5548800Z [36;1mecho "STEP 2: Checking for code style warnings..."[0m
2025-11-22T13:14:08.5549255Z [36;1mflake8 . --count --exit-zero --max-complexity=18 --max-line-length=127 --statistics[0m
2025-11-22T13:14:08.5641839Z shell: /usr/bin/bash -e {0}
2025-11-22T13:14:08.5642071Z env:
2025-11-22T13:14:08.5642324Z   pythonLocation: /opt/hostedtoolcache/Python/3.10.19/x64
2025-11-22T13:14:08.5642747Z   PKG_CONFIG_PATH: /opt/hostedtoolcache/Python/3.10.19/x64/lib/pkgconfig
2025-11-22T13:14:08.5643155Z   Python_ROOT_DIR: /opt/hostedtoolcache/Python/3.10.19/x64
2025-11-22T13:14:08.5643522Z   Python2_ROOT_DIR: /opt/hostedtoolcache/Python/3.10.19/x64
2025-11-22T13:14:08.5643909Z   Python3_ROOT_DIR: /opt/hostedtoolcache/Python/3.10.19/x64
2025-11-22T13:14:08.5644266Z   LD_LIBRARY_PATH: /opt/hostedtoolcache/Python/3.10.19/x64/lib
2025-11-22T13:14:08.5644550Z ##[endgroup]
2025-11-22T13:14:08.5715582Z STEP 1: Checking for critical syntax errors...
2025-11-22T13:14:08.5718764Z /home/runner/work/_temp/a8c892e1-e57f-4024-aadd-824f7f79671b.sh: line 2: flake8: command not found
2025-11-22T13:14:08.5733081Z ##[error]Process completed with exit code 127.
2025-11-22T13:14:08.5822840Z ##[group]Run codecov/test-results-action@v1
2025-11-22T13:14:08.5823113Z with:
2025-11-22T13:14:08.5823380Z   token: ***
2025-11-22T13:14:08.5823552Z   files: ./junit.xml
2025-11-22T13:14:08.5823738Z env:
2025-11-22T13:14:08.5823968Z   pythonLocation: /opt/hostedtoolcache/Python/3.10.19/x64
2025-11-22T13:14:08.5824378Z   PKG_CONFIG_PATH: /opt/hostedtoolcache/Python/3.10.19/x64/lib/pkgconfig
2025-11-22T13:14:08.5824775Z   Python_ROOT_DIR: /opt/hostedtoolcache/Python/3.10.19/x64
2025-11-22T13:14:08.5825137Z   Python2_ROOT_DIR: /opt/hostedtoolcache/Python/3.10.19/x64
2025-11-22T13:14:08.5825487Z   Python3_ROOT_DIR: /opt/hostedtoolcache/Python/3.10.19/x64
2025-11-22T13:14:08.5825831Z   LD_LIBRARY_PATH: /opt/hostedtoolcache/Python/3.10.19/x64/lib
2025-11-22T13:14:08.5826122Z ##[endgroup]
2025-11-22T13:14:08.6647866Z ==> linux OS detected
2025-11-22T13:14:08.9366775Z https://cli.codecov.io/latest/linux/codecov.SHA256SUM
2025-11-22T13:14:09.0973103Z gpg: directory '/home/runner/.gnupg' created
2025-11-22T13:14:09.1027129Z gpg: keybox '/home/runner/.gnupg/pubring.kbx' created
2025-11-22T13:14:09.1197866Z gpg: /home/runner/.gnupg/trustdb.gpg: trustdb created
2025-11-22T13:14:09.1198725Z gpg: key 806BB28AED779869: public key "Codecov Uploader (Codecov Uploader Verification Key) <security@codecov.io>" imported
2025-11-22T13:14:09.1648832Z gpg: Total number processed: 1
2025-11-22T13:14:09.1649280Z gpg:               imported: 1
2025-11-22T13:14:09.1694541Z gpg: Signature made Mon Nov 10 14:58:43 2025 UTC
2025-11-22T13:14:09.1694982Z gpg:                using RSA key 27034E7FDB850E0BBC2C62FF806BB28AED779869
2025-11-22T13:14:09.1698008Z gpg: Good signature from "Codecov Uploader (Codecov Uploader Verification Key) <security@codecov.io>" [unknown]
2025-11-22T13:14:09.1698886Z gpg: WARNING: This key is not certified with a trusted signature!
2025-11-22T13:14:09.1699338Z gpg:          There is no indication that the signature belongs to the owner.
2025-11-22T13:14:09.1699798Z Primary key fingerprint: 2703 4E7F DB85 0E0B BC2C  62FF 806B B28A ED77 9869
2025-11-22T13:14:09.1922899Z ==> Uploader SHASUM verified (80b5e6f898d6080be523f53ff169702a008a1c91b20c63c49df1175ed794d822  codecov)
2025-11-22T13:14:09.1924223Z ==> Running version latest
2025-11-22T13:14:09.1929410Z eventName: push
2025-11-22T13:14:09.1935863Z ==> Running command '/home/runner/work/_actions/codecov/test-results-action/v1/dist/codecov do-upload'
2025-11-22T13:14:09.1952736Z [command]/home/runner/work/_actions/codecov/test-results-action/v1/dist/codecov do-upload -f ./junit.xml --report-type test_results
2025-11-22T13:14:09.5436999Z info - 2025-11-22 13:14:09,543 -- ci service found: github-actions
2025-11-22T13:14:09.5529805Z warning - 2025-11-22 13:14:09,552 -- No config file could be found. Ignoring config.
2025-11-22T13:14:09.6093145Z warning - 2025-11-22 13:14:09,608 -- Some files were not found --- {"not_found_files": ["junit.xml"]}
2025-11-22T13:14:09.6120007Z info - 2025-11-22 13:14:09,611 -- Found 0 test_results files to report
2025-11-22T13:14:09.6121919Z error - 2025-11-22 13:14:09,611 -- No JUnit XML reports found. Please review our documentation (https://docs.codecov.com/docs/test-result-ingestion-beta) to generate and upload the file.
2025-11-22T13:14:10.2413733Z info - 2025-11-22 13:14:10,240 -- No test results reports found. Triggering notifications without uploading.
2025-11-22T13:14:10.2414574Z info - 2025-11-22 13:14:10,241 -- Process Upload complete
2025-11-22T13:14:10.3512397Z Post job cleanup.
2025-11-22T13:14:10.4444483Z [command]/usr/bin/git version
2025-11-22T13:14:10.4480453Z git version 2.51.2
2025-11-22T13:14:10.4527028Z Temporarily overriding HOME='/home/runner/work/_temp/30e05205-f978-4e5f-a46b-8371c9e2ecd0' before making global git config changes
2025-11-22T13:14:10.4528394Z Adding repository directory to the temporary git global config as a safe directory
2025-11-22T13:14:10.4540977Z [command]/usr/bin/git config --global --add safe.directory /home/runner/work/PICA-Python-Instrument-Control-and-Automation/PICA-Python-Instrument-Control-and-Automation
2025-11-22T13:14:10.4574480Z [command]/usr/bin/git config --local --name-only --get-regexp core\.sshCommand
2025-11-22T13:14:10.4606036Z [command]/usr/bin/git submodule foreach --recursive sh -c "git config --local --name-only --get-regexp 'core\.sshCommand' && git config --local --unset-all 'core.sshCommand' || :"
2025-11-22T13:14:10.4839473Z [command]/usr/bin/git config --local --name-only --get-regexp http\.https\:\/\/github\.com\/\.extraheader
2025-11-22T13:14:10.4859409Z http.https://github.com/.extraheader
2025-11-22T13:14:10.4871290Z [command]/usr/bin/git config --local --unset-all http.https://github.com/.extraheader
2025-11-22T13:14:10.4900632Z [command]/usr/bin/git submodule foreach --recursive sh -c "git config --local --name-only --get-regexp 'http\.https\:\/\/github\.com\/\.extraheader' && git config --local --unset-all 'http.https://github.com/.extraheader' || :"
2025-11-22T13:14:10.5120556Z [command]/usr/bin/git config --local --name-only --get-regexp ^includeIf\.gitdir:
2025-11-22T13:14:10.5151717Z [command]/usr/bin/git submodule foreach --recursive git config --local --show-origin --name-only --get-regexp remote.origin.url
2025-11-22T13:14:10.5475414Z Cleaning up orphan processes
