2025-11-21T23:59:24.3094984Z Current runner version: '2.329.0'
2025-11-21T23:59:24.3118146Z ##[group]Runner Image Provisioner
2025-11-21T23:59:24.3119044Z Hosted Compute Agent
2025-11-21T23:59:24.3119657Z Version: 20251016.436
2025-11-21T23:59:24.3120498Z Commit: 8ab8ac8bfd662a3739dab9fe09456aba92132568
2025-11-21T23:59:24.3121339Z Build Date: 2025-10-15T20:44:12Z
2025-11-21T23:59:24.3121966Z ##[endgroup]
2025-11-21T23:59:24.3122509Z ##[group]Operating System
2025-11-21T23:59:24.3123132Z Ubuntu
2025-11-21T23:59:24.3123602Z 24.04.3
2025-11-21T23:59:24.3124076Z LTS
2025-11-21T23:59:24.3124536Z ##[endgroup]
2025-11-21T23:59:24.3125118Z ##[group]Runner Image
2025-11-21T23:59:24.3125687Z Image: ubuntu-24.04
2025-11-21T23:59:24.3126169Z Version: 20251112.124.1
2025-11-21T23:59:24.3127265Z Included Software: https://github.com/actions/runner-images/blob/ubuntu24/20251112.124/images/ubuntu/Ubuntu2404-Readme.md
2025-11-21T23:59:24.3128829Z Image Release: https://github.com/actions/runner-images/releases/tag/ubuntu24%2F20251112.124
2025-11-21T23:59:24.3129857Z ##[endgroup]
2025-11-21T23:59:24.3131235Z ##[group]GITHUB_TOKEN Permissions
2025-11-21T23:59:24.3133465Z Contents: read
2025-11-21T23:59:24.3134008Z Metadata: read
2025-11-21T23:59:24.3134522Z Packages: read
2025-11-21T23:59:24.3135147Z ##[endgroup]
2025-11-21T23:59:24.3137128Z Secret source: Actions
2025-11-21T23:59:24.3137850Z Prepare workflow directory
2025-11-21T23:59:24.3466878Z Prepare all required actions
2025-11-21T23:59:24.3505429Z Getting action download info
2025-11-21T23:59:24.7055772Z Download action repository 'actions/checkout@v3' (SHA:f43a0e5ff2bd294095638e18286ca9a3d1956744)
2025-11-21T23:59:24.8073287Z Download action repository 'actions/setup-python@v4' (SHA:7f4fc3e22c37d6ff65e88745f38bd3157c663f7c)
2025-11-21T23:59:24.8934054Z Download action repository 'codecov/codecov-action@v3' (SHA:ab904c41d6ece82784817410c45d8b8c02684457)
2025-11-21T23:59:25.2699694Z Download action repository 'codecov/test-results-action@v1' (SHA:47f89e9acb64b76debcd5ea40642d25a4adced9f)
2025-11-21T23:59:25.9008008Z Complete job name: test
2025-11-21T23:59:25.9799331Z ##[group]Run actions/checkout@v3
2025-11-21T23:59:25.9800578Z with:
2025-11-21T23:59:25.9801525Z   repository: prathameshnium/PICA-Python-Instrument-Control-and-Automation
2025-11-21T23:59:25.9803035Z   token: ***
2025-11-21T23:59:25.9803509Z   ssh-strict: true
2025-11-21T23:59:25.9804046Z   persist-credentials: true
2025-11-21T23:59:25.9804648Z   clean: true
2025-11-21T23:59:25.9805169Z   sparse-checkout-cone-mode: true
2025-11-21T23:59:25.9805823Z   fetch-depth: 1
2025-11-21T23:59:25.9806319Z   fetch-tags: false
2025-11-21T23:59:25.9806820Z   lfs: false
2025-11-21T23:59:25.9807280Z   submodules: false
2025-11-21T23:59:25.9807815Z   set-safe-directory: true
2025-11-21T23:59:25.9808645Z ##[endgroup]
2025-11-21T23:59:26.0663458Z Syncing repository: prathameshnium/PICA-Python-Instrument-Control-and-Automation
2025-11-21T23:59:26.0666225Z ##[group]Getting Git version info
2025-11-21T23:59:26.0668337Z Working directory is '/home/runner/work/PICA-Python-Instrument-Control-and-Automation/PICA-Python-Instrument-Control-and-Automation'
2025-11-21T23:59:26.0671048Z [command]/usr/bin/git version
2025-11-21T23:59:26.0762632Z git version 2.51.2
2025-11-21T23:59:26.0788746Z ##[endgroup]
2025-11-21T23:59:26.0803436Z Temporarily overriding HOME='/home/runner/work/_temp/ed7c1b51-479e-4d24-bbe7-4c601e8d4b46' before making global git config changes
2025-11-21T23:59:26.0806385Z Adding repository directory to the temporary git global config as a safe directory
2025-11-21T23:59:26.0809133Z [command]/usr/bin/git config --global --add safe.directory /home/runner/work/PICA-Python-Instrument-Control-and-Automation/PICA-Python-Instrument-Control-and-Automation
2025-11-21T23:59:26.0844488Z Deleting the contents of '/home/runner/work/PICA-Python-Instrument-Control-and-Automation/PICA-Python-Instrument-Control-and-Automation'
2025-11-21T23:59:26.0847369Z ##[group]Initializing the repository
2025-11-21T23:59:26.0851339Z [command]/usr/bin/git init /home/runner/work/PICA-Python-Instrument-Control-and-Automation/PICA-Python-Instrument-Control-and-Automation
2025-11-21T23:59:26.0978980Z hint: Using 'master' as the name for the initial branch. This default branch name
2025-11-21T23:59:26.0980725Z hint: is subject to change. To configure the initial branch name to use in all
2025-11-21T23:59:26.0982189Z hint: of your new repositories, which will suppress this warning, call:
2025-11-21T23:59:26.0983599Z hint:
2025-11-21T23:59:26.0984452Z hint: 	git config --global init.defaultBranch <name>
2025-11-21T23:59:26.0985304Z hint:
2025-11-21T23:59:26.0986072Z hint: Names commonly chosen instead of 'master' are 'main', 'trunk' and
2025-11-21T23:59:26.0987502Z hint: 'development'. The just-created branch can be renamed via this command:
2025-11-21T23:59:26.0988731Z hint:
2025-11-21T23:59:26.0989293Z hint: 	git branch -m <name>
2025-11-21T23:59:26.0989870Z hint:
2025-11-21T23:59:26.0990994Z hint: Disable this message with "git config set advice.defaultBranchName false"
2025-11-21T23:59:26.0994091Z Initialized empty Git repository in /home/runner/work/PICA-Python-Instrument-Control-and-Automation/PICA-Python-Instrument-Control-and-Automation/.git/
2025-11-21T23:59:26.0998010Z [command]/usr/bin/git remote add origin https://github.com/prathameshnium/PICA-Python-Instrument-Control-and-Automation
2025-11-21T23:59:26.1027954Z ##[endgroup]
2025-11-21T23:59:26.1028878Z ##[group]Disabling automatic garbage collection
2025-11-21T23:59:26.1030634Z [command]/usr/bin/git config --local gc.auto 0
2025-11-21T23:59:26.1057892Z ##[endgroup]
2025-11-21T23:59:26.1058739Z ##[group]Setting up auth
2025-11-21T23:59:26.1063149Z [command]/usr/bin/git config --local --name-only --get-regexp core\.sshCommand
2025-11-21T23:59:26.1089343Z [command]/usr/bin/git submodule foreach --recursive sh -c "git config --local --name-only --get-regexp 'core\.sshCommand' && git config --local --unset-all 'core.sshCommand' || :"
2025-11-21T23:59:26.1448434Z [command]/usr/bin/git config --local --name-only --get-regexp http\.https\:\/\/github\.com\/\.extraheader
2025-11-21T23:59:26.1475931Z [command]/usr/bin/git submodule foreach --recursive sh -c "git config --local --name-only --get-regexp 'http\.https\:\/\/github\.com\/\.extraheader' && git config --local --unset-all 'http.https://github.com/.extraheader' || :"
2025-11-21T23:59:26.1698811Z [command]/usr/bin/git config --local http.https://github.com/.extraheader AUTHORIZATION: basic ***
2025-11-21T23:59:26.1735540Z ##[endgroup]
2025-11-21T23:59:26.1736519Z ##[group]Fetching the repository
2025-11-21T23:59:26.1744581Z [command]/usr/bin/git -c protocol.version=2 fetch --no-tags --prune --progress --no-recurse-submodules --depth=1 origin +93f7097987dd2efcbb80a61c903e48ef778a8082:refs/remotes/origin/main
2025-11-21T23:59:26.3608359Z remote: Enumerating objects: 120, done.        
2025-11-21T23:59:26.3612006Z remote: Counting objects:   0% (1/120)        
2025-11-21T23:59:26.3612944Z remote: Counting objects:   1% (2/120)        
2025-11-21T23:59:26.3613778Z remote: Counting objects:   2% (3/120)        
2025-11-21T23:59:26.3614640Z remote: Counting objects:   3% (4/120)        
2025-11-21T23:59:26.3615452Z remote: Counting objects:   4% (5/120)        
2025-11-21T23:59:26.3616248Z remote: Counting objects:   5% (6/120)        
2025-11-21T23:59:26.3617036Z remote: Counting objects:   6% (8/120)        
2025-11-21T23:59:26.3617869Z remote: Counting objects:   7% (9/120)        
2025-11-21T23:59:26.3618932Z remote: Counting objects:   8% (10/120)        
2025-11-21T23:59:26.3619848Z remote: Counting objects:   9% (11/120)        
2025-11-21T23:59:26.3620953Z remote: Counting objects:  10% (12/120)        
2025-11-21T23:59:26.3621768Z remote: Counting objects:  11% (14/120)        
2025-11-21T23:59:26.3622576Z remote: Counting objects:  12% (15/120)        
2025-11-21T23:59:26.3623376Z remote: Counting objects:  13% (16/120)        
2025-11-21T23:59:26.3624169Z remote: Counting objects:  14% (17/120)        
2025-11-21T23:59:26.3624973Z remote: Counting objects:  15% (18/120)        
2025-11-21T23:59:26.3626077Z remote: Counting objects:  16% (20/120)        
2025-11-21T23:59:26.3626879Z remote: Counting objects:  17% (21/120)        
2025-11-21T23:59:26.3627675Z remote: Counting objects:  18% (22/120)        
2025-11-21T23:59:26.3628477Z remote: Counting objects:  19% (23/120)        
2025-11-21T23:59:26.3629279Z remote: Counting objects:  20% (24/120)        
2025-11-21T23:59:26.3630323Z remote: Counting objects:  21% (26/120)        
2025-11-21T23:59:26.3631676Z remote: Counting objects:  22% (27/120)        
2025-11-21T23:59:26.3633158Z remote: Counting objects:  23% (28/120)        
2025-11-21T23:59:26.3634639Z remote: Counting objects:  24% (29/120)        
2025-11-21T23:59:26.3635981Z remote: Counting objects:  25% (30/120)        
2025-11-21T23:59:26.3636884Z remote: Counting objects:  26% (32/120)        
2025-11-21T23:59:26.3637683Z remote: Counting objects:  27% (33/120)        
2025-11-21T23:59:26.3638547Z remote: Counting objects:  28% (34/120)        
2025-11-21T23:59:26.3639355Z remote: Counting objects:  29% (35/120)        
2025-11-21T23:59:26.3640543Z remote: Counting objects:  30% (36/120)        
2025-11-21T23:59:26.3642024Z remote: Counting objects:  31% (38/120)        
2025-11-21T23:59:26.3643401Z remote: Counting objects:  32% (39/120)        
2025-11-21T23:59:26.3644229Z remote: Counting objects:  33% (40/120)        
2025-11-21T23:59:26.3645580Z remote: Counting objects:  34% (41/120)        
2025-11-21T23:59:26.3646867Z remote: Counting objects:  35% (42/120)        
2025-11-21T23:59:26.3648807Z remote: Counting objects:  36% (44/120)        
2025-11-21T23:59:26.3650653Z remote: Counting objects:  37% (45/120)        
2025-11-21T23:59:26.3651919Z remote: Counting objects:  38% (46/120)        
2025-11-21T23:59:26.3653216Z remote: Counting objects:  39% (47/120)        
2025-11-21T23:59:26.3654042Z remote: Counting objects:  40% (48/120)        
2025-11-21T23:59:26.3654841Z remote: Counting objects:  41% (50/120)        
2025-11-21T23:59:26.3655631Z remote: Counting objects:  42% (51/120)        
2025-11-21T23:59:26.3656674Z remote: Counting objects:  43% (52/120)        
2025-11-21T23:59:26.3657494Z remote: Counting objects:  44% (53/120)        
2025-11-21T23:59:26.3658286Z remote: Counting objects:  45% (54/120)        
2025-11-21T23:59:26.3659085Z remote: Counting objects:  46% (56/120)        
2025-11-21T23:59:26.3659880Z remote: Counting objects:  47% (57/120)        
2025-11-21T23:59:26.3661017Z remote: Counting objects:  48% (58/120)        
2025-11-21T23:59:26.3661826Z remote: Counting objects:  49% (59/120)        
2025-11-21T23:59:26.3662604Z remote: Counting objects:  50% (60/120)        
2025-11-21T23:59:26.3663432Z remote: Counting objects:  51% (62/120)        
2025-11-21T23:59:26.3664226Z remote: Counting objects:  52% (63/120)        
2025-11-21T23:59:26.3665011Z remote: Counting objects:  53% (64/120)        
2025-11-21T23:59:26.3665795Z remote: Counting objects:  54% (65/120)        
2025-11-21T23:59:26.3666576Z remote: Counting objects:  55% (66/120)        
2025-11-21T23:59:26.3667379Z remote: Counting objects:  56% (68/120)        
2025-11-21T23:59:26.3668187Z remote: Counting objects:  57% (69/120)        
2025-11-21T23:59:26.3668967Z remote: Counting objects:  58% (70/120)        
2025-11-21T23:59:26.3669751Z remote: Counting objects:  59% (71/120)        
2025-11-21T23:59:26.3670751Z remote: Counting objects:  60% (72/120)        
2025-11-21T23:59:26.3671541Z remote: Counting objects:  61% (74/120)        
2025-11-21T23:59:26.3672323Z remote: Counting objects:  62% (75/120)        
2025-11-21T23:59:26.3673110Z remote: Counting objects:  63% (76/120)        
2025-11-21T23:59:26.3673918Z remote: Counting objects:  64% (77/120)        
2025-11-21T23:59:26.3674701Z remote: Counting objects:  65% (78/120)        
2025-11-21T23:59:26.3675489Z remote: Counting objects:  66% (80/120)        
2025-11-21T23:59:26.3676270Z remote: Counting objects:  67% (81/120)        
2025-11-21T23:59:26.3677062Z remote: Counting objects:  68% (82/120)        
2025-11-21T23:59:26.3677853Z remote: Counting objects:  69% (83/120)        
2025-11-21T23:59:26.3678829Z remote: Counting objects:  70% (84/120)        
2025-11-21T23:59:26.3679624Z remote: Counting objects:  71% (86/120)        
2025-11-21T23:59:26.3680679Z remote: Counting objects:  72% (87/120)        
2025-11-21T23:59:26.3681487Z remote: Counting objects:  73% (88/120)        
2025-11-21T23:59:26.3682284Z remote: Counting objects:  74% (89/120)        
2025-11-21T23:59:26.3683067Z remote: Counting objects:  75% (90/120)        
2025-11-21T23:59:26.3683850Z remote: Counting objects:  76% (92/120)        
2025-11-21T23:59:26.3684634Z remote: Counting objects:  77% (93/120)        
2025-11-21T23:59:26.3685429Z remote: Counting objects:  78% (94/120)        
2025-11-21T23:59:26.3686213Z remote: Counting objects:  79% (95/120)        
2025-11-21T23:59:26.3686998Z remote: Counting objects:  80% (96/120)        
2025-11-21T23:59:26.3687800Z remote: Counting objects:  81% (98/120)        
2025-11-21T23:59:26.3688587Z remote: Counting objects:  82% (99/120)        
2025-11-21T23:59:26.3689396Z remote: Counting objects:  83% (100/120)        
2025-11-21T23:59:26.3690428Z remote: Counting objects:  84% (101/120)        
2025-11-21T23:59:26.3691243Z remote: Counting objects:  85% (102/120)        
2025-11-21T23:59:26.3692062Z remote: Counting objects:  86% (104/120)        
2025-11-21T23:59:26.3692880Z remote: Counting objects:  87% (105/120)        
2025-11-21T23:59:26.3693668Z remote: Counting objects:  88% (106/120)        
2025-11-21T23:59:26.3694465Z remote: Counting objects:  89% (107/120)        
2025-11-21T23:59:26.3695260Z remote: Counting objects:  90% (108/120)        
2025-11-21T23:59:26.3696049Z remote: Counting objects:  91% (110/120)        
2025-11-21T23:59:26.3696848Z remote: Counting objects:  92% (111/120)        
2025-11-21T23:59:26.3697640Z remote: Counting objects:  93% (112/120)        
2025-11-21T23:59:26.3698442Z remote: Counting objects:  94% (113/120)        
2025-11-21T23:59:26.3699252Z remote: Counting objects:  95% (114/120)        
2025-11-21T23:59:26.3700383Z remote: Counting objects:  96% (116/120)        
2025-11-21T23:59:26.3701273Z remote: Counting objects:  97% (117/120)        
2025-11-21T23:59:26.3702080Z remote: Counting objects:  98% (118/120)        
2025-11-21T23:59:26.3702883Z remote: Counting objects:  99% (119/120)        
2025-11-21T23:59:26.3703682Z remote: Counting objects: 100% (120/120)        
2025-11-21T23:59:26.3704539Z remote: Counting objects: 100% (120/120), done.        
2025-11-21T23:59:26.3705418Z remote: Compressing objects:   0% (1/114)        
2025-11-21T23:59:26.3706260Z remote: Compressing objects:   1% (2/114)        
2025-11-21T23:59:26.3707083Z remote: Compressing objects:   2% (3/114)        
2025-11-21T23:59:26.3707914Z remote: Compressing objects:   3% (4/114)        
2025-11-21T23:59:26.3708750Z remote: Compressing objects:   4% (5/114)        
2025-11-21T23:59:26.3709571Z remote: Compressing objects:   5% (6/114)        
2025-11-21T23:59:26.3710514Z remote: Compressing objects:   6% (7/114)        
2025-11-21T23:59:26.3711347Z remote: Compressing objects:   7% (8/114)        
2025-11-21T23:59:26.3712173Z remote: Compressing objects:   8% (10/114)        
2025-11-21T23:59:26.3713043Z remote: Compressing objects:   9% (11/114)        
2025-11-21T23:59:26.3759694Z remote: Compressing objects:  10% (12/114)        
2025-11-21T23:59:26.3761766Z remote: Compressing objects:  11% (13/114)        
2025-11-21T23:59:26.3762865Z remote: Compressing objects:  12% (14/114)        
2025-11-21T23:59:26.3763916Z remote: Compressing objects:  13% (15/114)        
2025-11-21T23:59:26.3764972Z remote: Compressing objects:  14% (16/114)        
2025-11-21T23:59:26.3766018Z remote: Compressing objects:  15% (18/114)        
2025-11-21T23:59:26.3767047Z remote: Compressing objects:  16% (19/114)        
2025-11-21T23:59:26.3768090Z remote: Compressing objects:  17% (20/114)        
2025-11-21T23:59:26.3769127Z remote: Compressing objects:  18% (21/114)        
2025-11-21T23:59:26.3770509Z remote: Compressing objects:  19% (22/114)        
2025-11-21T23:59:26.3772778Z remote: Compressing objects:  20% (23/114)        
2025-11-21T23:59:26.3773900Z remote: Compressing objects:  21% (24/114)        
2025-11-21T23:59:26.3774947Z remote: Compressing objects:  22% (26/114)        
2025-11-21T23:59:26.3799353Z remote: Compressing objects:  23% (27/114)        
2025-11-21T23:59:26.3808722Z remote: Compressing objects:  24% (28/114)        
2025-11-21T23:59:26.3850557Z remote: Compressing objects:  25% (29/114)        
2025-11-21T23:59:26.3881068Z remote: Compressing objects:  26% (30/114)        
2025-11-21T23:59:26.3903247Z remote: Compressing objects:  27% (31/114)        
2025-11-21T23:59:26.3917664Z remote: Compressing objects:  28% (32/114)        
2025-11-21T23:59:26.3923597Z remote: Compressing objects:  29% (34/114)        
2025-11-21T23:59:26.3929188Z remote: Compressing objects:  30% (35/114)        
2025-11-21T23:59:26.3932271Z remote: Compressing objects:  31% (36/114)        
2025-11-21T23:59:26.3934249Z remote: Compressing objects:  32% (37/114)        
2025-11-21T23:59:26.3955073Z remote: Compressing objects:  33% (38/114)        
2025-11-21T23:59:26.3961424Z remote: Compressing objects:  34% (39/114)        
2025-11-21T23:59:26.3979639Z remote: Compressing objects:  35% (40/114)        
2025-11-21T23:59:26.3988907Z remote: Compressing objects:  36% (42/114)        
2025-11-21T23:59:26.3992140Z remote: Compressing objects:  37% (43/114)        
2025-11-21T23:59:26.3995097Z remote: Compressing objects:  38% (44/114)        
2025-11-21T23:59:26.3998495Z remote: Compressing objects:  39% (45/114)        
2025-11-21T23:59:26.4001384Z remote: Compressing objects:  40% (46/114)        
2025-11-21T23:59:26.4002995Z remote: Compressing objects:  41% (47/114)        
2025-11-21T23:59:26.4009676Z remote: Compressing objects:  42% (48/114)        
2025-11-21T23:59:26.4012544Z remote: Compressing objects:  43% (50/114)        
2025-11-21T23:59:26.4013856Z remote: Compressing objects:  44% (51/114)        
2025-11-21T23:59:26.4015230Z remote: Compressing objects:  45% (52/114)        
2025-11-21T23:59:26.4016661Z remote: Compressing objects:  46% (53/114)        
2025-11-21T23:59:26.4017530Z remote: Compressing objects:  47% (54/114)        
2025-11-21T23:59:26.4028861Z remote: Compressing objects:  48% (55/114)        
2025-11-21T23:59:26.4029739Z remote: Compressing objects:  49% (56/114)        
2025-11-21T23:59:26.4090346Z remote: Compressing objects:  50% (57/114)        
2025-11-21T23:59:26.4091499Z remote: Compressing objects:  51% (59/114)        
2025-11-21T23:59:26.4092553Z remote: Compressing objects:  52% (60/114)        
2025-11-21T23:59:26.4093594Z remote: Compressing objects:  53% (61/114)        
2025-11-21T23:59:26.4159337Z remote: Compressing objects:  54% (62/114)        
2025-11-21T23:59:26.4203410Z remote: Compressing objects:  55% (63/114)        
2025-11-21T23:59:26.4205980Z remote: Compressing objects:  56% (64/114)        
2025-11-21T23:59:26.4263167Z remote: Compressing objects:  57% (65/114)        
2025-11-21T23:59:26.4264325Z remote: Compressing objects:  58% (67/114)        
2025-11-21T23:59:26.4265379Z remote: Compressing objects:  59% (68/114)        
2025-11-21T23:59:26.4266420Z remote: Compressing objects:  60% (69/114)        
2025-11-21T23:59:26.4267458Z remote: Compressing objects:  61% (70/114)        
2025-11-21T23:59:26.4268504Z remote: Compressing objects:  62% (71/114)        
2025-11-21T23:59:26.4269515Z remote: Compressing objects:  63% (72/114)        
2025-11-21T23:59:26.4270627Z remote: Compressing objects:  64% (73/114)        
2025-11-21T23:59:26.4271508Z remote: Compressing objects:  65% (75/114)        
2025-11-21T23:59:26.4272385Z remote: Compressing objects:  66% (76/114)        
2025-11-21T23:59:26.4599699Z remote: Compressing objects:  67% (77/114)        
2025-11-21T23:59:26.4601224Z remote: Compressing objects:  68% (78/114)        
2025-11-21T23:59:26.4603126Z remote: Compressing objects:  69% (79/114)        
2025-11-21T23:59:26.4604721Z remote: Compressing objects:  70% (80/114)        
2025-11-21T23:59:26.4606487Z remote: Compressing objects:  71% (81/114)        
2025-11-21T23:59:26.4607882Z remote: Compressing objects:  72% (83/114)        
2025-11-21T23:59:26.4608943Z remote: Compressing objects:  73% (84/114)        
2025-11-21T23:59:26.4612027Z remote: Compressing objects:  74% (85/114)        
2025-11-21T23:59:26.4613635Z remote: Compressing objects:  75% (86/114)        
2025-11-21T23:59:26.4614518Z remote: Compressing objects:  76% (87/114)        
2025-11-21T23:59:26.4615375Z remote: Compressing objects:  77% (88/114)        
2025-11-21T23:59:26.4616224Z remote: Compressing objects:  78% (89/114)        
2025-11-21T23:59:26.4617061Z remote: Compressing objects:  79% (91/114)        
2025-11-21T23:59:26.4618490Z remote: Compressing objects:  80% (92/114)        
2025-11-21T23:59:26.4619925Z remote: Compressing objects:  81% (93/114)        
2025-11-21T23:59:26.4621568Z remote: Compressing objects:  82% (94/114)        
2025-11-21T23:59:26.4622680Z remote: Compressing objects:  83% (95/114)        
2025-11-21T23:59:26.4623603Z remote: Compressing objects:  84% (96/114)        
2025-11-21T23:59:26.4624452Z remote: Compressing objects:  85% (97/114)        
2025-11-21T23:59:26.4625285Z remote: Compressing objects:  86% (99/114)        
2025-11-21T23:59:26.4626372Z remote: Compressing objects:  87% (100/114)        
2025-11-21T23:59:26.4627235Z remote: Compressing objects:  88% (101/114)        
2025-11-21T23:59:26.4628075Z remote: Compressing objects:  89% (102/114)        
2025-11-21T23:59:26.4628944Z remote: Compressing objects:  90% (103/114)        
2025-11-21T23:59:26.4629780Z remote: Compressing objects:  91% (104/114)        
2025-11-21T23:59:26.4631380Z remote: Compressing objects:  92% (105/114)        
2025-11-21T23:59:26.4632278Z remote: Compressing objects:  93% (107/114)        
2025-11-21T23:59:26.4633123Z remote: Compressing objects:  94% (108/114)        
2025-11-21T23:59:26.4633973Z remote: Compressing objects:  95% (109/114)        
2025-11-21T23:59:26.4635043Z remote: Compressing objects:  96% (110/114)        
2025-11-21T23:59:26.4636354Z remote: Compressing objects:  97% (111/114)        
2025-11-21T23:59:26.4637248Z remote: Compressing objects:  98% (112/114)        
2025-11-21T23:59:26.4638088Z remote: Compressing objects:  99% (113/114)        
2025-11-21T23:59:26.4639255Z remote: Compressing objects: 100% (114/114)        
2025-11-21T23:59:26.4640888Z remote: Compressing objects: 100% (114/114), done.        
2025-11-21T23:59:26.4660488Z Receiving objects:   0% (1/120)
2025-11-21T23:59:26.4666663Z Receiving objects:   1% (2/120)
2025-11-21T23:59:26.4667941Z Receiving objects:   2% (3/120)
2025-11-21T23:59:26.4669058Z Receiving objects:   3% (4/120)
2025-11-21T23:59:26.4670472Z Receiving objects:   4% (5/120)
2025-11-21T23:59:26.4672737Z Receiving objects:   5% (6/120)
2025-11-21T23:59:26.4673879Z Receiving objects:   6% (8/120)
2025-11-21T23:59:26.4675009Z Receiving objects:   7% (9/120)
2025-11-21T23:59:26.4676071Z Receiving objects:   8% (10/120)
2025-11-21T23:59:26.4677192Z Receiving objects:   9% (11/120)
2025-11-21T23:59:26.4678310Z Receiving objects:  10% (12/120)
2025-11-21T23:59:26.4679425Z Receiving objects:  11% (14/120)
2025-11-21T23:59:26.4680741Z Receiving objects:  12% (15/120)
2025-11-21T23:59:26.4681417Z Receiving objects:  13% (16/120)
2025-11-21T23:59:26.4748514Z Receiving objects:  14% (17/120)
2025-11-21T23:59:26.4749891Z Receiving objects:  15% (18/120)
2025-11-21T23:59:26.4751333Z Receiving objects:  16% (20/120)
2025-11-21T23:59:26.4752587Z Receiving objects:  17% (21/120)
2025-11-21T23:59:26.4753563Z Receiving objects:  18% (22/120)
2025-11-21T23:59:26.4754228Z Receiving objects:  19% (23/120)
2025-11-21T23:59:26.4758330Z Receiving objects:  20% (24/120)
2025-11-21T23:59:26.4759778Z Receiving objects:  21% (26/120)
2025-11-21T23:59:26.4760710Z Receiving objects:  22% (27/120)
2025-11-21T23:59:26.4761353Z Receiving objects:  23% (28/120)
2025-11-21T23:59:26.4761977Z Receiving objects:  24% (29/120)
2025-11-21T23:59:26.4767934Z Receiving objects:  25% (30/120)
2025-11-21T23:59:26.4771130Z Receiving objects:  26% (32/120)
2025-11-21T23:59:26.4772336Z Receiving objects:  27% (33/120)
2025-11-21T23:59:26.4773493Z Receiving objects:  28% (34/120)
2025-11-21T23:59:26.4774685Z Receiving objects:  29% (35/120)
2025-11-21T23:59:26.4775850Z Receiving objects:  30% (36/120)
2025-11-21T23:59:26.4777095Z Receiving objects:  31% (38/120)
2025-11-21T23:59:26.4778325Z Receiving objects:  32% (39/120)
2025-11-21T23:59:26.4786961Z Receiving objects:  33% (40/120)
2025-11-21T23:59:26.4788411Z Receiving objects:  34% (41/120)
2025-11-21T23:59:26.4789646Z Receiving objects:  35% (42/120)
2025-11-21T23:59:26.4791101Z Receiving objects:  36% (44/120)
2025-11-21T23:59:26.4792293Z Receiving objects:  37% (45/120)
2025-11-21T23:59:26.4793231Z Receiving objects:  38% (46/120)
2025-11-21T23:59:26.4794184Z Receiving objects:  39% (47/120)
2025-11-21T23:59:26.4795389Z Receiving objects:  40% (48/120)
2025-11-21T23:59:26.4796633Z Receiving objects:  41% (50/120)
2025-11-21T23:59:26.4797829Z Receiving objects:  42% (51/120)
2025-11-21T23:59:26.4798584Z Receiving objects:  43% (52/120)
2025-11-21T23:59:26.4799225Z Receiving objects:  44% (53/120)
2025-11-21T23:59:26.4799847Z Receiving objects:  45% (54/120)
2025-11-21T23:59:26.4800743Z Receiving objects:  46% (56/120)
2025-11-21T23:59:26.4807548Z Receiving objects:  47% (57/120)
2025-11-21T23:59:26.4809972Z Receiving objects:  48% (58/120)
2025-11-21T23:59:26.4811463Z Receiving objects:  49% (59/120)
2025-11-21T23:59:26.4907626Z Receiving objects:  50% (60/120)
2025-11-21T23:59:26.4908824Z Receiving objects:  51% (62/120)
2025-11-21T23:59:26.4909954Z Receiving objects:  52% (63/120)
2025-11-21T23:59:26.4911311Z Receiving objects:  53% (64/120)
2025-11-21T23:59:26.4912438Z Receiving objects:  54% (65/120)
2025-11-21T23:59:26.4916617Z Receiving objects:  55% (66/120)
2025-11-21T23:59:26.4917411Z Receiving objects:  56% (68/120)
2025-11-21T23:59:26.4918058Z Receiving objects:  57% (69/120)
2025-11-21T23:59:26.5097507Z Receiving objects:  58% (70/120)
2025-11-21T23:59:26.5268636Z Receiving objects:  59% (71/120)
2025-11-21T23:59:26.5284657Z Receiving objects:  60% (72/120)
2025-11-21T23:59:26.5448361Z Receiving objects:  61% (74/120)
2025-11-21T23:59:26.5600828Z Receiving objects:  62% (75/120)
2025-11-21T23:59:26.5631874Z Receiving objects:  63% (76/120)
2025-11-21T23:59:26.5639453Z Receiving objects:  64% (77/120)
2025-11-21T23:59:26.5718556Z Receiving objects:  65% (78/120)
2025-11-21T23:59:26.6846256Z Receiving objects:  66% (80/120)
2025-11-21T23:59:26.8370917Z Receiving objects:  67% (81/120)
2025-11-21T23:59:26.8618235Z Receiving objects:  68% (82/120)
2025-11-21T23:59:26.9070396Z Receiving objects:  69% (83/120)
2025-11-21T23:59:26.9659112Z Receiving objects:  70% (84/120)
2025-11-21T23:59:27.1296468Z Receiving objects:  71% (86/120), 28.32 MiB | 56.62 MiB/s
2025-11-21T23:59:27.1706422Z Receiving objects:  72% (87/120), 28.32 MiB | 56.62 MiB/s
2025-11-21T23:59:27.1730323Z Receiving objects:  73% (88/120), 28.32 MiB | 56.62 MiB/s
2025-11-21T23:59:27.1740260Z Receiving objects:  74% (89/120), 28.32 MiB | 56.62 MiB/s
2025-11-21T23:59:27.1928348Z Receiving objects:  75% (90/120), 28.32 MiB | 56.62 MiB/s
2025-11-21T23:59:27.1938315Z Receiving objects:  76% (92/120), 28.32 MiB | 56.62 MiB/s
2025-11-21T23:59:27.1939599Z remote: Total 120 (delta 16), reused 51 (delta 2), pack-reused 0 (from 0)        
2025-11-21T23:59:27.1944903Z Receiving objects:  77% (93/120), 28.32 MiB | 56.62 MiB/s
2025-11-21T23:59:27.1949335Z Receiving objects:  78% (94/120), 28.32 MiB | 56.62 MiB/s
2025-11-21T23:59:27.1951068Z Receiving objects:  79% (95/120), 28.32 MiB | 56.62 MiB/s
2025-11-21T23:59:27.1953598Z Receiving objects:  80% (96/120), 28.32 MiB | 56.62 MiB/s
2025-11-21T23:59:27.1954755Z Receiving objects:  81% (98/120), 28.32 MiB | 56.62 MiB/s
2025-11-21T23:59:27.1955875Z Receiving objects:  82% (99/120), 28.32 MiB | 56.62 MiB/s
2025-11-21T23:59:27.1957169Z Receiving objects:  83% (100/120), 28.32 MiB | 56.62 MiB/s
2025-11-21T23:59:27.1958382Z Receiving objects:  84% (101/120), 28.32 MiB | 56.62 MiB/s
2025-11-21T23:59:27.1959955Z Receiving objects:  85% (102/120), 28.32 MiB | 56.62 MiB/s
2025-11-21T23:59:27.1961270Z Receiving objects:  86% (104/120), 28.32 MiB | 56.62 MiB/s
2025-11-21T23:59:27.1962397Z Receiving objects:  87% (105/120), 28.32 MiB | 56.62 MiB/s
2025-11-21T23:59:27.1963490Z Receiving objects:  88% (106/120), 28.32 MiB | 56.62 MiB/s
2025-11-21T23:59:27.1964693Z Receiving objects:  89% (107/120), 28.32 MiB | 56.62 MiB/s
2025-11-21T23:59:27.1965802Z Receiving objects:  90% (108/120), 28.32 MiB | 56.62 MiB/s
2025-11-21T23:59:27.1967060Z Receiving objects:  91% (110/120), 28.32 MiB | 56.62 MiB/s
2025-11-21T23:59:27.1968332Z Receiving objects:  92% (111/120), 28.32 MiB | 56.62 MiB/s
2025-11-21T23:59:27.1969612Z Receiving objects:  93% (112/120), 28.32 MiB | 56.62 MiB/s
2025-11-21T23:59:27.1971115Z Receiving objects:  94% (113/120), 28.32 MiB | 56.62 MiB/s
2025-11-21T23:59:27.1972666Z Receiving objects:  95% (114/120), 28.32 MiB | 56.62 MiB/s
2025-11-21T23:59:27.1974061Z Receiving objects:  96% (116/120), 28.32 MiB | 56.62 MiB/s
2025-11-21T23:59:27.1975436Z Receiving objects:  97% (117/120), 28.32 MiB | 56.62 MiB/s
2025-11-21T23:59:27.1976862Z Receiving objects:  98% (118/120), 28.32 MiB | 56.62 MiB/s
2025-11-21T23:59:27.1978340Z Receiving objects:  99% (119/120), 28.32 MiB | 56.62 MiB/s
2025-11-21T23:59:27.1979766Z Receiving objects: 100% (120/120), 28.32 MiB | 56.62 MiB/s
2025-11-21T23:59:27.1981412Z Receiving objects: 100% (120/120), 41.86 MiB | 57.16 MiB/s, done.
2025-11-21T23:59:27.1982553Z Resolving deltas:   0% (0/16)
2025-11-21T23:59:27.1986889Z Resolving deltas:   6% (1/16)
2025-11-21T23:59:27.1988789Z Resolving deltas:  12% (2/16)
2025-11-21T23:59:27.1991396Z Resolving deltas:  18% (3/16)
2025-11-21T23:59:27.1996075Z Resolving deltas:  25% (4/16)
2025-11-21T23:59:27.1997282Z Resolving deltas:  31% (5/16)
2025-11-21T23:59:27.1998180Z Resolving deltas:  37% (6/16)
2025-11-21T23:59:27.1998957Z Resolving deltas:  43% (7/16)
2025-11-21T23:59:27.1999736Z Resolving deltas:  50% (8/16)
2025-11-21T23:59:27.2001000Z Resolving deltas:  56% (9/16)
2025-11-21T23:59:27.2001861Z Resolving deltas:  62% (10/16)
2025-11-21T23:59:27.2002616Z Resolving deltas:  68% (11/16)
2025-11-21T23:59:27.2003363Z Resolving deltas:  75% (12/16)
2025-11-21T23:59:27.2004103Z Resolving deltas:  81% (13/16)
2025-11-21T23:59:27.2004830Z Resolving deltas:  87% (14/16)
2025-11-21T23:59:27.2361758Z Resolving deltas:  93% (15/16)
2025-11-21T23:59:27.2362899Z Resolving deltas: 100% (16/16)
2025-11-21T23:59:27.2363680Z Resolving deltas: 100% (16/16), done.
2025-11-21T23:59:27.2575114Z From https://github.com/prathameshnium/PICA-Python-Instrument-Control-and-Automation
2025-11-21T23:59:27.2576995Z  * [new ref]         93f7097987dd2efcbb80a61c903e48ef778a8082 -> origin/main
2025-11-21T23:59:27.2608659Z ##[endgroup]
2025-11-21T23:59:27.2609865Z ##[group]Determining the checkout info
2025-11-21T23:59:27.2611360Z ##[endgroup]
2025-11-21T23:59:27.2612356Z ##[group]Checking out the ref
2025-11-21T23:59:27.2614740Z [command]/usr/bin/git checkout --progress --force -B main refs/remotes/origin/main
2025-11-21T23:59:27.4808827Z Switched to a new branch 'main'
2025-11-21T23:59:27.4810780Z branch 'main' set up to track 'origin/main'.
2025-11-21T23:59:27.4838006Z ##[endgroup]
2025-11-21T23:59:27.4880547Z [command]/usr/bin/git log -1 --format='%H'
2025-11-21T23:59:27.4903718Z '93f7097987dd2efcbb80a61c903e48ef778a8082'
2025-11-21T23:59:27.5152416Z ##[group]Run actions/setup-python@v4
2025-11-21T23:59:27.5153116Z with:
2025-11-21T23:59:27.5153663Z   python-version: 3.10
2025-11-21T23:59:27.5154256Z   check-latest: false
2025-11-21T23:59:27.5155005Z   token: ***
2025-11-21T23:59:27.5155568Z   update-environment: true
2025-11-21T23:59:27.5156189Z   allow-prereleases: false
2025-11-21T23:59:27.5156788Z ##[endgroup]
2025-11-21T23:59:27.6831320Z ##[group]Installed versions
2025-11-21T23:59:27.6963527Z Successfully set up CPython (3.10.19)
2025-11-21T23:59:27.6966175Z ##[endgroup]
2025-11-21T23:59:27.7088427Z ##[group]Run python -m pip install --upgrade pip
2025-11-21T23:59:27.7089476Z [36;1mpython -m pip install --upgrade pip[0m
2025-11-21T23:59:27.7090454Z [36;1m# Install PICA in editable mode[0m
2025-11-21T23:59:27.7091161Z [36;1mpip install -e .[0m
2025-11-21T23:59:27.7091853Z [36;1m# Install Testing, Linting, and Coverage tools[0m
2025-11-21T23:59:27.7092612Z [36;1mpip install pytest flake8 pytest-cov[0m
2025-11-21T23:59:27.7201032Z shell: /usr/bin/bash -e {0}
2025-11-21T23:59:27.7201685Z env:
2025-11-21T23:59:27.7202320Z   pythonLocation: /opt/hostedtoolcache/Python/3.10.19/x64
2025-11-21T23:59:27.7203206Z   PKG_CONFIG_PATH: /opt/hostedtoolcache/Python/3.10.19/x64/lib/pkgconfig
2025-11-21T23:59:27.7204070Z   Python_ROOT_DIR: /opt/hostedtoolcache/Python/3.10.19/x64
2025-11-21T23:59:27.7204865Z   Python2_ROOT_DIR: /opt/hostedtoolcache/Python/3.10.19/x64
2025-11-21T23:59:27.7205664Z   Python3_ROOT_DIR: /opt/hostedtoolcache/Python/3.10.19/x64
2025-11-21T23:59:27.7206499Z   LD_LIBRARY_PATH: /opt/hostedtoolcache/Python/3.10.19/x64/lib
2025-11-21T23:59:27.7207218Z ##[endgroup]
2025-11-21T23:59:29.6291512Z Requirement already satisfied: pip in /opt/hostedtoolcache/Python/3.10.19/x64/lib/python3.10/site-packages (25.3)
2025-11-21T23:59:30.2326014Z Obtaining file:///home/runner/work/PICA-Python-Instrument-Control-and-Automation/PICA-Python-Instrument-Control-and-Automation
2025-11-21T23:59:30.2345378Z   Installing build dependencies: started
2025-11-21T23:59:31.1414144Z   Installing build dependencies: finished with status 'done'
2025-11-21T23:59:31.1420947Z   Checking if build backend supports build_editable: started
2025-11-21T23:59:31.4359627Z   Checking if build backend supports build_editable: finished with status 'done'
2025-11-21T23:59:31.4370516Z   Getting requirements to build editable: started
2025-11-21T23:59:31.7499196Z   Getting requirements to build editable: finished with status 'done'
2025-11-21T23:59:31.7508466Z   Preparing editable metadata (pyproject.toml): started
2025-11-21T23:59:31.9338529Z   Preparing editable metadata (pyproject.toml): finished with status 'done'
2025-11-21T23:59:32.0134089Z Collecting pyvisa (from pica-automation==14.1.0)
2025-11-21T23:59:32.0766398Z   Downloading pyvisa-1.15.0-py3-none-any.whl.metadata (7.1 kB)
2025-11-21T23:59:32.0929333Z Collecting pyvisa-py (from pica-automation==14.1.0)
2025-11-21T23:59:32.0974143Z   Downloading pyvisa_py-0.8.1-py3-none-any.whl.metadata (6.8 kB)
2025-11-21T23:59:32.3532038Z Collecting numpy (from pica-automation==14.1.0)
2025-11-21T23:59:32.3581898Z   Downloading numpy-2.2.6-cp310-cp310-manylinux_2_17_x86_64.manylinux2014_x86_64.whl.metadata (62 kB)
2025-11-21T23:59:32.5283969Z Collecting matplotlib (from pica-automation==14.1.0)
2025-11-21T23:59:32.5328067Z   Downloading matplotlib-3.10.7-cp310-cp310-manylinux2014_x86_64.manylinux_2_17_x86_64.whl.metadata (11 kB)
2025-11-21T23:59:32.6695030Z Collecting pandas (from pica-automation==14.1.0)
2025-11-21T23:59:32.6741236Z   Downloading pandas-2.3.3-cp310-cp310-manylinux_2_24_x86_64.manylinux_2_28_x86_64.whl.metadata (91 kB)
2025-11-21T23:59:32.7492141Z Collecting pymeasure (from pica-automation==14.1.0)
2025-11-21T23:59:32.7542787Z   Downloading PyMeasure-0.15.0-py3-none-any.whl.metadata (44 kB)
2025-11-21T23:59:32.9614060Z Collecting Pillow (from pica-automation==14.1.0)
2025-11-21T23:59:32.9664295Z   Downloading pillow-12.0.0-cp310-cp310-manylinux_2_27_x86_64.manylinux_2_28_x86_64.whl.metadata (8.8 kB)
2025-11-21T23:59:33.0026417Z Collecting gpib-ctypes (from pica-automation==14.1.0)
2025-11-21T23:59:33.0089044Z   Downloading gpib_ctypes-0.3.0-py2.py3-none-any.whl.metadata (2.9 kB)
2025-11-21T23:59:33.0956919Z Collecting contourpy>=1.0.1 (from matplotlib->pica-automation==14.1.0)
2025-11-21T23:59:33.1009418Z   Downloading contourpy-1.3.2-cp310-cp310-manylinux_2_17_x86_64.manylinux2014_x86_64.whl.metadata (5.5 kB)
2025-11-21T23:59:33.1156343Z Collecting cycler>=0.10 (from matplotlib->pica-automation==14.1.0)
2025-11-21T23:59:33.1194226Z   Downloading cycler-0.12.1-py3-none-any.whl.metadata (3.8 kB)
2025-11-21T23:59:33.3166307Z Collecting fonttools>=4.22.0 (from matplotlib->pica-automation==14.1.0)
2025-11-21T23:59:33.3214620Z   Downloading fonttools-4.60.1-cp310-cp310-manylinux2014_x86_64.manylinux_2_17_x86_64.whl.metadata (112 kB)
2025-11-21T23:59:33.4315764Z Collecting kiwisolver>=1.3.1 (from matplotlib->pica-automation==14.1.0)
2025-11-21T23:59:33.4362857Z   Downloading kiwisolver-1.4.9-cp310-cp310-manylinux_2_12_x86_64.manylinux2010_x86_64.whl.metadata (6.3 kB)
2025-11-21T23:59:33.4625886Z Collecting packaging>=20.0 (from matplotlib->pica-automation==14.1.0)
2025-11-21T23:59:33.4693088Z   Downloading packaging-25.0-py3-none-any.whl.metadata (3.3 kB)
2025-11-21T23:59:33.5054163Z Collecting pyparsing>=3 (from matplotlib->pica-automation==14.1.0)
2025-11-21T23:59:33.5104794Z   Downloading pyparsing-3.2.5-py3-none-any.whl.metadata (5.0 kB)
2025-11-21T23:59:33.5260806Z Collecting python-dateutil>=2.7 (from matplotlib->pica-automation==14.1.0)
2025-11-21T23:59:33.5310538Z   Downloading python_dateutil-2.9.0.post0-py2.py3-none-any.whl.metadata (8.4 kB)
2025-11-21T23:59:33.5504048Z Collecting six>=1.5 (from python-dateutil>=2.7->matplotlib->pica-automation==14.1.0)
2025-11-21T23:59:33.5543885Z   Downloading six-1.17.0-py2.py3-none-any.whl.metadata (1.7 kB)
2025-11-21T23:59:33.6157716Z Collecting pytz>=2020.1 (from pandas->pica-automation==14.1.0)
2025-11-21T23:59:33.6198215Z   Downloading pytz-2025.2-py2.py3-none-any.whl.metadata (22 kB)
2025-11-21T23:59:33.6374222Z Collecting tzdata>=2022.7 (from pandas->pica-automation==14.1.0)
2025-11-21T23:59:33.6414276Z   Downloading tzdata-2025.2-py2.py3-none-any.whl.metadata (1.4 kB)
2025-11-21T23:59:33.6876406Z Collecting pint (from pymeasure->pica-automation==14.1.0)
2025-11-21T23:59:33.6928377Z   Downloading Pint-0.24.4-py3-none-any.whl.metadata (8.5 kB)
2025-11-21T23:59:33.7113882Z Collecting pyserial>=2.7 (from pymeasure->pica-automation==14.1.0)
2025-11-21T23:59:33.7150318Z   Downloading pyserial-3.5-py2.py3-none-any.whl.metadata (1.6 kB)
2025-11-21T23:59:33.7302774Z Collecting pyqtgraph>=0.12 (from pymeasure->pica-automation==14.1.0)
2025-11-21T23:59:33.7354636Z   Downloading pyqtgraph-0.14.0-py3-none-any.whl.metadata (1.5 kB)
2025-11-21T23:59:33.7688265Z Collecting colorama (from pyqtgraph>=0.12->pymeasure->pica-automation==14.1.0)
2025-11-21T23:59:33.7726296Z   Downloading colorama-0.4.6-py2.py3-none-any.whl.metadata (17 kB)
2025-11-21T23:59:33.7951874Z Collecting typing_extensions>=4.0.0 (from pyvisa->pica-automation==14.1.0)
2025-11-21T23:59:33.7990638Z   Downloading typing_extensions-4.15.0-py3-none-any.whl.metadata (3.3 kB)
2025-11-21T23:59:33.8242202Z Collecting platformdirs>=2.1.0 (from pint->pymeasure->pica-automation==14.1.0)
2025-11-21T23:59:33.8290018Z   Downloading platformdirs-4.5.0-py3-none-any.whl.metadata (12 kB)
2025-11-21T23:59:33.8427809Z Collecting flexcache>=0.3 (from pint->pymeasure->pica-automation==14.1.0)
2025-11-21T23:59:33.8464895Z   Downloading flexcache-0.3-py3-none-any.whl.metadata (7.0 kB)
2025-11-21T23:59:33.8594552Z Collecting flexparser>=0.4 (from pint->pymeasure->pica-automation==14.1.0)
2025-11-21T23:59:33.8636082Z   Downloading flexparser-0.4-py3-none-any.whl.metadata (18 kB)
2025-11-21T23:59:33.8805401Z Downloading gpib_ctypes-0.3.0-py2.py3-none-any.whl (16 kB)
2025-11-21T23:59:33.8865404Z Downloading matplotlib-3.10.7-cp310-cp310-manylinux2014_x86_64.manylinux_2_17_x86_64.whl (8.7 MB)
2025-11-21T23:59:33.9326079Z    ‚îÅ‚îÅ‚îÅ‚îÅ‚îÅ‚îÅ‚îÅ‚îÅ‚îÅ‚îÅ‚îÅ‚îÅ‚îÅ‚îÅ‚îÅ‚îÅ‚îÅ‚îÅ‚îÅ‚îÅ‚îÅ‚îÅ‚îÅ‚îÅ‚îÅ‚îÅ‚îÅ‚îÅ‚îÅ‚îÅ‚îÅ‚îÅ‚îÅ‚îÅ‚îÅ‚îÅ‚îÅ‚îÅ‚îÅ‚îÅ 8.7/8.7 MB 196.5 MB/s  0:00:00
2025-11-21T23:59:33.9373657Z Downloading contourpy-1.3.2-cp310-cp310-manylinux_2_17_x86_64.manylinux2014_x86_64.whl (325 kB)
2025-11-21T23:59:33.9445169Z Downloading cycler-0.12.1-py3-none-any.whl (8.3 kB)
2025-11-21T23:59:33.9510878Z Downloading fonttools-4.60.1-cp310-cp310-manylinux2014_x86_64.manylinux_2_17_x86_64.whl (4.8 MB)
2025-11-21T23:59:33.9740971Z    ‚îÅ‚îÅ‚îÅ‚îÅ‚îÅ‚îÅ‚îÅ‚îÅ‚îÅ‚îÅ‚îÅ‚îÅ‚îÅ‚îÅ‚îÅ‚îÅ‚îÅ‚îÅ‚îÅ‚îÅ‚îÅ‚îÅ‚îÅ‚îÅ‚îÅ‚îÅ‚îÅ‚îÅ‚îÅ‚îÅ‚îÅ‚îÅ‚îÅ‚îÅ‚îÅ‚îÅ‚îÅ‚îÅ‚îÅ‚îÅ 4.8/4.8 MB 223.3 MB/s  0:00:00
2025-11-21T23:59:33.9779092Z Downloading kiwisolver-1.4.9-cp310-cp310-manylinux_2_12_x86_64.manylinux2010_x86_64.whl (1.6 MB)
2025-11-21T23:59:33.9889655Z    ‚îÅ‚îÅ‚îÅ‚îÅ‚îÅ‚îÅ‚îÅ‚îÅ‚îÅ‚îÅ‚îÅ‚îÅ‚îÅ‚îÅ‚îÅ‚îÅ‚îÅ‚îÅ‚îÅ‚îÅ‚îÅ‚îÅ‚îÅ‚îÅ‚îÅ‚îÅ‚îÅ‚îÅ‚îÅ‚îÅ‚îÅ‚îÅ‚îÅ‚îÅ‚îÅ‚îÅ‚îÅ‚îÅ‚îÅ‚îÅ 1.6/1.6 MB 158.0 MB/s  0:00:00
2025-11-21T23:59:33.9941050Z Downloading numpy-2.2.6-cp310-cp310-manylinux_2_17_x86_64.manylinux2014_x86_64.whl (16.8 MB)
2025-11-21T23:59:34.0709196Z    ‚îÅ‚îÅ‚îÅ‚îÅ‚îÅ‚îÅ‚îÅ‚îÅ‚îÅ‚îÅ‚îÅ‚îÅ‚îÅ‚îÅ‚îÅ‚îÅ‚îÅ‚îÅ‚îÅ‚îÅ‚îÅ‚îÅ‚îÅ‚îÅ‚îÅ‚îÅ‚îÅ‚îÅ‚îÅ‚îÅ‚îÅ‚îÅ‚îÅ‚îÅ‚îÅ‚îÅ‚îÅ‚îÅ‚îÅ‚îÅ 16.8/16.8 MB 223.8 MB/s  0:00:00
2025-11-21T23:59:34.0757213Z Downloading packaging-25.0-py3-none-any.whl (66 kB)
2025-11-21T23:59:34.0838252Z Downloading pillow-12.0.0-cp310-cp310-manylinux_2_27_x86_64.manylinux_2_28_x86_64.whl (7.0 MB)
2025-11-21T23:59:34.1182594Z    ‚îÅ‚îÅ‚îÅ‚îÅ‚îÅ‚îÅ‚îÅ‚îÅ‚îÅ‚îÅ‚îÅ‚îÅ‚îÅ‚îÅ‚îÅ‚îÅ‚îÅ‚îÅ‚îÅ‚îÅ‚îÅ‚îÅ‚îÅ‚îÅ‚îÅ‚îÅ‚îÅ‚îÅ‚îÅ‚îÅ‚îÅ‚îÅ‚îÅ‚îÅ‚îÅ‚îÅ‚îÅ‚îÅ‚îÅ‚îÅ 7.0/7.0 MB 215.1 MB/s  0:00:00
2025-11-21T23:59:34.1230247Z Downloading pyparsing-3.2.5-py3-none-any.whl (113 kB)
2025-11-21T23:59:34.1293664Z Downloading python_dateutil-2.9.0.post0-py2.py3-none-any.whl (229 kB)
2025-11-21T23:59:34.1362140Z Downloading six-1.17.0-py2.py3-none-any.whl (11 kB)
2025-11-21T23:59:34.1428027Z Downloading pandas-2.3.3-cp310-cp310-manylinux_2_24_x86_64.manylinux_2_28_x86_64.whl (12.8 MB)
2025-11-21T23:59:34.2059736Z    ‚îÅ‚îÅ‚îÅ‚îÅ‚îÅ‚îÅ‚îÅ‚îÅ‚îÅ‚îÅ‚îÅ‚îÅ‚îÅ‚îÅ‚îÅ‚îÅ‚îÅ‚îÅ‚îÅ‚îÅ‚îÅ‚îÅ‚îÅ‚îÅ‚îÅ‚îÅ‚îÅ‚îÅ‚îÅ‚îÅ‚îÅ‚îÅ‚îÅ‚îÅ‚îÅ‚îÅ‚îÅ‚îÅ‚îÅ‚îÅ 12.8/12.8 MB 207.3 MB/s  0:00:00
2025-11-21T23:59:34.2106822Z Downloading pytz-2025.2-py2.py3-none-any.whl (509 kB)
2025-11-21T23:59:34.2196546Z Downloading tzdata-2025.2-py2.py3-none-any.whl (347 kB)
2025-11-21T23:59:34.2288520Z Downloading PyMeasure-0.15.0-py3-none-any.whl (800 kB)
2025-11-21T23:59:34.2365724Z    ‚îÅ‚îÅ‚îÅ‚îÅ‚îÅ‚îÅ‚îÅ‚îÅ‚îÅ‚îÅ‚îÅ‚îÅ‚îÅ‚îÅ‚îÅ‚îÅ‚îÅ‚îÅ‚îÅ‚îÅ‚îÅ‚îÅ‚îÅ‚îÅ‚îÅ‚îÅ‚îÅ‚îÅ‚îÅ‚îÅ‚îÅ‚îÅ‚îÅ‚îÅ‚îÅ‚îÅ‚îÅ‚îÅ‚îÅ‚îÅ 800.2/800.2 kB 116.5 MB/s  0:00:00
2025-11-21T23:59:34.2461514Z Downloading pyqtgraph-0.14.0-py3-none-any.whl (1.9 MB)
2025-11-21T23:59:34.2576061Z    ‚îÅ‚îÅ‚îÅ‚îÅ‚îÅ‚îÅ‚îÅ‚îÅ‚îÅ‚îÅ‚îÅ‚îÅ‚îÅ‚îÅ‚îÅ‚îÅ‚îÅ‚îÅ‚îÅ‚îÅ‚îÅ‚îÅ‚îÅ‚îÅ‚îÅ‚îÅ‚îÅ‚îÅ‚îÅ‚îÅ‚îÅ‚îÅ‚îÅ‚îÅ‚îÅ‚îÅ‚îÅ‚îÅ‚îÅ‚îÅ 1.9/1.9 MB 188.3 MB/s  0:00:00
2025-11-21T23:59:34.2623922Z Downloading pyserial-3.5-py2.py3-none-any.whl (90 kB)
2025-11-21T23:59:34.2699470Z Downloading pyvisa-1.15.0-py3-none-any.whl (179 kB)
2025-11-21T23:59:34.2766028Z Downloading typing_extensions-4.15.0-py3-none-any.whl (44 kB)
2025-11-21T23:59:34.2899899Z Downloading colorama-0.4.6-py2.py3-none-any.whl (25 kB)
2025-11-21T23:59:34.3026929Z Downloading Pint-0.24.4-py3-none-any.whl (302 kB)
2025-11-21T23:59:34.3160924Z Downloading flexcache-0.3-py3-none-any.whl (13 kB)
2025-11-21T23:59:34.3238536Z Downloading flexparser-0.4-py3-none-any.whl (27 kB)
2025-11-21T23:59:34.3297688Z Downloading platformdirs-4.5.0-py3-none-any.whl (18 kB)
2025-11-21T23:59:34.3366543Z Downloading pyvisa_py-0.8.1-py3-none-any.whl (82 kB)
2025-11-21T23:59:34.4321969Z Building wheels for collected packages: pica-automation
2025-11-21T23:59:34.4331181Z   Building editable for pica-automation (pyproject.toml): started
2025-11-21T23:59:34.6627122Z   Building editable for pica-automation (pyproject.toml): finished with status 'done'
2025-11-21T23:59:34.6633611Z   Created wheel for pica-automation: filename=pica_automation-14.1.0-0.editable-py3-none-any.whl size=9844 sha256=4d98c4c675b53b18f6e5a5e24f4373e4b5765a839c2c292f067e9c13826b35b2
2025-11-21T23:59:34.6636040Z   Stored in directory: /tmp/pip-ephem-wheel-cache-0h9ap_ee/wheels/a9/47/ac/63e6b90596909ba45951a37d3681bb2026f27d0b49ff6b466e
2025-11-21T23:59:34.6654097Z Successfully built pica-automation
2025-11-21T23:59:34.7998101Z Installing collected packages: pytz, pyserial, gpib-ctypes, tzdata, typing_extensions, six, pyparsing, platformdirs, Pillow, packaging, numpy, kiwisolver, fonttools, cycler, colorama, pyvisa, python-dateutil, pyqtgraph, flexparser, flexcache, contourpy, pyvisa-py, pint, pandas, matplotlib, pymeasure, pica-automation
2025-11-21T23:59:44.8387829Z 
2025-11-21T23:59:44.8437418Z Successfully installed Pillow-12.0.0 colorama-0.4.6 contourpy-1.3.2 cycler-0.12.1 flexcache-0.3 flexparser-0.4 fonttools-4.60.1 gpib-ctypes-0.3.0 kiwisolver-1.4.9 matplotlib-3.10.7 numpy-2.2.6 packaging-25.0 pandas-2.3.3 pica-automation-14.1.0 pint-0.24.4 platformdirs-4.5.0 pymeasure-0.15.0 pyparsing-3.2.5 pyqtgraph-0.14.0 pyserial-3.5 python-dateutil-2.9.0.post0 pytz-2025.2 pyvisa-1.15.0 pyvisa-py-0.8.1 six-1.17.0 typing_extensions-4.15.0 tzdata-2025.2
2025-11-21T23:59:45.4772903Z Collecting pytest
2025-11-21T23:59:45.5347221Z   Downloading pytest-9.0.1-py3-none-any.whl.metadata (7.6 kB)
2025-11-21T23:59:45.5795543Z Collecting flake8
2025-11-21T23:59:45.5831610Z   Downloading flake8-7.3.0-py2.py3-none-any.whl.metadata (3.8 kB)
2025-11-21T23:59:45.6033386Z Collecting pytest-cov
2025-11-21T23:59:45.6069132Z   Downloading pytest_cov-7.0.0-py3-none-any.whl.metadata (31 kB)
2025-11-21T23:59:45.6282429Z Collecting exceptiongroup>=1 (from pytest)
2025-11-21T23:59:45.6318031Z   Downloading exceptiongroup-1.3.1-py3-none-any.whl.metadata (6.7 kB)
2025-11-21T23:59:45.6428913Z Collecting iniconfig>=1.0.1 (from pytest)
2025-11-21T23:59:45.6482757Z   Downloading iniconfig-2.3.0-py3-none-any.whl.metadata (2.5 kB)
2025-11-21T23:59:45.6515093Z Requirement already satisfied: packaging>=22 in /opt/hostedtoolcache/Python/3.10.19/x64/lib/python3.10/site-packages (from pytest) (25.0)
2025-11-21T23:59:45.6631634Z Collecting pluggy<2,>=1.5 (from pytest)
2025-11-21T23:59:45.6665627Z   Downloading pluggy-1.6.0-py3-none-any.whl.metadata (4.8 kB)
2025-11-21T23:59:45.6899438Z Collecting pygments>=2.7.2 (from pytest)
2025-11-21T23:59:45.6935956Z   Downloading pygments-2.19.2-py3-none-any.whl.metadata (2.5 kB)
2025-11-21T23:59:45.7142910Z Collecting tomli>=1 (from pytest)
2025-11-21T23:59:45.7179471Z   Downloading tomli-2.3.0-py3-none-any.whl.metadata (10 kB)
2025-11-21T23:59:45.7314478Z Collecting mccabe<0.8.0,>=0.7.0 (from flake8)
2025-11-21T23:59:45.7348478Z   Downloading mccabe-0.7.0-py2.py3-none-any.whl.metadata (5.0 kB)
2025-11-21T23:59:45.7502246Z Collecting pycodestyle<2.15.0,>=2.14.0 (from flake8)
2025-11-21T23:59:45.7535720Z   Downloading pycodestyle-2.14.0-py2.py3-none-any.whl.metadata (4.5 kB)
2025-11-21T23:59:45.7696356Z Collecting pyflakes<3.5.0,>=3.4.0 (from flake8)
2025-11-21T23:59:45.7766031Z   Downloading pyflakes-3.4.0-py2.py3-none-any.whl.metadata (3.5 kB)
2025-11-21T23:59:46.2478152Z Collecting coverage>=7.10.6 (from coverage[toml]>=7.10.6->pytest-cov)
2025-11-21T23:59:46.2538355Z   Downloading coverage-7.12.0-cp310-cp310-manylinux1_x86_64.manylinux_2_28_x86_64.manylinux_2_5_x86_64.whl.metadata (9.1 kB)
2025-11-21T23:59:46.2749920Z Requirement already satisfied: typing-extensions>=4.6.0 in /opt/hostedtoolcache/Python/3.10.19/x64/lib/python3.10/site-packages (from exceptiongroup>=1->pytest) (4.15.0)
2025-11-21T23:59:46.2828522Z Downloading pytest-9.0.1-py3-none-any.whl (373 kB)
2025-11-21T23:59:46.2976485Z Downloading pluggy-1.6.0-py3-none-any.whl (20 kB)
2025-11-21T23:59:46.3028423Z Downloading flake8-7.3.0-py2.py3-none-any.whl (57 kB)
2025-11-21T23:59:46.3084300Z Downloading mccabe-0.7.0-py2.py3-none-any.whl (7.3 kB)
2025-11-21T23:59:46.3138135Z Downloading pycodestyle-2.14.0-py2.py3-none-any.whl (31 kB)
2025-11-21T23:59:46.3286832Z Downloading pyflakes-3.4.0-py2.py3-none-any.whl (63 kB)
2025-11-21T23:59:46.3352733Z Downloading pytest_cov-7.0.0-py3-none-any.whl (22 kB)
2025-11-21T23:59:46.3410331Z Downloading coverage-7.12.0-cp310-cp310-manylinux1_x86_64.manylinux_2_28_x86_64.manylinux_2_5_x86_64.whl (246 kB)
2025-11-21T23:59:46.3494772Z Downloading exceptiongroup-1.3.1-py3-none-any.whl (16 kB)
2025-11-21T23:59:46.3549799Z Downloading iniconfig-2.3.0-py3-none-any.whl (7.5 kB)
2025-11-21T23:59:46.3602204Z Downloading pygments-2.19.2-py3-none-any.whl (1.2 MB)
2025-11-21T23:59:46.3756626Z    ‚îÅ‚îÅ‚îÅ‚îÅ‚îÅ‚îÅ‚îÅ‚îÅ‚îÅ‚îÅ‚îÅ‚îÅ‚îÅ‚îÅ‚îÅ‚îÅ‚îÅ‚îÅ‚îÅ‚îÅ‚îÅ‚îÅ‚îÅ‚îÅ‚îÅ‚îÅ‚îÅ‚îÅ‚îÅ‚îÅ‚îÅ‚îÅ‚îÅ‚îÅ‚îÅ‚îÅ‚îÅ‚îÅ‚îÅ‚îÅ 1.2/1.2 MB 86.6 MB/s  0:00:00
2025-11-21T23:59:46.3788668Z Downloading tomli-2.3.0-py3-none-any.whl (14 kB)
2025-11-21T23:59:46.4996111Z Installing collected packages: tomli, pygments, pyflakes, pycodestyle, pluggy, mccabe, iniconfig, exceptiongroup, coverage, pytest, flake8, pytest-cov
2025-11-21T23:59:47.6106704Z 
2025-11-21T23:59:47.6172939Z Successfully installed coverage-7.12.0 exceptiongroup-1.3.1 flake8-7.3.0 iniconfig-2.3.0 mccabe-0.7.0 pluggy-1.6.0 pycodestyle-2.14.0 pyflakes-3.4.0 pygments-2.19.2 pytest-9.0.1 pytest-cov-7.0.0 tomli-2.3.0
2025-11-21T23:59:47.7021959Z ##[group]Run echo "STEP 1: Checking for critical syntax errors..."
2025-11-21T23:59:47.7022453Z [36;1mecho "STEP 1: Checking for critical syntax errors..."[0m
2025-11-21T23:59:47.7023064Z [36;1mflake8 . --count --select=E9,F63,F7,F82 --show-source --statistics[0m
2025-11-21T23:59:47.7023387Z [36;1m[0m
2025-11-21T23:59:47.7023604Z [36;1mecho "STEP 2: Checking for code style warnings..."[0m
2025-11-21T23:59:47.7024035Z [36;1mflake8 . --count --exit-zero --max-complexity=18 --max-line-length=127 --statistics[0m
2025-11-21T23:59:47.7057926Z shell: /usr/bin/bash -e {0}
2025-11-21T23:59:47.7058158Z env:
2025-11-21T23:59:47.7058392Z   pythonLocation: /opt/hostedtoolcache/Python/3.10.19/x64
2025-11-21T23:59:47.7058783Z   PKG_CONFIG_PATH: /opt/hostedtoolcache/Python/3.10.19/x64/lib/pkgconfig
2025-11-21T23:59:47.7059161Z   Python_ROOT_DIR: /opt/hostedtoolcache/Python/3.10.19/x64
2025-11-21T23:59:47.7059492Z   Python2_ROOT_DIR: /opt/hostedtoolcache/Python/3.10.19/x64
2025-11-21T23:59:47.7059940Z   Python3_ROOT_DIR: /opt/hostedtoolcache/Python/3.10.19/x64
2025-11-21T23:59:47.7060481Z   LD_LIBRARY_PATH: /opt/hostedtoolcache/Python/3.10.19/x64/lib
2025-11-21T23:59:47.7060776Z ##[endgroup]
2025-11-21T23:59:47.7113346Z STEP 1: Checking for critical syntax errors...
2025-11-21T23:59:49.4759069Z 0
2025-11-21T23:59:49.4929358Z STEP 2: Checking for code style warnings...
2025-11-21T23:59:50.8710887Z ./Keithley_2400/Backends/IV_K2400_Loop_Backend_v10.py:25:1: F401 'pyvisa' imported but unused
2025-11-21T23:59:50.8712035Z ./Keithley_2400/Backends/IV_K2400_Loop_Backend_v10.py:97:11: W292 no newline at end of file
2025-11-21T23:59:50.8712981Z ./Keithley_6517B/High_Resistance/IV_K6517B_GUI_v11.py:277:128: E501 line too long (129 > 127 characters)
2025-11-21T23:59:50.8713800Z ./Keithley_6517B/Pyroelectricity/Backends/Poling_K6517B_Backend_v10.py:54:11: W292 no newline at end of file
2025-11-21T23:59:50.8714577Z ./Keithley_6517B/Pyroelectricity/Backends/Pyroelectric_K6517B_Working_Backend_v10.py:119:11: W292 no newline at end of file
2025-11-21T23:59:50.8715310Z ./Keithley_6517B/Pyroelectricity/Pyroelectric_K6517B_L350_GUI_v4.py:749:128: E501 line too long (157 > 127 characters)
2025-11-21T23:59:50.8715821Z ./PICA_v6.py:508:9: E303 too many blank lines (2)
2025-11-21T23:59:50.8716198Z ./Utilities/PlotterUtil_GUI_v3.py:459:128: E501 line too long (129 > 127 characters)
2025-11-21T23:59:50.8716640Z ./Utilities/PlotterUtil_GUI_v3.py:750:54: W291 trailing whitespace
2025-11-21T23:59:50.8717022Z ./Utilities/PlotterUtil_GUI_v3.py:751:44: W291 trailing whitespace
2025-11-21T23:59:50.8717439Z ./Utilities/PlotterUtil_GUI_v3.py:755:1: W293 blank line contains whitespace
2025-11-21T23:59:50.8717879Z ./Utilities/PlotterUtil_GUI_v3.py:835:1: W293 blank line contains whitespace
2025-11-21T23:59:50.8718305Z ./Utilities/PlotterUtil_GUI_v3.py:872:1: W293 blank line contains whitespace
2025-11-21T23:59:50.8718733Z ./Utilities/PlotterUtil_GUI_v3.py:956:1: W293 blank line contains whitespace
2025-11-21T23:59:50.8719162Z ./deployment/Picachu.py:160:128: E501 line too long (135 > 127 characters)
2025-11-21T23:59:50.8719566Z ./deployment/Picachu.py:161:128: E501 line too long (131 > 127 characters)
2025-11-21T23:59:50.8719954Z ./deployment/Picachu.py:535:9: E303 too many blank lines (2)
2025-11-21T23:59:50.8720549Z ./tests/test_auto_discovery.py:97:20: W292 no newline at end of file
2025-11-21T23:59:50.8720945Z ./tests/test_deep_simulation.py:54:1: W293 blank line contains whitespace
2025-11-21T23:59:50.8721358Z ./tests/test_deep_simulation.py:85:1: W293 blank line contains whitespace
2025-11-21T23:59:50.8721762Z ./tests/test_deep_simulation.py:115:1: W293 blank line contains whitespace
2025-11-21T23:59:50.8722168Z ./tests/test_deep_simulation.py:146:1: W293 blank line contains whitespace
2025-11-21T23:59:50.8722573Z ./tests/test_deep_simulation.py:163:1: W293 blank line contains whitespace
2025-11-21T23:59:50.8722969Z ./tests/test_deep_simulation.py:294:20: W292 no newline at end of file
2025-11-21T23:59:50.8723757Z ./tests/test_fixes.py:4:1: E302 expected 2 blank lines, found 1
2025-11-21T23:59:50.8724178Z ./tests/test_fixes.py:28:38: E127 continuation line over-indented for visual indent
2025-11-21T23:59:50.8724802Z ./tests/test_fixes.py:33:1: E305 expected 2 blank lines after class or function definition, found 1
2025-11-21T23:59:50.8725247Z ./tests/test_fixes.py:34:20: W292 no newline at end of file
2025-11-21T23:59:50.8725634Z ./tests/test_full_stack_simulation.py:189:20: W292 no newline at end of file
2025-11-21T23:59:50.8726036Z ./tests/test_gui_iv_k2400.py:8:1: E302 expected 2 blank lines, found 1
2025-11-21T23:59:50.8726446Z ./tests/test_gui_iv_k2400.py:17:29: E261 at least two spaces before inline comment
2025-11-21T23:59:50.8726870Z ./tests/test_gui_iv_k2400.py:48:52: E261 at least two spaces before inline comment
2025-11-21T23:59:50.8727279Z ./tests/test_gui_iv_k2400.py:49:52: E261 at least two spaces before inline comment
2025-11-21T23:59:50.8727702Z ./tests/test_gui_iv_k2400.py:53:46: E261 at least two spaces before inline comment
2025-11-21T23:59:50.8728090Z ./tests/test_gui_iv_k2400.py:73:73: W292 no newline at end of file
2025-11-21T23:59:50.8728480Z ./tests/test_iv_k6517b_simple_backend.py:7:1: E302 expected 2 blank lines, found 1
2025-11-21T23:59:50.8728929Z ./tests/test_iv_k6517b_simple_backend.py:59:39: W292 no newline at end of file
2025-11-21T23:59:50.8729414Z ./tests/test_t_control_l350_backend.py:81:41: E128 continuation line under-indented for visual indent
2025-11-21T23:59:50.8729919Z 1     E127 continuation line over-indented for visual indent
2025-11-21T23:59:50.8730435Z 1     E128 continuation line under-indented for visual indent
2025-11-21T23:59:50.8730754Z 4     E261 at least two spaces before inline comment
2025-11-21T23:59:50.8731027Z 3     E302 expected 2 blank lines, found 1
2025-11-21T23:59:50.8731276Z 2     E303 too many blank lines (2)
2025-11-21T23:59:50.8731584Z 1     E305 expected 2 blank lines after class or function definition, found 1
2025-11-21T23:59:50.8731931Z 5     E501 line too long (129 > 127 characters)
2025-11-21T23:59:50.8732190Z 1     F401 'pyvisa' imported but unused
2025-11-21T23:59:50.8732432Z 2     W291 trailing whitespace
2025-11-21T23:59:50.8732652Z 9     W292 no newline at end of file
2025-11-21T23:59:50.8732898Z 9     W293 blank line contains whitespace
2025-11-21T23:59:50.8733127Z 38
2025-11-21T23:59:50.8895595Z ##[group]Run echo "--------------------------------------"
2025-11-21T23:59:50.8895978Z [36;1mecho "--------------------------------------"[0m
2025-11-21T23:59:50.8896293Z [36;1mecho "GOAL: Generate coverage.xml and junit.xml"[0m
2025-11-21T23:59:50.8896556Z [36;1m[0m
2025-11-21T23:59:50.8896826Z [36;1m# This command runs all tests, generates XML coverage, and JUnit XML.[0m
2025-11-21T23:59:50.8897302Z [36;1mpytest --cov=. --cov-report=xml --junitxml=junit.xml -o junit_family=legacy tests/[0m
2025-11-21T23:59:50.8929981Z shell: /usr/bin/bash -e {0}
2025-11-21T23:59:50.8930396Z env:
2025-11-21T23:59:50.8930634Z   pythonLocation: /opt/hostedtoolcache/Python/3.10.19/x64
2025-11-21T23:59:50.8931033Z   PKG_CONFIG_PATH: /opt/hostedtoolcache/Python/3.10.19/x64/lib/pkgconfig
2025-11-21T23:59:50.8931408Z   Python_ROOT_DIR: /opt/hostedtoolcache/Python/3.10.19/x64
2025-11-21T23:59:50.8931757Z   Python2_ROOT_DIR: /opt/hostedtoolcache/Python/3.10.19/x64
2025-11-21T23:59:50.8932121Z   Python3_ROOT_DIR: /opt/hostedtoolcache/Python/3.10.19/x64
2025-11-21T23:59:50.8932452Z   LD_LIBRARY_PATH: /opt/hostedtoolcache/Python/3.10.19/x64/lib
2025-11-21T23:59:50.8932736Z ##[endgroup]
2025-11-21T23:59:50.8986234Z --------------------------------------
2025-11-21T23:59:50.8986539Z GOAL: Generate coverage.xml and junit.xml
2025-11-21T23:59:52.0007916Z ============================= test session starts ==============================
2025-11-21T23:59:52.0008585Z platform linux -- Python 3.10.19, pytest-9.0.1, pluggy-1.6.0
2025-11-21T23:59:52.0009690Z rootdir: /home/runner/work/PICA-Python-Instrument-Control-and-Automation/PICA-Python-Instrument-Control-and-Automation
2025-11-21T23:59:52.0011119Z configfile: pyproject.toml
2025-11-21T23:59:52.0036833Z plugins: cov-7.0.0
2025-11-21T23:59:52.0037236Z collected 33 items
2025-11-21T23:59:52.0037445Z 
2025-11-21T23:59:52.1307264Z tests/test_auto_discovery.py .                                           [  3%]
2025-11-21T23:59:52.2354415Z tests/test_deep_simulation.py ............                               [ 39%]
2025-11-21T23:59:52.4595822Z tests/test_fixes.py F.                                                   [ 45%]
2025-11-22T00:00:22.5516515Z tests/test_full_stack_simulation.py ...                                  [ 54%]
2025-11-22T00:00:22.6492554Z tests/test_gui_iv_k2400.py F                                             [ 57%]
2025-11-22T00:00:23.0340683Z tests/test_iv_k2400_loop_backend.py F                                    [ 60%]
2025-11-22T00:00:23.2127444Z tests/test_iv_k6517b_simple_backend.py F                                 [ 63%]
2025-11-22T00:00:26.0543248Z tests/test_t_control_l350_backend.py ...........F                        [100%]
2025-11-22T00:00:26.0544868Z 
2025-11-22T00:00:26.0548189Z =================================== FAILURES ===================================
2025-11-22T00:00:26.0548891Z _________________________ TestFixes.test_iv_k2400_fix __________________________
2025-11-22T00:00:26.0549356Z 
2025-11-22T00:00:26.0549661Z self = <tests.test_fixes.TestFixes testMethod=test_iv_k2400_fix>
2025-11-22T00:00:26.0550630Z mock_to_csv = <MagicMock name='to_csv' id='140524347777056'>
2025-11-22T00:00:26.0551219Z mock_plt_show = <MagicMock name='show' id='140524067465984'>
2025-11-22T00:00:26.0551872Z mock_keithley_class = <MagicMock name='Keithley2400' id='140524067521824'>
2025-11-22T00:00:26.0552501Z mock_input = <MagicMock name='input' id='140524067529744'>
2025-11-22T00:00:26.0552855Z 
2025-11-22T00:00:26.0553139Z     @patch('builtins.input', side_effect=['10', '2', 'test_output'])
2025-11-22T00:00:26.0553793Z     @patch('pymeasure.instruments.keithley.Keithley2400')
2025-11-22T00:00:26.0554355Z     @patch('matplotlib.pyplot.show')
2025-11-22T00:00:26.0554817Z     @patch('pandas.DataFrame.to_csv')
2025-11-22T00:00:26.0555450Z     def test_iv_k2400_fix(self, mock_to_csv, mock_plt_show, mock_keithley_class, mock_input):
2025-11-22T00:00:26.0556061Z         """
2025-11-22T00:00:26.0556856Z         This test verifies that the Keithley2400 is correctly mocked in the
2025-11-22T00:00:26.0557555Z         IV_K2400_Loop_Backend_v10 script, preventing real hardware calls.
2025-11-22T00:00:26.0558060Z         """
2025-11-22T00:00:26.0558503Z         from Keithley_2400.Backends import IV_K2400_Loop_Backend_v10 as iv_backend
2025-11-22T00:00:26.0559079Z >       iv_backend.main()
2025-11-22T00:00:26.0559284Z 
2025-11-22T00:00:26.0559415Z tests/test_fixes.py:16: 
2025-11-22T00:00:26.0559766Z _ _ _ _ _ _ _ _ _ _ _ _ _ _ _ _ _ _ _ _ _ _ _ _ _ _ _ _ _ _ _ _ _ _ _ _ _ _ _ _ 
2025-11-22T00:00:26.0560518Z Keithley_2400/Backends/IV_K2400_Loop_Backend_v10.py:37: in main
2025-11-22T00:00:26.0560994Z     sleep(2)
2025-11-22T00:00:26.0561500Z /opt/hostedtoolcache/Python/3.10.19/x64/lib/python3.10/unittest/mock.py:1114: in __call__
2025-11-22T00:00:26.0562151Z     return self._mock_call(*args, **kwargs)
2025-11-22T00:00:26.0562774Z /opt/hostedtoolcache/Python/3.10.19/x64/lib/python3.10/unittest/mock.py:1118: in _mock_call
2025-11-22T00:00:26.0563465Z     return self._execute_mock_call(*args, **kwargs)
2025-11-22T00:00:26.0564189Z /opt/hostedtoolcache/Python/3.10.19/x64/lib/python3.10/unittest/mock.py:1179: in _execute_mock_call
2025-11-22T00:00:26.0564863Z     result = effect(*args, **kwargs)
2025-11-22T00:00:26.0565267Z _ _ _ _ _ _ _ _ _ _ _ _ _ _ _ _ _ _ _ _ _ _ _ _ _ _ _ _ _ _ _ _ _ _ _ _ _ _ _ _ 
2025-11-22T00:00:26.0565568Z 
2025-11-22T00:00:26.0565689Z args = (2,), kwargs = {}
2025-11-22T00:00:26.0565874Z 
2025-11-22T00:00:26.0566010Z     def side_effect(*args, **kwargs):
2025-11-22T00:00:26.0566378Z         side_effect.counter += 1
2025-11-22T00:00:26.0566805Z         # Print a heartbeat so we know the loop is actually running
2025-11-22T00:00:26.0567251Z         if side_effect.counter % 2 == 0:
2025-11-22T00:00:26.0567594Z             print(
2025-11-22T00:00:26.0567935Z                 f"      [Clock] Tick {side_effect.counter}/{limit}...",
2025-11-22T00:00:26.0568601Z                 flush=True)
2025-11-22T00:00:26.0568880Z     
2025-11-22T00:00:26.0569135Z         if side_effect.counter >= limit:
2025-11-22T00:00:26.0569610Z             print("      [Clock] Limit reached! Forcing exit.", flush=True)
2025-11-22T00:00:26.0570391Z >           raise Exception("Force Test Exit")
2025-11-22T00:00:26.0570787Z E           Exception: Force Test Exit
2025-11-22T00:00:26.0571029Z 
2025-11-22T00:00:26.0571188Z tests/test_deep_simulation.py:102: Exception
2025-11-22T00:00:26.0571695Z ----------------------------- Captured stdout call -----------------------------
2025-11-22T00:00:26.0572163Z       [Clock] Tick 6/5...
2025-11-22T00:00:26.0572484Z       [Clock] Limit reached! Forcing exit.
2025-11-22T00:00:26.0572985Z _________________ TestIVK2400GUI.test_start_measurement_logic __________________
2025-11-22T00:00:26.0573386Z 
2025-11-22T00:00:26.0573706Z self = <tests.test_gui_iv_k2400.TestIVK2400GUI testMethod=test_start_measurement_logic>
2025-11-22T00:00:26.0574372Z MockFigure = <MagicMock name='Figure' id='140524068810432'>
2025-11-22T00:00:26.0574965Z MockBackend = <MagicMock name='Keithley2400_IV_Backend' id='140524068834560'>
2025-11-22T00:00:26.0575374Z 
2025-11-22T00:00:26.0575590Z     @patch('Keithley_2400.IV_K2400_GUI_v5.Keithley2400_IV_Backend')
2025-11-22T00:00:26.0576081Z     @patch('matplotlib.figure.Figure')
2025-11-22T00:00:26.0576565Z     def test_start_measurement_logic(self, MockFigure, MockBackend):
2025-11-22T00:00:26.0577039Z         """
2025-11-22T00:00:26.0577349Z         Tests the core logic of the 'Start' button click.
2025-11-22T00:00:26.0577979Z         Verifies that parameters are read from the UI and passed to the backend correctly.
2025-11-22T00:00:26.0578533Z         """
2025-11-22T00:00:26.0578784Z         # --- Setup ---
2025-11-22T00:00:26.0579184Z         # Instantiate the GUI. This also creates all the tk widgets.
2025-11-22T00:00:26.0579765Z         # Configure the mock for Figure.subplots to return two mock axes
2025-11-22T00:00:26.0580484Z         mock_figure_instance = MockFigure.return_value
2025-11-22T00:00:26.0581224Z         mock_ax_vi = MagicMock()
2025-11-22T00:00:26.0581597Z         mock_ax_ri = MagicMock()
2025-11-22T00:00:26.0582058Z         # The GUI script calls subplots(), which needs to return our two mock axes
2025-11-22T00:00:26.0582713Z         mock_figure_instance.subplots.return_value = mock_ax_vi, mock_ax_ri
2025-11-22T00:00:26.0583260Z >       app = MeasurementAppGUI(self.root)
2025-11-22T00:00:26.0583524Z 
2025-11-22T00:00:26.0583645Z tests/test_gui_iv_k2400.py:40: 
2025-11-22T00:00:26.0584030Z _ _ _ _ _ _ _ _ _ _ _ _ _ _ _ _ _ _ _ _ _ _ _ _ _ _ _ _ _ _ _ _ _ _ _ _ _ _ _ _ 
2025-11-22T00:00:26.0584501Z Keithley_2400/IV_K2400_GUI_v5.py:234: in __init__
2025-11-22T00:00:26.0584937Z     self.create_widgets()
2025-11-22T00:00:26.0585325Z Keithley_2400/IV_K2400_GUI_v5.py:295: in create_widgets
2025-11-22T00:00:26.0585805Z     self.create_graph_frame(right_panel_container)
2025-11-22T00:00:26.0586263Z _ _ _ _ _ _ _ _ _ _ _ _ _ _ _ _ _ _ _ _ _ _ _ _ _ _ _ _ _ _ _ _ _ _ _ _ _ _ _ _ 
2025-11-22T00:00:26.0586571Z 
2025-11-22T00:00:26.0586880Z self = <Keithley_2400.IV_K2400_GUI_v5.MeasurementAppGUI object at 0x7fce4f4451e0>
2025-11-22T00:00:26.0587564Z parent = <MagicMock name='mock.Frame()' id='140524068001088'>
2025-11-22T00:00:26.0587894Z 
2025-11-22T00:00:26.0588034Z     def create_graph_frame(self, parent):
2025-11-22T00:00:26.0588427Z         graph_container = LabelFrame(
2025-11-22T00:00:26.0588778Z             parent,
2025-11-22T00:00:26.0589065Z             text='Live I-V Curve',
2025-11-22T00:00:26.0589403Z             relief='groove',
2025-11-22T00:00:26.0589699Z             bg='white',
2025-11-22T00:00:26.0590006Z             fg=self.CLR_BG_DARK,
2025-11-22T00:00:26.0590524Z             font=self.FONT_TITLE)
2025-11-22T00:00:26.0590994Z         graph_container.pack(fill='both', expand=True, padx=5, pady=5)
2025-11-22T00:00:26.0591475Z     
2025-11-22T00:00:26.0591851Z         self.figure = Figure(figsize=(8, 8), dpi=100, constrained_layout=True)
2025-11-22T00:00:26.0592855Z >       self.ax_vi, self.ax_ri = self.figure.subplots(2, 1, sharex=True)
2025-11-22T00:00:26.0593432Z E       ValueError: not enough values to unpack (expected 2, got 0)
2025-11-22T00:00:26.0593807Z 
2025-11-22T00:00:26.0593965Z Keithley_2400/IV_K2400_GUI_v5.py:691: ValueError
2025-11-22T00:00:26.0594529Z __________________ TestIVK2400LoopBackend.test_main_full_run ___________________
2025-11-22T00:00:26.0594957Z 
2025-11-22T00:00:26.0595345Z self = <tests.test_iv_k2400_loop_backend.TestIVK2400LoopBackend testMethod=test_main_full_run>
2025-11-22T00:00:26.0596060Z mock_to_csv = <MagicMock name='to_csv' id='140524066242368'>
2025-11-22T00:00:26.0596564Z mock_plt_show = <MagicMock name='show' id='140524066259824'>
2025-11-22T00:00:26.0597156Z mock_keithley_class = <MagicMock name='Keithley2400' id='140524066271344'>
2025-11-22T00:00:26.0597722Z mock_input = <MagicMock name='input' id='140524065676288'>
2025-11-22T00:00:26.0598042Z 
2025-11-22T00:00:26.0598290Z     @patch('builtins.input', side_effect=['10', '2', 'test_output'])
2025-11-22T00:00:26.0598862Z     @patch('pymeasure.instruments.keithley.Keithley2400')
2025-11-22T00:00:26.0599337Z     @patch('matplotlib.pyplot.show')
2025-11-22T00:00:26.0599714Z     @patch('pandas.DataFrame.to_csv')
2025-11-22T00:00:26.0600439Z     def test_main_full_run(self, mock_to_csv, mock_plt_show, mock_keithley_class, mock_input):
2025-11-22T00:00:26.0600980Z         """
2025-11-22T00:00:26.0601412Z         Test the main function to ensure it runs through the full I-V sweep process.
2025-11-22T00:00:26.0601940Z         """
2025-11-22T00:00:26.0602200Z         # --- MOCK SETUP ---
2025-11-22T00:00:26.0602590Z         # Mock the instrument instance
2025-11-22T00:00:26.0603011Z         mock_keithley_instance = MagicMock()
2025-11-22T00:00:26.0603500Z         mock_keithley_class.return_value = mock_keithley_instance
2025-11-22T00:00:26.0603909Z     
2025-11-22T00:00:26.0604203Z         # Simulate the voltage measurement
2025-11-22T00:00:26.0604688Z         # Let's return a voltage that is proportional to the current
2025-11-22T00:00:26.0605335Z         def voltage_side_effect():
2025-11-22T00:00:26.0605765Z             # A simple linear relationship for testing
2025-11-22T00:00:26.0606223Z             return mock_keithley_instance.source_current * 10
2025-11-22T00:00:26.0606628Z     
2025-11-22T00:00:26.0606986Z         # We can't directly access the source_current from ramp_to_current,
2025-11-22T00:00:26.0607513Z         # so we will use a side effect to track it
2025-11-22T00:00:26.0607904Z         latest_current = [0]
2025-11-22T00:00:26.0608201Z     
2025-11-22T00:00:26.0608463Z         def ramp_side_effect(current):
2025-11-22T00:00:26.0608852Z             latest_current[0] = current
2025-11-22T00:00:26.0609245Z             # Also update the mock's internal state
2025-11-22T00:00:26.0609735Z             mock_keithley_instance.source_current = current
2025-11-22T00:00:26.0610293Z     
2025-11-22T00:00:26.0610704Z         mock_keithley_instance.ramp_to_current.side_effect = ramp_side_effect
2025-11-22T00:00:26.0611224Z     
2025-11-22T00:00:26.0611572Z         # When .voltage is accessed, return the calculated value
2025-11-22T00:00:26.0612171Z         type(mock_keithley_instance).voltage = unittest.mock.PropertyMock(
2025-11-22T00:00:26.0612719Z             side_effect=voltage_side_effect)
2025-11-22T00:00:26.0613056Z     
2025-11-22T00:00:26.0613298Z         # --- EXECUTE SCRIPT ---
2025-11-22T00:00:26.0613621Z >       iv_backend.main()
2025-11-22T00:00:26.0613809Z 
2025-11-22T00:00:26.0613959Z tests/test_iv_k2400_loop_backend.py:46: 
2025-11-22T00:00:26.0614384Z _ _ _ _ _ _ _ _ _ _ _ _ _ _ _ _ _ _ _ _ _ _ _ _ _ _ _ _ _ _ _ _ _ _ _ _ _ _ _ _ 
2025-11-22T00:00:26.0615007Z Keithley_2400/Backends/IV_K2400_Loop_Backend_v10.py:35: in main
2025-11-22T00:00:26.0615727Z     keithley_2400 = Keithley2400("GPIB::4")
2025-11-22T00:00:26.0616810Z /opt/hostedtoolcache/Python/3.10.19/x64/lib/python3.10/site-packages/pymeasure/instruments/keithley/keithley2400.py:375: in __init__
2025-11-22T00:00:26.0617978Z     super().__init__(
2025-11-22T00:00:26.0618732Z /opt/hostedtoolcache/Python/3.10.19/x64/lib/python3.10/site-packages/pymeasure/instruments/generic_types.py:39: in __init__
2025-11-22T00:00:26.0619552Z     super().__init__(*args, **kwargs)
2025-11-22T00:00:26.0620511Z /opt/hostedtoolcache/Python/3.10.19/x64/lib/python3.10/site-packages/pymeasure/instruments/instrument.py:86: in __init__
2025-11-22T00:00:26.0621383Z     adapter = VISAAdapter(adapter, **kwargs)
2025-11-22T00:00:26.0622140Z /opt/hostedtoolcache/Python/3.10.19/x64/lib/python3.10/site-packages/pymeasure/adapters/visa.py:126: in __init__
2025-11-22T00:00:26.0622983Z     self.connection = self.manager.open_resource(
2025-11-22T00:00:26.0623842Z /opt/hostedtoolcache/Python/3.10.19/x64/lib/python3.10/site-packages/pyvisa/highlevel.py:3293: in open_resource
2025-11-22T00:00:26.0624626Z     res.open(access_mode, open_timeout)
2025-11-22T00:00:26.0625405Z /opt/hostedtoolcache/Python/3.10.19/x64/lib/python3.10/site-packages/pyvisa/resources/resource.py:282: in open
2025-11-22T00:00:26.0626334Z     self.session, status = self._resource_manager.open_bare_resource(
2025-11-22T00:00:26.0627322Z /opt/hostedtoolcache/Python/3.10.19/x64/lib/python3.10/site-packages/pyvisa/highlevel.py:3218: in open_bare_resource
2025-11-22T00:00:26.0628394Z     return self.visalib.open(self.session, resource_name, access_mode, open_timeout)
2025-11-22T00:00:26.2522345Z /opt/hostedtoolcache/Python/3.10.19/x64/lib/python3.10/site-packages/pyvisa_py/highlevel.py:196: in open
2025-11-22T00:00:26.2523314Z     sess = cls(session, resource_name, parsed, open_timeout)
2025-11-22T00:00:26.2524169Z /opt/hostedtoolcache/Python/3.10.19/x64/lib/python3.10/site-packages/pyvisa_py/gpib.py:57: in __new__
2025-11-22T00:00:26.2525072Z     return newcls(resource_manager_session, resource_name, parsed, open_timeout)
2025-11-22T00:00:26.2525674Z _ _ _ _ _ _ _ _ _ _ _ _ _ _ _ _ _ _ _ _ _ _ _ _ _ _ _ _ _ _ _ _ _ _ _ _ _ _ _ _ 
2025-11-22T00:00:26.2526019Z 
2025-11-22T00:00:26.2526708Z self = <pyvisa_py.gpib.make_unavailable.<locals>._internal object at 0x7fce4f0035b0>
2025-11-22T00:00:26.2527624Z args = (8613440, 'GPIB0::4::INSTR', GPIBInstr(board='0', primary_address='4', secondary_address=None), 0)
2025-11-22T00:00:26.2528248Z kwargs = {}
2025-11-22T00:00:26.2528408Z 
2025-11-22T00:00:26.2528594Z     def __init__(self, *args, **kwargs) -> None:
2025-11-22T00:00:26.2529019Z >       raise ValueError(self.session_issue)
2025-11-22T00:00:26.2530420Z E       ValueError: Please install linux-gpib (Linux) or gpib-ctypes (Windows, Linux) to use this resource type. Note that installing gpib-ctypes will give you access to a broader range of functionalities.
2025-11-22T00:00:26.2531603Z E       No module named 'gpib'
2025-11-22T00:00:26.2531835Z 
2025-11-22T00:00:26.2532360Z /opt/hostedtoolcache/Python/3.10.19/x64/lib/python3.10/site-packages/pyvisa_py/sessions.py:867: ValueError
2025-11-22T00:00:26.2533315Z ___________________ TestIVK6517BSimpleBackend.test_full_run ____________________
2025-11-22T00:00:26.2533771Z 
2025-11-22T00:00:26.2534192Z self = <tests.test_iv_k6517b_simple_backend.TestIVK6517BSimpleBackend testMethod=test_full_run>
2025-11-22T00:00:26.2534910Z mock_show = <MagicMock name='show' id='140524063438928'>
2025-11-22T00:00:26.2535540Z mock_file = <MagicMock name='open' spec='builtin_function_or_method' id='140524063433168'>
2025-11-22T00:00:26.2536306Z mock_keithley_class = <MagicMock name='Keithley6517B' id='140524063426112'>
2025-11-22T00:00:26.2536934Z mock_input = <MagicMock name='input' id='140524064056432'>
2025-11-22T00:00:26.2537265Z 
2025-11-22T00:00:26.2537565Z     @patch('builtins.input', side_effect=['-10', '10', '5', '0.1', 'test_iv_simple.csv'])
2025-11-22T00:00:26.2538416Z     @patch('Keithley_6517B.High_Resistance.Backends.IV_K6517B_Simple_Backend_v10.Keithley6517B')
2025-11-22T00:00:26.2539117Z     @patch('builtins.open', new_callable=mock_open)
2025-11-22T00:00:26.2539574Z     @patch('matplotlib.pyplot.show')
2025-11-22T00:00:26.2540535Z     def test_full_run(self, mock_show, mock_file, mock_keithley_class, mock_input):
2025-11-22T00:00:26.2541068Z         """
2025-11-22T00:00:26.2541500Z         Tests a complete, successful run of the IV_K6517B_Simple_Backend script.
2025-11-22T00:00:26.2542008Z         """
2025-11-22T00:00:26.2542263Z         # --- Setup Mocks ---
2025-11-22T00:00:26.2542611Z         mock_instrument = MagicMock()
2025-11-22T00:00:26.2543008Z         # Set a mock ID for the connection message
2025-11-22T00:00:26.2543442Z         mock_instrument.id = "Mocked Keithley 6517B"
2025-11-22T00:00:26.2543865Z         # Simulate resistance measurement
2025-11-22T00:00:26.2544265Z         mock_instrument.resistance = 1.23e9
2025-11-22T00:00:26.2544703Z         mock_keithley_class.return_value = mock_instrument
2025-11-22T00:00:26.2545125Z     
2025-11-22T00:00:26.2545409Z         # --- Run the main function ---
2025-11-22T00:00:26.2545790Z         iv_simple_main()
2025-11-22T00:00:26.2546091Z     
2025-11-22T00:00:26.2546361Z         # --- Assertions ---
2025-11-22T00:00:26.2546775Z         # 1. Was the instrument initialized correctly?
2025-11-22T00:00:26.2547340Z >       mock_keithley_class.assert_called_once_with("GPIB1::27::INSTR")
2025-11-22T00:00:26.2547721Z 
2025-11-22T00:00:26.2547872Z tests/test_iv_k6517b_simple_backend.py:30: 
2025-11-22T00:00:26.2548317Z _ _ _ _ _ _ _ _ _ _ _ _ _ _ _ _ _ _ _ _ _ _ _ _ _ _ _ _ _ _ _ _ _ _ _ _ _ _ _ _ 
2025-11-22T00:00:26.2548628Z 
2025-11-22T00:00:26.2548834Z self = <MagicMock name='Keithley6517B' id='140524063426112'>
2025-11-22T00:00:26.2549332Z args = ('GPIB1::27::INSTR',), kwargs = {}
2025-11-22T00:00:26.2549855Z msg = "Expected 'Keithley6517B' to be called once. Called 0 times."
2025-11-22T00:00:26.2550400Z 
2025-11-22T00:00:26.2550588Z     def assert_called_once_with(self, /, *args, **kwargs):
2025-11-22T00:00:26.2551142Z         """assert that the mock was called exactly once and that that call was
2025-11-22T00:00:26.2551685Z         with the specified arguments."""
2025-11-22T00:00:26.2552062Z         if not self.call_count == 1:
2025-11-22T00:00:26.2552682Z             msg = ("Expected '%s' to be called once. Called %s times.%s"
2025-11-22T00:00:26.2553151Z                    % (self._mock_name or 'mock',
2025-11-22T00:00:26.2553511Z                       self.call_count,
2025-11-22T00:00:26.2553862Z                       self._calls_repr()))
2025-11-22T00:00:26.2554215Z >           raise AssertionError(msg)
2025-11-22T00:00:26.2554743Z E           AssertionError: Expected 'Keithley6517B' to be called once. Called 0 times.
2025-11-22T00:00:26.2555182Z 
2025-11-22T00:00:26.2555558Z /opt/hostedtoolcache/Python/3.10.19/x64/lib/python3.10/unittest/mock.py:940: AssertionError
2025-11-22T00:00:26.2556276Z ----------------------------- Captured stdout call -----------------------------
2025-11-22T00:00:26.2556752Z --- I-V Sweep Configuration ---
2025-11-22T00:00:26.2556962Z 
2025-11-22T00:00:26.2557191Z Attempting to connect to instrument at: GPIB1::27::INSTR
2025-11-22T00:00:26.2557506Z 
2025-11-22T00:00:26.2557735Z [Input Error] Please enter valid numbers for the sweep parameters.
2025-11-22T00:00:26.2558113Z 
2025-11-22T00:00:26.2558225Z No data to plot.
2025-11-22T00:00:26.2558697Z __________ TestMainFunctionAndUserInput.test_main_runs_and_completes ___________
2025-11-22T00:00:26.2559128Z 
2025-11-22T00:00:26.2559593Z self = <tests.test_t_control_l350_backend.TestMainFunctionAndUserInput testMethod=test_main_runs_and_completes>
2025-11-22T00:00:26.2560505Z mock_time = <MagicMock name='time' id='140524064101168'>
2025-11-22T00:00:26.2561119Z mock_open_file = <MagicMock name='open' spec='builtin_function_or_method' id='140524064109424'>
2025-11-22T00:00:26.2561731Z mock_plt_show = <MagicMock name='show' id='140524064110624'>
2025-11-22T00:00:26.2562259Z mock_ls_class = <MagicMock name='Lakeshore350' id='140524064558384'>
2025-11-22T00:00:26.2562776Z mock_input = <MagicMock name='input' id='140524064526528'>
2025-11-22T00:00:26.2563321Z mock_file_dialog = <MagicMock name='asksaveasfilename' id='140524064530752'>
2025-11-22T00:00:26.2564071Z mock_tk = <MagicMock name='Tk' id='140524064898064'>
2025-11-22T00:00:26.2564348Z 
2025-11-22T00:00:26.2564469Z     @patch('tkinter.Tk')
2025-11-22T00:00:26.2564932Z     @patch('tkinter.filedialog.asksaveasfilename', return_value='test.csv')
2025-11-22T00:00:26.2565534Z     @patch('builtins.input', side_effect=['10', '20', '5', '30'])
2025-11-22T00:00:26.2566144Z     @patch('Lakeshore_350_340.Backends.T_Control_L350_Simple_Backend_v10.Lakeshore350')
2025-11-22T00:00:26.2566711Z     @patch('matplotlib.pyplot.show')
2025-11-22T00:00:26.2567141Z     @patch('builtins.open', new_callable=mock_open)
2025-11-22T00:00:26.2567551Z     @patch('time.sleep', MagicMock())
2025-11-22T00:00:26.2567896Z     # Simulate time passing
2025-11-22T00:00:26.2568294Z     @patch('time.time', side_effect=[1000, 1002, 1004, 1006, 1008, 1010])
2025-11-22T00:00:26.2568842Z     def test_main_runs_and_completes(self, mock_time, mock_open_file,
2025-11-22T00:00:26.2569453Z                                      mock_plt_show, mock_ls_class, mock_input, mock_file_dialog, mock_tk):
2025-11-22T00:00:26.2569956Z         # --- MOCK SETUP ---
2025-11-22T00:00:26.2570493Z         mock_controller = MagicMock()
2025-11-22T00:00:26.2570878Z         mock_ls_class.return_value = mock_controller
2025-11-22T00:00:26.2571260Z     
2025-11-22T00:00:26.2571566Z         # Simulate temperature readings to control the loop
2025-11-22T00:00:26.2572006Z         # Start at 10K, then ramp up to 21K to finish
2025-11-22T00:00:26.2572437Z         mock_controller.get_temperature.side_effect = [
2025-11-22T00:00:26.2572836Z             10.0, 10.0, 10.0, 15.0, 21.0]
2025-11-22T00:00:26.2573253Z         mock_controller.get_heater_output.return_value = 25.0
2025-11-22T00:00:26.2573652Z     
2025-11-22T00:00:26.2573874Z         # --- RUN ---
2025-11-22T00:00:26.2574132Z         main()
2025-11-22T00:00:26.2574364Z     
2025-11-22T00:00:26.2574600Z         # --- ASSERTIONS ---
2025-11-22T00:00:26.2574927Z         # Check initialization
2025-11-22T00:00:26.2575265Z >       mock_ls_class.assert_called_once()
2025-11-22T00:00:26.2575692Z 
2025-11-22T00:00:26.2575853Z tests/test_t_control_l350_backend.py:119: 
2025-11-22T00:00:26.2576265Z _ _ _ _ _ _ _ _ _ _ _ _ _ _ _ _ _ _ _ _ _ _ _ _ _ _ _ _ _ _ _ _ _ _ _ _ _ _ _ _ 
2025-11-22T00:00:26.2576550Z 
2025-11-22T00:00:26.2576738Z self = <MagicMock name='Lakeshore350' id='140524064558384'>
2025-11-22T00:00:26.2577041Z 
2025-11-22T00:00:26.2577163Z     def assert_called_once(self):
2025-11-22T00:00:26.2577530Z         """assert that the mock was called only once.
2025-11-22T00:00:26.2577884Z         """
2025-11-22T00:00:26.2578135Z         if not self.call_count == 1:
2025-11-22T00:00:26.2578586Z             msg = ("Expected '%s' to have been called once. Called %s times.%s"
2025-11-22T00:00:26.2579047Z                    % (self._mock_name or 'mock',
2025-11-22T00:00:26.2579615Z                       self.call_count,
2025-11-22T00:00:26.2580012Z                       self._calls_repr()))
2025-11-22T00:00:26.2580526Z >           raise AssertionError(msg)
2025-11-22T00:00:26.2581075Z E           AssertionError: Expected 'Lakeshore350' to have been called once. Called 0 times.
2025-11-22T00:00:26.2581507Z 
2025-11-22T00:00:26.2581876Z /opt/hostedtoolcache/Python/3.10.19/x64/lib/python3.10/unittest/mock.py:908: AssertionError
2025-11-22T00:00:26.2582595Z ----------------------------- Captured stdout call -----------------------------
2025-11-22T00:00:26.2583065Z Connecting to instrument...
2025-11-22T00:00:26.2583266Z 
2025-11-22T00:00:26.2584127Z An unexpected error occurred: Please install linux-gpib (Linux) or gpib-ctypes (Windows, Linux) to use this resource type. Note that installing gpib-ctypes will give you access to a broader range of functionalities.
2025-11-22T00:00:26.2585230Z No module named 'gpib'
2025-11-22T00:00:26.2585427Z 
2025-11-22T00:00:26.2585593Z Experiment finished. Plot window can be closed.
2025-11-22T00:00:26.2586549Z - generated xml file: /home/runner/work/PICA-Python-Instrument-Control-and-Automation/PICA-Python-Instrument-Control-and-Automation/junit.xml -
2025-11-22T00:00:26.2587737Z ================================ tests coverage ================================
2025-11-22T00:00:26.2588286Z _______________ coverage: platform linux, python 3.10.19-final-0 _______________
2025-11-22T00:00:26.2588650Z 
2025-11-22T00:00:26.2588799Z Coverage XML written to file coverage.xml
2025-11-22T00:00:26.2589210Z =========================== short test summary info ============================
2025-11-22T00:00:26.2590012Z FAILED tests/test_fixes.py::TestFixes::test_iv_k2400_fix - Exception: Force Test Exit
2025-11-22T00:00:26.2591177Z FAILED tests/test_gui_iv_k2400.py::TestIVK2400GUI::test_start_measurement_logic - ValueError: not enough values to unpack (expected 2, got 0)
2025-11-22T00:00:26.2593015Z FAILED tests/test_iv_k2400_loop_backend.py::TestIVK2400LoopBackend::test_main_full_run - ValueError: Please install linux-gpib (Linux) or gpib-ctypes (Windows, Linux) to use this resource type. Note that installing gpib-ctypes will give you access to a broader range of functionalities.
2025-11-22T00:00:26.2594619Z No module named 'gpib'
2025-11-22T00:00:26.2595491Z FAILED tests/test_iv_k6517b_simple_backend.py::TestIVK6517BSimpleBackend::test_full_run - AssertionError: Expected 'Keithley6517B' to be called once. Called 0 times.
2025-11-22T00:00:26.2597090Z FAILED tests/test_t_control_l350_backend.py::TestMainFunctionAndUserInput::test_main_runs_and_completes - AssertionError: Expected 'Lakeshore350' to have been called once. Called 0 times.
2025-11-22T00:00:26.2598157Z ======================== 5 failed, 28 passed in 34.78s =========================
2025-11-22T00:00:26.4087821Z ##[error]Process completed with exit code 1.
2025-11-22T00:00:26.4188053Z ##[group]Run codecov/test-results-action@v1
2025-11-22T00:00:26.4188333Z with:
2025-11-22T00:00:26.4188655Z   token: ***
2025-11-22T00:00:26.4188827Z   files: ./junit.xml
2025-11-22T00:00:26.4189002Z env:
2025-11-22T00:00:26.4189242Z   pythonLocation: /opt/hostedtoolcache/Python/3.10.19/x64
2025-11-22T00:00:26.4189627Z   PKG_CONFIG_PATH: /opt/hostedtoolcache/Python/3.10.19/x64/lib/pkgconfig
2025-11-22T00:00:26.4189994Z   Python_ROOT_DIR: /opt/hostedtoolcache/Python/3.10.19/x64
2025-11-22T00:00:26.4190682Z   Python2_ROOT_DIR: /opt/hostedtoolcache/Python/3.10.19/x64
2025-11-22T00:00:26.4191022Z   Python3_ROOT_DIR: /opt/hostedtoolcache/Python/3.10.19/x64
2025-11-22T00:00:26.4191354Z   LD_LIBRARY_PATH: /opt/hostedtoolcache/Python/3.10.19/x64/lib
2025-11-22T00:00:26.4191631Z ##[endgroup]
2025-11-22T00:00:26.5020984Z ==> linux OS detected
2025-11-22T00:00:26.7195847Z https://cli.codecov.io/latest/linux/codecov.SHA256SUM
2025-11-22T00:00:26.8093631Z gpg: directory '/home/runner/.gnupg' created
2025-11-22T00:00:26.8127444Z gpg: keybox '/home/runner/.gnupg/pubring.kbx' created
2025-11-22T00:00:26.8256369Z gpg: /home/runner/.gnupg/trustdb.gpg: trustdb created
2025-11-22T00:00:26.8257324Z gpg: key 806BB28AED779869: public key "Codecov Uploader (Codecov Uploader Verification Key) <security@codecov.io>" imported
2025-11-22T00:00:26.8528933Z gpg: Total number processed: 1
2025-11-22T00:00:26.8529365Z gpg:               imported: 1
2025-11-22T00:00:26.8577140Z gpg: Signature made Mon Nov 10 14:58:43 2025 UTC
2025-11-22T00:00:26.8577734Z gpg:                using RSA key 27034E7FDB850E0BBC2C62FF806BB28AED779869
2025-11-22T00:00:26.8580773Z gpg: Good signature from "Codecov Uploader (Codecov Uploader Verification Key) <security@codecov.io>" [unknown]
2025-11-22T00:00:26.8581707Z gpg: WARNING: This key is not certified with a trusted signature!
2025-11-22T00:00:26.8582360Z gpg:          There is no indication that the signature belongs to the owner.
2025-11-22T00:00:26.8583092Z Primary key fingerprint: 2703 4E7F DB85 0E0B BC2C  62FF 806B B28A ED77 9869
2025-11-22T00:00:26.8813183Z ==> Uploader SHASUM verified (80b5e6f898d6080be523f53ff169702a008a1c91b20c63c49df1175ed794d822  codecov)
2025-11-22T00:00:26.8814017Z ==> Running version latest
2025-11-22T00:00:26.8818714Z eventName: push
2025-11-22T00:00:26.8825062Z ==> Running command '/home/runner/work/_actions/codecov/test-results-action/v1/dist/codecov do-upload'
2025-11-22T00:00:26.8841787Z [command]/home/runner/work/_actions/codecov/test-results-action/v1/dist/codecov do-upload -f ./junit.xml --report-type test_results
2025-11-22T00:00:27.2322651Z info - 2025-11-22 00:00:27,231 -- ci service found: github-actions
2025-11-22T00:00:27.2418711Z warning - 2025-11-22 00:00:27,241 -- No config file could be found. Ignoring config.
2025-11-22T00:00:27.3016513Z info - 2025-11-22 00:00:27,301 -- Found 1 test_results files to report
2025-11-22T00:00:27.3021446Z info - 2025-11-22 00:00:27,301 -- > /home/runner/work/PICA-Python-Instrument-Control-and-Automation/PICA-Python-Instrument-Control-and-Automation/junit.xml
2025-11-22T00:00:27.7689217Z info - 2025-11-22 00:00:27,768 -- Process Upload complete
2025-11-22T00:00:27.9186727Z Post job cleanup.
2025-11-22T00:00:27.9892596Z [command]/usr/bin/git version
2025-11-22T00:00:27.9926272Z git version 2.51.2
2025-11-22T00:00:27.9967741Z Temporarily overriding HOME='/home/runner/work/_temp/e97803ab-94d6-49dc-ae9a-9c0595da1fc1' before making global git config changes
2025-11-22T00:00:27.9968589Z Adding repository directory to the temporary git global config as a safe directory
2025-11-22T00:00:27.9971881Z [command]/usr/bin/git config --global --add safe.directory /home/runner/work/PICA-Python-Instrument-Control-and-Automation/PICA-Python-Instrument-Control-and-Automation
2025-11-22T00:00:28.0001061Z [command]/usr/bin/git config --local --name-only --get-regexp core\.sshCommand
2025-11-22T00:00:28.0028599Z [command]/usr/bin/git submodule foreach --recursive sh -c "git config --local --name-only --get-regexp 'core\.sshCommand' && git config --local --unset-all 'core.sshCommand' || :"
2025-11-22T00:00:28.0255903Z [command]/usr/bin/git config --local --name-only --get-regexp http\.https\:\/\/github\.com\/\.extraheader
2025-11-22T00:00:28.0275448Z http.https://github.com/.extraheader
2025-11-22T00:00:28.0287439Z [command]/usr/bin/git config --local --unset-all http.https://github.com/.extraheader
2025-11-22T00:00:28.0315569Z [command]/usr/bin/git submodule foreach --recursive sh -c "git config --local --name-only --get-regexp 'http\.https\:\/\/github\.com\/\.extraheader' && git config --local --unset-all 'http.https://github.com/.extraheader' || :"
2025-11-22T00:00:28.0635565Z Cleaning up orphan processes
