2025-11-21T22:23:32.6100753Z Current runner version: '2.329.0'
2025-11-21T22:23:32.6123952Z ##[group]Runner Image Provisioner
2025-11-21T22:23:32.6124778Z Hosted Compute Agent
2025-11-21T22:23:32.6125405Z Version: 20251016.436
2025-11-21T22:23:32.6126019Z Commit: 8ab8ac8bfd662a3739dab9fe09456aba92132568
2025-11-21T22:23:32.6126709Z Build Date: 2025-10-15T20:44:12Z
2025-11-21T22:23:32.6127348Z ##[endgroup]
2025-11-21T22:23:32.6127922Z ##[group]Operating System
2025-11-21T22:23:32.6128451Z Ubuntu
2025-11-21T22:23:32.6128979Z 24.04.3
2025-11-21T22:23:32.6129412Z LTS
2025-11-21T22:23:32.6129872Z ##[endgroup]
2025-11-21T22:23:32.6130389Z ##[group]Runner Image
2025-11-21T22:23:32.6130987Z Image: ubuntu-24.04
2025-11-21T22:23:32.6131499Z Version: 20251112.124.1
2025-11-21T22:23:32.6132505Z Included Software: https://github.com/actions/runner-images/blob/ubuntu24/20251112.124/images/ubuntu/Ubuntu2404-Readme.md
2025-11-21T22:23:32.6134238Z Image Release: https://github.com/actions/runner-images/releases/tag/ubuntu24%2F20251112.124
2025-11-21T22:23:32.6135319Z ##[endgroup]
2025-11-21T22:23:32.6136399Z ##[group]GITHUB_TOKEN Permissions
2025-11-21T22:23:32.6138483Z Contents: read
2025-11-21T22:23:32.6139025Z Metadata: read
2025-11-21T22:23:32.6139556Z Packages: read
2025-11-21T22:23:32.6140014Z ##[endgroup]
2025-11-21T22:23:32.6142057Z Secret source: Actions
2025-11-21T22:23:32.6142739Z Prepare workflow directory
2025-11-21T22:23:32.6481752Z Prepare all required actions
2025-11-21T22:23:32.6520757Z Getting action download info
2025-11-21T22:23:33.0464283Z Download action repository 'actions/checkout@v3' (SHA:f43a0e5ff2bd294095638e18286ca9a3d1956744)
2025-11-21T22:23:33.1698151Z Download action repository 'actions/setup-python@v4' (SHA:7f4fc3e22c37d6ff65e88745f38bd3157c663f7c)
2025-11-21T22:23:33.2854578Z Download action repository 'codecov/codecov-action@v3' (SHA:ab904c41d6ece82784817410c45d8b8c02684457)
2025-11-21T22:23:33.9926781Z Complete job name: test
2025-11-21T22:23:34.0680814Z ##[group]Run actions/checkout@v3
2025-11-21T22:23:34.0681824Z with:
2025-11-21T22:23:34.0682803Z   repository: prathameshnium/PICA-Python-Instrument-Control-and-Automation
2025-11-21T22:23:34.0684413Z   token: ***
2025-11-21T22:23:34.0684904Z   ssh-strict: true
2025-11-21T22:23:34.0685467Z   persist-credentials: true
2025-11-21T22:23:34.0686086Z   clean: true
2025-11-21T22:23:34.0686613Z   sparse-checkout-cone-mode: true
2025-11-21T22:23:34.0687293Z   fetch-depth: 1
2025-11-21T22:23:34.0687799Z   fetch-tags: false
2025-11-21T22:23:34.0688294Z   lfs: false
2025-11-21T22:23:34.0688774Z   submodules: false
2025-11-21T22:23:34.0689315Z   set-safe-directory: true
2025-11-21T22:23:34.0690164Z ##[endgroup]
2025-11-21T22:23:34.1552758Z Syncing repository: prathameshnium/PICA-Python-Instrument-Control-and-Automation
2025-11-21T22:23:34.1555893Z ##[group]Getting Git version info
2025-11-21T22:23:34.1557989Z Working directory is '/home/runner/work/PICA-Python-Instrument-Control-and-Automation/PICA-Python-Instrument-Control-and-Automation'
2025-11-21T22:23:34.1560636Z [command]/usr/bin/git version
2025-11-21T22:23:34.1632599Z git version 2.51.2
2025-11-21T22:23:34.1660340Z ##[endgroup]
2025-11-21T22:23:34.1677489Z Temporarily overriding HOME='/home/runner/work/_temp/82f668a3-c7a6-4480-a8ce-eba8a963c05f' before making global git config changes
2025-11-21T22:23:34.1681724Z Adding repository directory to the temporary git global config as a safe directory
2025-11-21T22:23:34.1686591Z [command]/usr/bin/git config --global --add safe.directory /home/runner/work/PICA-Python-Instrument-Control-and-Automation/PICA-Python-Instrument-Control-and-Automation
2025-11-21T22:23:34.1719050Z Deleting the contents of '/home/runner/work/PICA-Python-Instrument-Control-and-Automation/PICA-Python-Instrument-Control-and-Automation'
2025-11-21T22:23:34.1724183Z ##[group]Initializing the repository
2025-11-21T22:23:34.1727909Z [command]/usr/bin/git init /home/runner/work/PICA-Python-Instrument-Control-and-Automation/PICA-Python-Instrument-Control-and-Automation
2025-11-21T22:23:34.1846221Z hint: Using 'master' as the name for the initial branch. This default branch name
2025-11-21T22:23:34.1849278Z hint: is subject to change. To configure the initial branch name to use in all
2025-11-21T22:23:34.1851995Z hint: of your new repositories, which will suppress this warning, call:
2025-11-21T22:23:34.1854049Z hint:
2025-11-21T22:23:34.1854857Z hint: 	git config --global init.defaultBranch <name>
2025-11-21T22:23:34.1855841Z hint:
2025-11-21T22:23:34.1857094Z hint: Names commonly chosen instead of 'master' are 'main', 'trunk' and
2025-11-21T22:23:34.1858781Z hint: 'development'. The just-created branch can be renamed via this command:
2025-11-21T22:23:34.1860293Z hint:
2025-11-21T22:23:34.1860777Z hint: 	git branch -m <name>
2025-11-21T22:23:34.1861364Z hint:
2025-11-21T22:23:34.1862236Z hint: Disable this message with "git config set advice.defaultBranchName false"
2025-11-21T22:23:34.1865125Z Initialized empty Git repository in /home/runner/work/PICA-Python-Instrument-Control-and-Automation/PICA-Python-Instrument-Control-and-Automation/.git/
2025-11-21T22:23:34.1869111Z [command]/usr/bin/git remote add origin https://github.com/prathameshnium/PICA-Python-Instrument-Control-and-Automation
2025-11-21T22:23:34.1897855Z ##[endgroup]
2025-11-21T22:23:34.1898855Z ##[group]Disabling automatic garbage collection
2025-11-21T22:23:34.1900570Z [command]/usr/bin/git config --local gc.auto 0
2025-11-21T22:23:34.1928396Z ##[endgroup]
2025-11-21T22:23:34.1930022Z ##[group]Setting up auth
2025-11-21T22:23:34.1934667Z [command]/usr/bin/git config --local --name-only --get-regexp core\.sshCommand
2025-11-21T22:23:34.1963530Z [command]/usr/bin/git submodule foreach --recursive sh -c "git config --local --name-only --get-regexp 'core\.sshCommand' && git config --local --unset-all 'core.sshCommand' || :"
2025-11-21T22:23:34.2317817Z [command]/usr/bin/git config --local --name-only --get-regexp http\.https\:\/\/github\.com\/\.extraheader
2025-11-21T22:23:34.2347343Z [command]/usr/bin/git submodule foreach --recursive sh -c "git config --local --name-only --get-regexp 'http\.https\:\/\/github\.com\/\.extraheader' && git config --local --unset-all 'http.https://github.com/.extraheader' || :"
2025-11-21T22:23:34.2567146Z [command]/usr/bin/git config --local http.https://github.com/.extraheader AUTHORIZATION: basic ***
2025-11-21T22:23:34.2600212Z ##[endgroup]
2025-11-21T22:23:34.2602190Z ##[group]Fetching the repository
2025-11-21T22:23:34.2611383Z [command]/usr/bin/git -c protocol.version=2 fetch --no-tags --prune --progress --no-recurse-submodules --depth=1 origin +148ea2036a9f47f4ca014f1bc82a93075c4d4f6d:refs/remotes/origin/main
2025-11-21T22:23:34.6139887Z remote: Enumerating objects: 116, done.        
2025-11-21T22:23:34.6141580Z remote: Counting objects:   0% (1/116)        
2025-11-21T22:23:34.6142746Z remote: Counting objects:   1% (2/116)        
2025-11-21T22:23:34.6144177Z remote: Counting objects:   2% (3/116)        
2025-11-21T22:23:34.6145334Z remote: Counting objects:   3% (4/116)        
2025-11-21T22:23:34.6146469Z remote: Counting objects:   4% (5/116)        
2025-11-21T22:23:34.6147552Z remote: Counting objects:   5% (6/116)        
2025-11-21T22:23:34.6148513Z remote: Counting objects:   6% (7/116)        
2025-11-21T22:23:34.6149475Z remote: Counting objects:   7% (9/116)        
2025-11-21T22:23:34.6150434Z remote: Counting objects:   8% (10/116)        
2025-11-21T22:23:34.6151399Z remote: Counting objects:   9% (11/116)        
2025-11-21T22:23:34.6152362Z remote: Counting objects:  10% (12/116)        
2025-11-21T22:23:34.6153529Z remote: Counting objects:  11% (13/116)        
2025-11-21T22:23:34.6154561Z remote: Counting objects:  12% (14/116)        
2025-11-21T22:23:34.6155612Z remote: Counting objects:  13% (16/116)        
2025-11-21T22:23:34.6156662Z remote: Counting objects:  14% (17/116)        
2025-11-21T22:23:34.6157724Z remote: Counting objects:  15% (18/116)        
2025-11-21T22:23:34.6158833Z remote: Counting objects:  16% (19/116)        
2025-11-21T22:23:34.6159941Z remote: Counting objects:  17% (20/116)        
2025-11-21T22:23:34.6161347Z remote: Counting objects:  18% (21/116)        
2025-11-21T22:23:34.6162512Z remote: Counting objects:  19% (23/116)        
2025-11-21T22:23:34.6163891Z remote: Counting objects:  20% (24/116)        
2025-11-21T22:23:34.6165058Z remote: Counting objects:  21% (25/116)        
2025-11-21T22:23:34.6166219Z remote: Counting objects:  22% (26/116)        
2025-11-21T22:23:34.6167468Z remote: Counting objects:  23% (27/116)        
2025-11-21T22:23:34.6168784Z remote: Counting objects:  24% (28/116)        
2025-11-21T22:23:34.6170097Z remote: Counting objects:  25% (29/116)        
2025-11-21T22:23:34.6171417Z remote: Counting objects:  26% (31/116)        
2025-11-21T22:23:34.6172772Z remote: Counting objects:  27% (32/116)        
2025-11-21T22:23:34.6174351Z remote: Counting objects:  28% (33/116)        
2025-11-21T22:23:34.6175680Z remote: Counting objects:  29% (34/116)        
2025-11-21T22:23:34.6177033Z remote: Counting objects:  30% (35/116)        
2025-11-21T22:23:34.6178390Z remote: Counting objects:  31% (36/116)        
2025-11-21T22:23:34.6179731Z remote: Counting objects:  32% (38/116)        
2025-11-21T22:23:34.6181065Z remote: Counting objects:  33% (39/116)        
2025-11-21T22:23:34.6182406Z remote: Counting objects:  34% (40/116)        
2025-11-21T22:23:34.6183995Z remote: Counting objects:  35% (41/116)        
2025-11-21T22:23:34.6185343Z remote: Counting objects:  36% (42/116)        
2025-11-21T22:23:34.6186678Z remote: Counting objects:  37% (43/116)        
2025-11-21T22:23:34.6188046Z remote: Counting objects:  38% (45/116)        
2025-11-21T22:23:34.6189401Z remote: Counting objects:  39% (46/116)        
2025-11-21T22:23:34.6190733Z remote: Counting objects:  40% (47/116)        
2025-11-21T22:23:34.6192077Z remote: Counting objects:  41% (48/116)        
2025-11-21T22:23:34.6193587Z remote: Counting objects:  42% (49/116)        
2025-11-21T22:23:34.6195096Z remote: Counting objects:  43% (50/116)        
2025-11-21T22:23:34.6196425Z remote: Counting objects:  44% (52/116)        
2025-11-21T22:23:34.6197764Z remote: Counting objects:  45% (53/116)        
2025-11-21T22:23:34.6199056Z remote: Counting objects:  46% (54/116)        
2025-11-21T22:23:34.6200710Z remote: Counting objects:  47% (55/116)        
2025-11-21T22:23:34.6202672Z remote: Counting objects:  48% (56/116)        
2025-11-21T22:23:34.6204249Z remote: Counting objects:  49% (57/116)        
2025-11-21T22:23:34.6205517Z remote: Counting objects:  50% (58/116)        
2025-11-21T22:23:34.6206778Z remote: Counting objects:  51% (60/116)        
2025-11-21T22:23:34.6208030Z remote: Counting objects:  52% (61/116)        
2025-11-21T22:23:34.6209289Z remote: Counting objects:  53% (62/116)        
2025-11-21T22:23:34.6210562Z remote: Counting objects:  54% (63/116)        
2025-11-21T22:23:34.6211830Z remote: Counting objects:  55% (64/116)        
2025-11-21T22:23:34.6213250Z remote: Counting objects:  56% (65/116)        
2025-11-21T22:23:34.6214512Z remote: Counting objects:  57% (67/116)        
2025-11-21T22:23:34.6215758Z remote: Counting objects:  58% (68/116)        
2025-11-21T22:23:34.6217002Z remote: Counting objects:  59% (69/116)        
2025-11-21T22:23:34.6218231Z remote: Counting objects:  60% (70/116)        
2025-11-21T22:23:34.6219468Z remote: Counting objects:  61% (71/116)        
2025-11-21T22:23:34.6220706Z remote: Counting objects:  62% (72/116)        
2025-11-21T22:23:34.6221934Z remote: Counting objects:  63% (74/116)        
2025-11-21T22:23:34.6223417Z remote: Counting objects:  64% (75/116)        
2025-11-21T22:23:34.6224680Z remote: Counting objects:  65% (76/116)        
2025-11-21T22:23:34.6225943Z remote: Counting objects:  66% (77/116)        
2025-11-21T22:23:34.6227183Z remote: Counting objects:  67% (78/116)        
2025-11-21T22:23:34.6228430Z remote: Counting objects:  68% (79/116)        
2025-11-21T22:23:34.6229698Z remote: Counting objects:  69% (81/116)        
2025-11-21T22:23:34.6230939Z remote: Counting objects:  70% (82/116)        
2025-11-21T22:23:34.6232374Z remote: Counting objects:  71% (83/116)        
2025-11-21T22:23:34.6233867Z remote: Counting objects:  72% (84/116)        
2025-11-21T22:23:34.6235133Z remote: Counting objects:  73% (85/116)        
2025-11-21T22:23:34.6236382Z remote: Counting objects:  74% (86/116)        
2025-11-21T22:23:34.6237615Z remote: Counting objects:  75% (87/116)        
2025-11-21T22:23:34.6238870Z remote: Counting objects:  76% (89/116)        
2025-11-21T22:23:34.6240136Z remote: Counting objects:  77% (90/116)        
2025-11-21T22:23:34.6241391Z remote: Counting objects:  78% (91/116)        
2025-11-21T22:23:34.6242641Z remote: Counting objects:  79% (92/116)        
2025-11-21T22:23:34.6244055Z remote: Counting objects:  80% (93/116)        
2025-11-21T22:23:34.6245311Z remote: Counting objects:  81% (94/116)        
2025-11-21T22:23:34.6246576Z remote: Counting objects:  82% (96/116)        
2025-11-21T22:23:34.6247842Z remote: Counting objects:  83% (97/116)        
2025-11-21T22:23:34.6249095Z remote: Counting objects:  84% (98/116)        
2025-11-21T22:23:34.6250356Z remote: Counting objects:  85% (99/116)        
2025-11-21T22:23:34.6251609Z remote: Counting objects:  86% (100/116)        
2025-11-21T22:23:34.6252873Z remote: Counting objects:  87% (101/116)        
2025-11-21T22:23:34.6254224Z remote: Counting objects:  88% (103/116)        
2025-11-21T22:23:34.6255529Z remote: Counting objects:  89% (104/116)        
2025-11-21T22:23:34.6256784Z remote: Counting objects:  90% (105/116)        
2025-11-21T22:23:34.6258032Z remote: Counting objects:  91% (106/116)        
2025-11-21T22:23:34.6259279Z remote: Counting objects:  92% (107/116)        
2025-11-21T22:23:34.6260525Z remote: Counting objects:  93% (108/116)        
2025-11-21T22:23:34.6261772Z remote: Counting objects:  94% (110/116)        
2025-11-21T22:23:34.6263011Z remote: Counting objects:  95% (111/116)        
2025-11-21T22:23:34.6264495Z remote: Counting objects:  96% (112/116)        
2025-11-21T22:23:34.6265741Z remote: Counting objects:  97% (113/116)        
2025-11-21T22:23:34.6267089Z remote: Counting objects:  98% (114/116)        
2025-11-21T22:23:34.6268519Z remote: Counting objects:  99% (115/116)        
2025-11-21T22:23:34.6269740Z remote: Counting objects: 100% (116/116)        
2025-11-21T22:23:34.6271027Z remote: Counting objects: 100% (116/116), done.        
2025-11-21T22:23:34.6272324Z remote: Compressing objects:   0% (1/110)        
2025-11-21T22:23:34.6273654Z remote: Compressing objects:   1% (2/110)        
2025-11-21T22:23:34.6274871Z remote: Compressing objects:   2% (3/110)        
2025-11-21T22:23:34.6276100Z remote: Compressing objects:   3% (4/110)        
2025-11-21T22:23:34.6277326Z remote: Compressing objects:   4% (5/110)        
2025-11-21T22:23:34.6278552Z remote: Compressing objects:   5% (6/110)        
2025-11-21T22:23:34.6279782Z remote: Compressing objects:   6% (7/110)        
2025-11-21T22:23:34.6281013Z remote: Compressing objects:   7% (8/110)        
2025-11-21T22:23:34.6282244Z remote: Compressing objects:   8% (9/110)        
2025-11-21T22:23:34.6283573Z remote: Compressing objects:   9% (10/110)        
2025-11-21T22:23:34.6284811Z remote: Compressing objects:  10% (11/110)        
2025-11-21T22:23:34.6286041Z remote: Compressing objects:  11% (13/110)        
2025-11-21T22:23:34.6287262Z remote: Compressing objects:  12% (14/110)        
2025-11-21T22:23:34.6288483Z remote: Compressing objects:  13% (15/110)        
2025-11-21T22:23:34.6589919Z remote: Compressing objects:  14% (16/110)        
2025-11-21T22:23:34.6592112Z remote: Compressing objects:  15% (17/110)        
2025-11-21T22:23:34.6594018Z remote: Compressing objects:  16% (18/110)        
2025-11-21T22:23:34.6595530Z remote: Compressing objects:  17% (19/110)        
2025-11-21T22:23:34.6597038Z remote: Compressing objects:  18% (20/110)        
2025-11-21T22:23:34.6598438Z remote: Compressing objects:  19% (21/110)        
2025-11-21T22:23:34.6599755Z remote: Compressing objects:  20% (22/110)        
2025-11-21T22:23:34.6601044Z remote: Compressing objects:  21% (24/110)        
2025-11-21T22:23:34.6602545Z remote: Compressing objects:  22% (25/110)        
2025-11-21T22:23:34.6603967Z remote: Compressing objects:  23% (26/110)        
2025-11-21T22:23:34.6605242Z remote: Compressing objects:  24% (27/110)        
2025-11-21T22:23:34.6606525Z remote: Compressing objects:  25% (28/110)        
2025-11-21T22:23:34.6607829Z remote: Compressing objects:  26% (29/110)        
2025-11-21T22:23:34.6609117Z remote: Compressing objects:  27% (30/110)        
2025-11-21T22:23:34.6610383Z remote: Compressing objects:  28% (31/110)        
2025-11-21T22:23:34.6611648Z remote: Compressing objects:  29% (32/110)        
2025-11-21T22:23:34.6612890Z remote: Compressing objects:  30% (33/110)        
2025-11-21T22:23:34.6614232Z remote: Compressing objects:  31% (35/110)        
2025-11-21T22:23:34.6615493Z remote: Compressing objects:  32% (36/110)        
2025-11-21T22:23:34.6616765Z remote: Compressing objects:  33% (37/110)        
2025-11-21T22:23:34.6618047Z remote: Compressing objects:  34% (38/110)        
2025-11-21T22:23:34.6726091Z remote: Compressing objects:  35% (39/110)        
2025-11-21T22:23:34.6727393Z remote: Compressing objects:  36% (40/110)        
2025-11-21T22:23:34.6728681Z remote: Compressing objects:  37% (41/110)        
2025-11-21T22:23:34.6729984Z remote: Compressing objects:  38% (42/110)        
2025-11-21T22:23:34.6731241Z remote: Compressing objects:  39% (43/110)        
2025-11-21T22:23:34.6732513Z remote: Compressing objects:  40% (44/110)        
2025-11-21T22:23:34.6734056Z remote: Compressing objects:  41% (46/110)        
2025-11-21T22:23:34.6735323Z remote: Compressing objects:  42% (47/110)        
2025-11-21T22:23:34.6736572Z remote: Compressing objects:  43% (48/110)        
2025-11-21T22:23:34.6737825Z remote: Compressing objects:  44% (49/110)        
2025-11-21T22:23:34.6739277Z remote: Compressing objects:  45% (50/110)        
2025-11-21T22:23:34.6740534Z remote: Compressing objects:  46% (51/110)        
2025-11-21T22:23:34.6741790Z remote: Compressing objects:  47% (52/110)        
2025-11-21T22:23:34.6743158Z remote: Compressing objects:  48% (53/110)        
2025-11-21T22:23:34.6744403Z remote: Compressing objects:  49% (54/110)        
2025-11-21T22:23:34.6745669Z remote: Compressing objects:  50% (55/110)        
2025-11-21T22:23:34.6792135Z remote: Compressing objects:  51% (57/110)        
2025-11-21T22:23:34.6794106Z remote: Compressing objects:  52% (58/110)        
2025-11-21T22:23:34.7233427Z remote: Compressing objects:  53% (59/110)        
2025-11-21T22:23:34.7235182Z remote: Compressing objects:  54% (60/110)        
2025-11-21T22:23:34.7236841Z remote: Compressing objects:  55% (61/110)        
2025-11-21T22:23:34.7239541Z remote: Compressing objects:  56% (62/110)        
2025-11-21T22:23:34.7241169Z remote: Compressing objects:  57% (63/110)        
2025-11-21T22:23:34.7242777Z remote: Compressing objects:  58% (64/110)        
2025-11-21T22:23:34.7244546Z remote: Compressing objects:  59% (65/110)        
2025-11-21T22:23:34.7246137Z remote: Compressing objects:  60% (66/110)        
2025-11-21T22:23:34.7247701Z remote: Compressing objects:  61% (68/110)        
2025-11-21T22:23:34.7249276Z remote: Compressing objects:  62% (69/110)        
2025-11-21T22:23:34.7250895Z remote: Compressing objects:  63% (70/110)        
2025-11-21T22:23:34.7252836Z remote: Compressing objects:  64% (71/110)        
2025-11-21T22:23:34.7254522Z remote: Compressing objects:  65% (72/110)        
2025-11-21T22:23:34.7255731Z remote: Compressing objects:  66% (73/110)        
2025-11-21T22:23:34.7256941Z remote: Compressing objects:  67% (74/110)        
2025-11-21T22:23:34.7258380Z remote: Compressing objects:  68% (75/110)        
2025-11-21T22:23:34.7259586Z remote: Compressing objects:  69% (76/110)        
2025-11-21T22:23:34.7260787Z remote: Compressing objects:  70% (77/110)        
2025-11-21T22:23:34.7261996Z remote: Compressing objects:  71% (79/110)        
2025-11-21T22:23:34.7263389Z remote: Compressing objects:  72% (80/110)        
2025-11-21T22:23:34.7264833Z remote: Compressing objects:  73% (81/110)        
2025-11-21T22:23:34.7266044Z remote: Compressing objects:  74% (82/110)        
2025-11-21T22:23:34.7267238Z remote: Compressing objects:  75% (83/110)        
2025-11-21T22:23:34.7268441Z remote: Compressing objects:  76% (84/110)        
2025-11-21T22:23:34.7269650Z remote: Compressing objects:  77% (85/110)        
2025-11-21T22:23:34.7270850Z remote: Compressing objects:  78% (86/110)        
2025-11-21T22:23:34.7272086Z remote: Compressing objects:  79% (87/110)        
2025-11-21T22:23:34.7273534Z remote: Compressing objects:  80% (88/110)        
2025-11-21T22:23:34.7274762Z remote: Compressing objects:  81% (90/110)        
2025-11-21T22:23:34.7275966Z remote: Compressing objects:  82% (91/110)        
2025-11-21T22:23:34.7277163Z remote: Compressing objects:  83% (92/110)        
2025-11-21T22:23:34.7278368Z remote: Compressing objects:  84% (93/110)        
2025-11-21T22:23:34.7279571Z remote: Compressing objects:  85% (94/110)        
2025-11-21T22:23:34.7280779Z remote: Compressing objects:  86% (95/110)        
2025-11-21T22:23:34.7281960Z remote: Compressing objects:  87% (96/110)        
2025-11-21T22:23:34.7283405Z remote: Compressing objects:  88% (97/110)        
2025-11-21T22:23:34.7284617Z remote: Compressing objects:  89% (98/110)        
2025-11-21T22:23:34.7286315Z remote: Compressing objects:  90% (99/110)        
2025-11-21T22:23:34.7288264Z remote: Compressing objects:  91% (101/110)        
2025-11-21T22:23:34.7289517Z remote: Compressing objects:  92% (102/110)        
2025-11-21T22:23:34.7291044Z remote: Compressing objects:  93% (103/110)        
2025-11-21T22:23:34.7292730Z remote: Compressing objects:  94% (104/110)        
2025-11-21T22:23:34.7294216Z remote: Compressing objects:  95% (105/110)        
2025-11-21T22:23:34.7295614Z remote: Compressing objects:  96% (106/110)        
2025-11-21T22:23:34.7296841Z remote: Compressing objects:  97% (107/110)        
2025-11-21T22:23:34.7298095Z remote: Compressing objects:  98% (108/110)        
2025-11-21T22:23:34.7299307Z remote: Compressing objects:  99% (109/110)        
2025-11-21T22:23:34.7300513Z remote: Compressing objects: 100% (110/110)        
2025-11-21T22:23:34.7301799Z remote: Compressing objects: 100% (110/110), done.        
2025-11-21T22:23:34.7303027Z Receiving objects:   0% (1/116)
2025-11-21T22:23:34.7304205Z Receiving objects:   1% (2/116)
2025-11-21T22:23:34.7305110Z Receiving objects:   2% (3/116)
2025-11-21T22:23:34.7306010Z Receiving objects:   3% (4/116)
2025-11-21T22:23:34.7306919Z Receiving objects:   4% (5/116)
2025-11-21T22:23:34.7307810Z Receiving objects:   5% (6/116)
2025-11-21T22:23:34.7494415Z Receiving objects:   6% (7/116)
2025-11-21T22:23:34.7496378Z Receiving objects:   7% (9/116)
2025-11-21T22:23:34.7498225Z Receiving objects:   8% (10/116)
2025-11-21T22:23:34.7499469Z Receiving objects:   9% (11/116)
2025-11-21T22:23:34.7501005Z Receiving objects:  10% (12/116)
2025-11-21T22:23:34.7502245Z Receiving objects:  11% (13/116)
2025-11-21T22:23:34.7503715Z Receiving objects:  12% (14/116)
2025-11-21T22:23:34.7505807Z Receiving objects:  13% (16/116)
2025-11-21T22:23:34.7508082Z Receiving objects:  14% (17/116)
2025-11-21T22:23:34.7510025Z Receiving objects:  15% (18/116)
2025-11-21T22:23:34.7511008Z Receiving objects:  16% (19/116)
2025-11-21T22:23:34.7511923Z Receiving objects:  17% (20/116)
2025-11-21T22:23:34.7742566Z Receiving objects:  18% (21/116)
2025-11-21T22:23:34.7745814Z Receiving objects:  19% (23/116)
2025-11-21T22:23:34.7751803Z Receiving objects:  20% (24/116)
2025-11-21T22:23:34.7754343Z Receiving objects:  21% (25/116)
2025-11-21T22:23:34.7756493Z Receiving objects:  22% (26/116)
2025-11-21T22:23:34.7759560Z Receiving objects:  23% (27/116)
2025-11-21T22:23:34.7761516Z Receiving objects:  24% (28/116)
2025-11-21T22:23:34.7763387Z Receiving objects:  25% (29/116)
2025-11-21T22:23:34.7765022Z Receiving objects:  26% (31/116)
2025-11-21T22:23:34.7766599Z Receiving objects:  27% (32/116)
2025-11-21T22:23:34.7767990Z Receiving objects:  28% (33/116)
2025-11-21T22:23:34.7768940Z Receiving objects:  29% (34/116)
2025-11-21T22:23:34.7769885Z Receiving objects:  30% (35/116)
2025-11-21T22:23:34.7770800Z Receiving objects:  31% (36/116)
2025-11-21T22:23:34.7771707Z Receiving objects:  32% (38/116)
2025-11-21T22:23:34.7772647Z Receiving objects:  33% (39/116)
2025-11-21T22:23:34.7773810Z Receiving objects:  34% (40/116)
2025-11-21T22:23:34.7774727Z Receiving objects:  35% (41/116)
2025-11-21T22:23:34.7775628Z Receiving objects:  36% (42/116)
2025-11-21T22:23:34.7776532Z Receiving objects:  37% (43/116)
2025-11-21T22:23:34.7777427Z Receiving objects:  38% (45/116)
2025-11-21T22:23:34.7778347Z Receiving objects:  39% (46/116)
2025-11-21T22:23:34.7779250Z Receiving objects:  40% (47/116)
2025-11-21T22:23:34.7996748Z Receiving objects:  41% (48/116)
2025-11-21T22:23:34.7999396Z Receiving objects:  42% (49/116)
2025-11-21T22:23:34.8001741Z Receiving objects:  43% (50/116)
2025-11-21T22:23:34.8003651Z Receiving objects:  44% (52/116)
2025-11-21T22:23:34.8005428Z Receiving objects:  45% (53/116)
2025-11-21T22:23:34.8007409Z Receiving objects:  46% (54/116)
2025-11-21T22:23:34.8009536Z Receiving objects:  47% (55/116)
2025-11-21T22:23:34.8010716Z Receiving objects:  48% (56/116)
2025-11-21T22:23:34.8012269Z Receiving objects:  49% (57/116)
2025-11-21T22:23:34.8014709Z Receiving objects:  50% (58/116)
2025-11-21T22:23:34.8016397Z Receiving objects:  51% (60/116)
2025-11-21T22:23:34.8018136Z Receiving objects:  52% (61/116)
2025-11-21T22:23:34.8019778Z Receiving objects:  53% (62/116)
2025-11-21T22:23:34.8021008Z Receiving objects:  54% (63/116)
2025-11-21T22:23:34.8022375Z Receiving objects:  55% (64/116)
2025-11-21T22:23:34.8024247Z Receiving objects:  56% (65/116)
2025-11-21T22:23:34.8025817Z Receiving objects:  57% (67/116)
2025-11-21T22:23:34.8027366Z Receiving objects:  58% (68/116)
2025-11-21T22:23:34.8029142Z Receiving objects:  59% (69/116)
2025-11-21T22:23:34.8030699Z Receiving objects:  60% (70/116)
2025-11-21T22:23:34.8032247Z Receiving objects:  61% (71/116)
2025-11-21T22:23:34.8776886Z Receiving objects:  62% (72/116)
2025-11-21T22:23:34.8796199Z Receiving objects:  63% (74/116)
2025-11-21T22:23:34.8797962Z Receiving objects:  64% (75/116)
2025-11-21T22:23:34.9051753Z Receiving objects:  65% (76/116)
2025-11-21T22:23:34.9178715Z Receiving objects:  66% (77/116)
2025-11-21T22:23:34.9212553Z Receiving objects:  67% (78/116)
2025-11-21T22:23:34.9246949Z Receiving objects:  68% (79/116)
2025-11-21T22:23:34.9249834Z Receiving objects:  69% (81/116)
2025-11-21T22:23:35.0616005Z Receiving objects:  70% (82/116)
2025-11-21T22:23:35.2204677Z Receiving objects:  71% (83/116)
2025-11-21T22:23:35.2553656Z Receiving objects:  72% (84/116)
2025-11-21T22:23:35.3053820Z Receiving objects:  73% (85/116), 20.73 MiB | 41.46 MiB/s
2025-11-21T22:23:35.3472493Z Receiving objects:  74% (86/116), 20.73 MiB | 41.46 MiB/s
2025-11-21T22:23:35.5245110Z Receiving objects:  75% (87/116), 20.73 MiB | 41.46 MiB/s
2025-11-21T22:23:35.5699148Z Receiving objects:  76% (89/116), 20.73 MiB | 41.46 MiB/s
2025-11-21T22:23:35.5727389Z Receiving objects:  77% (90/116), 20.73 MiB | 41.46 MiB/s
2025-11-21T22:23:35.5737653Z Receiving objects:  78% (91/116), 20.73 MiB | 41.46 MiB/s
2025-11-21T22:23:35.5769380Z Receiving objects:  79% (92/116), 20.73 MiB | 41.46 MiB/s
2025-11-21T22:23:35.5906567Z Receiving objects:  80% (93/116), 20.73 MiB | 41.46 MiB/s
2025-11-21T22:23:35.5909212Z remote: Total 116 (delta 17), reused 54 (delta 2), pack-reused 0 (from 0)        
2025-11-21T22:23:35.5922685Z Receiving objects:  81% (94/116), 20.73 MiB | 41.46 MiB/s
2025-11-21T22:23:35.5925637Z Receiving objects:  82% (96/116), 20.73 MiB | 41.46 MiB/s
2025-11-21T22:23:35.5929480Z Receiving objects:  83% (97/116), 20.73 MiB | 41.46 MiB/s
2025-11-21T22:23:35.5931745Z Receiving objects:  84% (98/116), 20.73 MiB | 41.46 MiB/s
2025-11-21T22:23:35.5934215Z Receiving objects:  85% (99/116), 20.73 MiB | 41.46 MiB/s
2025-11-21T22:23:35.5936455Z Receiving objects:  86% (100/116), 20.73 MiB | 41.46 MiB/s
2025-11-21T22:23:35.5939023Z Receiving objects:  87% (101/116), 20.73 MiB | 41.46 MiB/s
2025-11-21T22:23:35.5941275Z Receiving objects:  88% (103/116), 20.73 MiB | 41.46 MiB/s
2025-11-21T22:23:35.5943798Z Receiving objects:  89% (104/116), 20.73 MiB | 41.46 MiB/s
2025-11-21T22:23:35.6010655Z Receiving objects:  90% (105/116), 20.73 MiB | 41.46 MiB/s
2025-11-21T22:23:35.6012947Z Receiving objects:  91% (106/116), 20.73 MiB | 41.46 MiB/s
2025-11-21T22:23:35.6014569Z Receiving objects:  92% (107/116), 20.73 MiB | 41.46 MiB/s
2025-11-21T22:23:35.6015898Z Receiving objects:  93% (108/116), 20.73 MiB | 41.46 MiB/s
2025-11-21T22:23:35.6017256Z Receiving objects:  94% (110/116), 20.73 MiB | 41.46 MiB/s
2025-11-21T22:23:35.6018588Z Receiving objects:  95% (111/116), 20.73 MiB | 41.46 MiB/s
2025-11-21T22:23:35.6019913Z Receiving objects:  96% (112/116), 20.73 MiB | 41.46 MiB/s
2025-11-21T22:23:35.6021236Z Receiving objects:  97% (113/116), 20.73 MiB | 41.46 MiB/s
2025-11-21T22:23:35.6022593Z Receiving objects:  98% (114/116), 20.73 MiB | 41.46 MiB/s
2025-11-21T22:23:35.6024189Z Receiving objects:  99% (115/116), 20.73 MiB | 41.46 MiB/s
2025-11-21T22:23:35.6025509Z Receiving objects: 100% (116/116), 20.73 MiB | 41.46 MiB/s
2025-11-21T22:23:35.6026939Z Receiving objects: 100% (116/116), 41.85 MiB | 48.31 MiB/s, done.
2025-11-21T22:23:35.6028225Z Resolving deltas:   0% (0/17)
2025-11-21T22:23:35.6029102Z Resolving deltas:   5% (1/17)
2025-11-21T22:23:35.6030066Z Resolving deltas:  11% (2/17)
2025-11-21T22:23:35.6030939Z Resolving deltas:  17% (3/17)
2025-11-21T22:23:35.6031810Z Resolving deltas:  23% (4/17)
2025-11-21T22:23:35.6032682Z Resolving deltas:  29% (5/17)
2025-11-21T22:23:35.6033940Z Resolving deltas:  35% (6/17)
2025-11-21T22:23:35.6034832Z Resolving deltas:  41% (7/17)
2025-11-21T22:23:35.6035698Z Resolving deltas:  47% (8/17)
2025-11-21T22:23:35.6036572Z Resolving deltas:  52% (9/17)
2025-11-21T22:23:35.6037661Z Resolving deltas:  64% (11/17)
2025-11-21T22:23:35.6038568Z Resolving deltas:  70% (12/17)
2025-11-21T22:23:35.6039455Z Resolving deltas:  76% (13/17)
2025-11-21T22:23:35.6040321Z Resolving deltas:  82% (14/17)
2025-11-21T22:23:35.6041205Z Resolving deltas:  88% (15/17)
2025-11-21T22:23:35.6337880Z Resolving deltas:  94% (16/17)
2025-11-21T22:23:35.6339851Z Resolving deltas: 100% (17/17)
2025-11-21T22:23:35.6341905Z Resolving deltas: 100% (17/17), done.
2025-11-21T22:23:35.6546712Z From https://github.com/prathameshnium/PICA-Python-Instrument-Control-and-Automation
2025-11-21T22:23:35.6549443Z  * [new ref]         148ea2036a9f47f4ca014f1bc82a93075c4d4f6d -> origin/main
2025-11-21T22:23:35.6582703Z ##[endgroup]
2025-11-21T22:23:35.6585206Z ##[group]Determining the checkout info
2025-11-21T22:23:35.6587675Z ##[endgroup]
2025-11-21T22:23:35.6589751Z ##[group]Checking out the ref
2025-11-21T22:23:35.6592151Z [command]/usr/bin/git checkout --progress --force -B main refs/remotes/origin/main
2025-11-21T22:23:35.8894753Z Switched to a new branch 'main'
2025-11-21T22:23:35.8896185Z branch 'main' set up to track 'origin/main'.
2025-11-21T22:23:35.8919819Z ##[endgroup]
2025-11-21T22:23:35.8955140Z [command]/usr/bin/git log -1 --format='%H'
2025-11-21T22:23:35.8976019Z '148ea2036a9f47f4ca014f1bc82a93075c4d4f6d'
2025-11-21T22:23:35.9253548Z ##[group]Run actions/setup-python@v4
2025-11-21T22:23:35.9254516Z with:
2025-11-21T22:23:35.9255194Z   python-version: 3.10
2025-11-21T22:23:35.9256000Z   check-latest: false
2025-11-21T22:23:35.9257002Z   token: ***
2025-11-21T22:23:35.9257734Z   update-environment: true
2025-11-21T22:23:35.9258592Z   allow-prereleases: false
2025-11-21T22:23:35.9259419Z ##[endgroup]
2025-11-21T22:23:36.0957415Z ##[group]Installed versions
2025-11-21T22:23:36.1088046Z Successfully set up CPython (3.10.19)
2025-11-21T22:23:36.1090661Z ##[endgroup]
2025-11-21T22:23:36.1226533Z ##[group]Run python -m pip install --upgrade pip
2025-11-21T22:23:36.1227772Z [36;1mpython -m pip install --upgrade pip[0m
2025-11-21T22:23:36.1228849Z [36;1m# Install PICA in editable mode[0m
2025-11-21T22:23:36.1230035Z [36;1mpip install -e .[0m
2025-11-21T22:23:36.1231013Z [36;1m# Install Testing, Linting, and Coverage tools[0m
2025-11-21T22:23:36.1232187Z [36;1mpip install pytest flake8 pytest-cov[0m
2025-11-21T22:23:36.1284804Z shell: /usr/bin/bash -e {0}
2025-11-21T22:23:36.1285659Z env:
2025-11-21T22:23:36.1286522Z   pythonLocation: /opt/hostedtoolcache/Python/3.10.19/x64
2025-11-21T22:23:36.1288007Z   PKG_CONFIG_PATH: /opt/hostedtoolcache/Python/3.10.19/x64/lib/pkgconfig
2025-11-21T22:23:36.1289455Z   Python_ROOT_DIR: /opt/hostedtoolcache/Python/3.10.19/x64
2025-11-21T22:23:36.1290762Z   Python2_ROOT_DIR: /opt/hostedtoolcache/Python/3.10.19/x64
2025-11-21T22:23:36.1292084Z   Python3_ROOT_DIR: /opt/hostedtoolcache/Python/3.10.19/x64
2025-11-21T22:23:36.1293598Z   LD_LIBRARY_PATH: /opt/hostedtoolcache/Python/3.10.19/x64/lib
2025-11-21T22:23:36.1294700Z ##[endgroup]
2025-11-21T22:23:37.9337235Z Requirement already satisfied: pip in /opt/hostedtoolcache/Python/3.10.19/x64/lib/python3.10/site-packages (25.3)
2025-11-21T22:23:38.6457699Z Obtaining file:///home/runner/work/PICA-Python-Instrument-Control-and-Automation/PICA-Python-Instrument-Control-and-Automation
2025-11-21T22:23:38.6477362Z   Installing build dependencies: started
2025-11-21T22:23:39.7957318Z   Installing build dependencies: finished with status 'done'
2025-11-21T22:23:39.7964106Z   Checking if build backend supports build_editable: started
2025-11-21T22:23:40.0861302Z   Checking if build backend supports build_editable: finished with status 'done'
2025-11-21T22:23:40.0870053Z   Getting requirements to build editable: started
2025-11-21T22:23:40.3949328Z   Getting requirements to build editable: finished with status 'done'
2025-11-21T22:23:40.3958303Z   Preparing editable metadata (pyproject.toml): started
2025-11-21T22:23:40.5810162Z   Preparing editable metadata (pyproject.toml): finished with status 'done'
2025-11-21T22:23:40.7065039Z Collecting pyvisa (from pica-automation==14.1.0)
2025-11-21T22:23:40.8087829Z   Downloading pyvisa-1.15.0-py3-none-any.whl.metadata (7.1 kB)
2025-11-21T22:23:40.8432522Z Collecting pyvisa-py (from pica-automation==14.1.0)
2025-11-21T22:23:40.8639425Z   Downloading pyvisa_py-0.8.1-py3-none-any.whl.metadata (6.8 kB)
2025-11-21T22:23:41.1655920Z Collecting numpy (from pica-automation==14.1.0)
2025-11-21T22:23:41.1853782Z   Downloading numpy-2.2.6-cp310-cp310-manylinux_2_17_x86_64.manylinux2014_x86_64.whl.metadata (62 kB)
2025-11-21T22:23:41.3836384Z Collecting matplotlib (from pica-automation==14.1.0)
2025-11-21T22:23:41.4043509Z   Downloading matplotlib-3.10.7-cp310-cp310-manylinux2014_x86_64.manylinux_2_17_x86_64.whl.metadata (11 kB)
2025-11-21T22:23:41.5562086Z Collecting pandas (from pica-automation==14.1.0)
2025-11-21T22:23:41.5760809Z   Downloading pandas-2.3.3-cp310-cp310-manylinux_2_24_x86_64.manylinux_2_28_x86_64.whl.metadata (91 kB)
2025-11-21T22:23:41.6679903Z Collecting pymeasure (from pica-automation==14.1.0)
2025-11-21T22:23:41.6900507Z   Downloading PyMeasure-0.15.0-py3-none-any.whl.metadata (44 kB)
2025-11-21T22:23:41.9053621Z Collecting Pillow (from pica-automation==14.1.0)
2025-11-21T22:23:41.9252936Z   Downloading pillow-12.0.0-cp310-cp310-manylinux_2_27_x86_64.manylinux_2_28_x86_64.whl.metadata (8.8 kB)
2025-11-21T22:23:42.0275884Z Collecting contourpy>=1.0.1 (from matplotlib->pica-automation==14.1.0)
2025-11-21T22:23:42.0477221Z   Downloading contourpy-1.3.2-cp310-cp310-manylinux_2_17_x86_64.manylinux2014_x86_64.whl.metadata (5.5 kB)
2025-11-21T22:23:42.0785936Z Collecting cycler>=0.10 (from matplotlib->pica-automation==14.1.0)
2025-11-21T22:23:42.0985064Z   Downloading cycler-0.12.1-py3-none-any.whl.metadata (3.8 kB)
2025-11-21T22:23:42.2975782Z Collecting fonttools>=4.22.0 (from matplotlib->pica-automation==14.1.0)
2025-11-21T22:23:42.3172718Z   Downloading fonttools-4.60.1-cp310-cp310-manylinux2014_x86_64.manylinux_2_17_x86_64.whl.metadata (112 kB)
2025-11-21T22:23:42.4438325Z Collecting kiwisolver>=1.3.1 (from matplotlib->pica-automation==14.1.0)
2025-11-21T22:23:42.4645202Z   Downloading kiwisolver-1.4.9-cp310-cp310-manylinux_2_12_x86_64.manylinux2010_x86_64.whl.metadata (6.3 kB)
2025-11-21T22:23:42.5068184Z Collecting packaging>=20.0 (from matplotlib->pica-automation==14.1.0)
2025-11-21T22:23:42.5262314Z   Downloading packaging-25.0-py3-none-any.whl.metadata (3.3 kB)
2025-11-21T22:23:42.5787276Z Collecting pyparsing>=3 (from matplotlib->pica-automation==14.1.0)
2025-11-21T22:23:42.5980311Z   Downloading pyparsing-3.2.5-py3-none-any.whl.metadata (5.0 kB)
2025-11-21T22:23:42.6291227Z Collecting python-dateutil>=2.7 (from matplotlib->pica-automation==14.1.0)
2025-11-21T22:23:42.6491082Z   Downloading python_dateutil-2.9.0.post0-py2.py3-none-any.whl.metadata (8.4 kB)
2025-11-21T22:23:42.6898104Z Collecting six>=1.5 (from python-dateutil>=2.7->matplotlib->pica-automation==14.1.0)
2025-11-21T22:23:42.7090222Z   Downloading six-1.17.0-py2.py3-none-any.whl.metadata (1.7 kB)
2025-11-21T22:23:42.7807025Z Collecting pytz>=2020.1 (from pandas->pica-automation==14.1.0)
2025-11-21T22:23:42.8003701Z   Downloading pytz-2025.2-py2.py3-none-any.whl.metadata (22 kB)
2025-11-21T22:23:42.8318951Z Collecting tzdata>=2022.7 (from pandas->pica-automation==14.1.0)
2025-11-21T22:23:42.8511603Z   Downloading tzdata-2025.2-py2.py3-none-any.whl.metadata (1.4 kB)
2025-11-21T22:23:42.9128407Z Collecting pint (from pymeasure->pica-automation==14.1.0)
2025-11-21T22:23:42.9335833Z   Downloading Pint-0.24.4-py3-none-any.whl.metadata (8.5 kB)
2025-11-21T22:23:42.9698916Z Collecting pyserial>=2.7 (from pymeasure->pica-automation==14.1.0)
2025-11-21T22:23:42.9891681Z   Downloading pyserial-3.5-py2.py3-none-any.whl.metadata (1.6 kB)
2025-11-21T22:23:43.0235757Z Collecting pyqtgraph>=0.12 (from pymeasure->pica-automation==14.1.0)
2025-11-21T22:23:43.0432857Z   Downloading pyqtgraph-0.14.0-py3-none-any.whl.metadata (1.5 kB)
2025-11-21T22:23:43.0906138Z Collecting colorama (from pyqtgraph>=0.12->pymeasure->pica-automation==14.1.0)
2025-11-21T22:23:43.1099376Z   Downloading colorama-0.4.6-py2.py3-none-any.whl.metadata (17 kB)
2025-11-21T22:23:43.1472796Z Collecting typing_extensions>=4.0.0 (from pyvisa->pica-automation==14.1.0)
2025-11-21T22:23:43.1666827Z   Downloading typing_extensions-4.15.0-py3-none-any.whl.metadata (3.3 kB)
2025-11-21T22:23:43.2078970Z Collecting platformdirs>=2.1.0 (from pint->pymeasure->pica-automation==14.1.0)
2025-11-21T22:23:43.2272141Z   Downloading platformdirs-4.5.0-py3-none-any.whl.metadata (12 kB)
2025-11-21T22:23:43.2557883Z Collecting flexcache>=0.3 (from pint->pymeasure->pica-automation==14.1.0)
2025-11-21T22:23:43.2760327Z   Downloading flexcache-0.3-py3-none-any.whl.metadata (7.0 kB)
2025-11-21T22:23:43.3038267Z Collecting flexparser>=0.4 (from pint->pymeasure->pica-automation==14.1.0)
2025-11-21T22:23:43.3234094Z   Downloading flexparser-0.4-py3-none-any.whl.metadata (18 kB)
2025-11-21T22:23:43.3586371Z Downloading matplotlib-3.10.7-cp310-cp310-manylinux2014_x86_64.manylinux_2_17_x86_64.whl (8.7 MB)
2025-11-21T22:23:43.4655038Z    ‚îÅ‚îÅ‚îÅ‚îÅ‚îÅ‚îÅ‚îÅ‚îÅ‚îÅ‚îÅ‚îÅ‚îÅ‚îÅ‚îÅ‚îÅ‚îÅ‚îÅ‚îÅ‚îÅ‚îÅ‚îÅ‚îÅ‚îÅ‚îÅ‚îÅ‚îÅ‚îÅ‚îÅ‚îÅ‚îÅ‚îÅ‚îÅ‚îÅ‚îÅ‚îÅ‚îÅ‚îÅ‚îÅ‚îÅ‚îÅ 8.7/8.7 MB 97.1 MB/s  0:00:00
2025-11-21T22:23:43.4865545Z Downloading contourpy-1.3.2-cp310-cp310-manylinux_2_17_x86_64.manylinux2014_x86_64.whl (325 kB)
2025-11-21T22:23:43.5091993Z Downloading cycler-0.12.1-py3-none-any.whl (8.3 kB)
2025-11-21T22:23:43.5308871Z Downloading fonttools-4.60.1-cp310-cp310-manylinux2014_x86_64.manylinux_2_17_x86_64.whl (4.8 MB)
2025-11-21T22:23:43.5618953Z    ‚îÅ‚îÅ‚îÅ‚îÅ‚îÅ‚îÅ‚îÅ‚îÅ‚îÅ‚îÅ‚îÅ‚îÅ‚îÅ‚îÅ‚îÅ‚îÅ‚îÅ‚îÅ‚îÅ‚îÅ‚îÅ‚îÅ‚îÅ‚îÅ‚îÅ‚îÅ‚îÅ‚îÅ‚îÅ‚îÅ‚îÅ‚îÅ‚îÅ‚îÅ‚îÅ‚îÅ‚îÅ‚îÅ‚îÅ‚îÅ 4.8/4.8 MB 168.7 MB/s  0:00:00
2025-11-21T22:23:43.5816182Z Downloading kiwisolver-1.4.9-cp310-cp310-manylinux_2_12_x86_64.manylinux2010_x86_64.whl (1.6 MB)
2025-11-21T22:23:43.5981146Z    ‚îÅ‚îÅ‚îÅ‚îÅ‚îÅ‚îÅ‚îÅ‚îÅ‚îÅ‚îÅ‚îÅ‚îÅ‚îÅ‚îÅ‚îÅ‚îÅ‚îÅ‚îÅ‚îÅ‚îÅ‚îÅ‚îÅ‚îÅ‚îÅ‚îÅ‚îÅ‚îÅ‚îÅ‚îÅ‚îÅ‚îÅ‚îÅ‚îÅ‚îÅ‚îÅ‚îÅ‚îÅ‚îÅ‚îÅ‚îÅ 1.6/1.6 MB 99.6 MB/s  0:00:00
2025-11-21T22:23:43.6216238Z Downloading numpy-2.2.6-cp310-cp310-manylinux_2_17_x86_64.manylinux2014_x86_64.whl (16.8 MB)
2025-11-21T22:23:43.7155435Z    ‚îÅ‚îÅ‚îÅ‚îÅ‚îÅ‚îÅ‚îÅ‚îÅ‚îÅ‚îÅ‚îÅ‚îÅ‚îÅ‚îÅ‚îÅ‚îÅ‚îÅ‚îÅ‚îÅ‚îÅ‚îÅ‚îÅ‚îÅ‚îÅ‚îÅ‚îÅ‚îÅ‚îÅ‚îÅ‚îÅ‚îÅ‚îÅ‚îÅ‚îÅ‚îÅ‚îÅ‚îÅ‚îÅ‚îÅ‚îÅ 16.8/16.8 MB 185.9 MB/s  0:00:00
2025-11-21T22:23:43.7355665Z Downloading packaging-25.0-py3-none-any.whl (66 kB)
2025-11-21T22:23:43.7585854Z Downloading pillow-12.0.0-cp310-cp310-manylinux_2_27_x86_64.manylinux_2_28_x86_64.whl (7.0 MB)
2025-11-21T22:23:43.8022077Z    ‚îÅ‚îÅ‚îÅ‚îÅ‚îÅ‚îÅ‚îÅ‚îÅ‚îÅ‚îÅ‚îÅ‚îÅ‚îÅ‚îÅ‚îÅ‚îÅ‚îÅ‚îÅ‚îÅ‚îÅ‚îÅ‚îÅ‚îÅ‚îÅ‚îÅ‚îÅ‚îÅ‚îÅ‚îÅ‚îÅ‚îÅ‚îÅ‚îÅ‚îÅ‚îÅ‚îÅ‚îÅ‚îÅ‚îÅ‚îÅ 7.0/7.0 MB 173.3 MB/s  0:00:00
2025-11-21T22:23:43.8215278Z Downloading pyparsing-3.2.5-py3-none-any.whl (113 kB)
2025-11-21T22:23:43.8433912Z Downloading python_dateutil-2.9.0.post0-py2.py3-none-any.whl (229 kB)
2025-11-21T22:23:43.8663242Z Downloading six-1.17.0-py2.py3-none-any.whl (11 kB)
2025-11-21T22:23:43.8924498Z Downloading pandas-2.3.3-cp310-cp310-manylinux_2_24_x86_64.manylinux_2_28_x86_64.whl (12.8 MB)
2025-11-21T22:23:43.9725272Z    ‚îÅ‚îÅ‚îÅ‚îÅ‚îÅ‚îÅ‚îÅ‚îÅ‚îÅ‚îÅ‚îÅ‚îÅ‚îÅ‚îÅ‚îÅ‚îÅ‚îÅ‚îÅ‚îÅ‚îÅ‚îÅ‚îÅ‚îÅ‚îÅ‚îÅ‚îÅ‚îÅ‚îÅ‚îÅ‚îÅ‚îÅ‚îÅ‚îÅ‚îÅ‚îÅ‚îÅ‚îÅ‚îÅ‚îÅ‚îÅ 12.8/12.8 MB 162.0 MB/s  0:00:00
2025-11-21T22:23:43.9926862Z Downloading pytz-2025.2-py2.py3-none-any.whl (509 kB)
2025-11-21T22:23:44.0165301Z Downloading tzdata-2025.2-py2.py3-none-any.whl (347 kB)
2025-11-21T22:23:44.0400088Z Downloading PyMeasure-0.15.0-py3-none-any.whl (800 kB)
2025-11-21T22:23:44.0477148Z    ‚îÅ‚îÅ‚îÅ‚îÅ‚îÅ‚îÅ‚îÅ‚îÅ‚îÅ‚îÅ‚îÅ‚îÅ‚îÅ‚îÅ‚îÅ‚îÅ‚îÅ‚îÅ‚îÅ‚îÅ‚îÅ‚îÅ‚îÅ‚îÅ‚îÅ‚îÅ‚îÅ‚îÅ‚îÅ‚îÅ‚îÅ‚îÅ‚îÅ‚îÅ‚îÅ‚îÅ‚îÅ‚îÅ‚îÅ‚îÅ 800.2/800.2 kB 120.3 MB/s  0:00:00
2025-11-21T22:23:44.0707681Z Downloading pyqtgraph-0.14.0-py3-none-any.whl (1.9 MB)
2025-11-21T22:23:44.0830086Z    ‚îÅ‚îÅ‚îÅ‚îÅ‚îÅ‚îÅ‚îÅ‚îÅ‚îÅ‚îÅ‚îÅ‚îÅ‚îÅ‚îÅ‚îÅ‚îÅ‚îÅ‚îÅ‚îÅ‚îÅ‚îÅ‚îÅ‚îÅ‚îÅ‚îÅ‚îÅ‚îÅ‚îÅ‚îÅ‚îÅ‚îÅ‚îÅ‚îÅ‚îÅ‚îÅ‚îÅ‚îÅ‚îÅ‚îÅ‚îÅ 1.9/1.9 MB 173.5 MB/s  0:00:00
2025-11-21T22:23:44.1023990Z Downloading pyserial-3.5-py2.py3-none-any.whl (90 kB)
2025-11-21T22:23:44.1256027Z Downloading pyvisa-1.15.0-py3-none-any.whl (179 kB)
2025-11-21T22:23:44.1477254Z Downloading typing_extensions-4.15.0-py3-none-any.whl (44 kB)
2025-11-21T22:23:44.1695418Z Downloading colorama-0.4.6-py2.py3-none-any.whl (25 kB)
2025-11-21T22:23:44.1917892Z Downloading Pint-0.24.4-py3-none-any.whl (302 kB)
2025-11-21T22:23:44.2142859Z Downloading flexcache-0.3-py3-none-any.whl (13 kB)
2025-11-21T22:23:44.2357069Z Downloading flexparser-0.4-py3-none-any.whl (27 kB)
2025-11-21T22:23:44.2575050Z Downloading platformdirs-4.5.0-py3-none-any.whl (18 kB)
2025-11-21T22:23:44.2797176Z Downloading pyvisa_py-0.8.1-py3-none-any.whl (82 kB)
2025-11-21T22:23:44.3741947Z Building wheels for collected packages: pica-automation
2025-11-21T22:23:44.3751279Z   Building editable for pica-automation (pyproject.toml): started
2025-11-21T22:23:44.8169581Z   Building editable for pica-automation (pyproject.toml): finished with status 'done'
2025-11-21T22:23:44.8174939Z   Created wheel for pica-automation: filename=pica_automation-14.1.0-0.editable-py3-none-any.whl size=9837 sha256=dab45c34ed174210e56c60883622e3ee7b64313742b14e95759864a2eece4afe
2025-11-21T22:23:44.8176933Z   Stored in directory: /tmp/pip-ephem-wheel-cache-j03vxbwr/wheels/a9/47/ac/63e6b90596909ba45951a37d3681bb2026f27d0b49ff6b466e
2025-11-21T22:23:44.8194813Z Successfully built pica-automation
2025-11-21T22:23:44.9549464Z Installing collected packages: pytz, pyserial, tzdata, typing_extensions, six, pyparsing, platformdirs, Pillow, packaging, numpy, kiwisolver, fonttools, cycler, colorama, pyvisa, python-dateutil, pyqtgraph, flexparser, flexcache, contourpy, pyvisa-py, pint, pandas, matplotlib, pymeasure, pica-automation
2025-11-21T22:23:54.5734365Z 
2025-11-21T22:23:54.5783677Z Successfully installed Pillow-12.0.0 colorama-0.4.6 contourpy-1.3.2 cycler-0.12.1 flexcache-0.3 flexparser-0.4 fonttools-4.60.1 kiwisolver-1.4.9 matplotlib-3.10.7 numpy-2.2.6 packaging-25.0 pandas-2.3.3 pica-automation-14.1.0 pint-0.24.4 platformdirs-4.5.0 pymeasure-0.15.0 pyparsing-3.2.5 pyqtgraph-0.14.0 pyserial-3.5 python-dateutil-2.9.0.post0 pytz-2025.2 pyvisa-1.15.0 pyvisa-py-0.8.1 six-1.17.0 typing_extensions-4.15.0 tzdata-2025.2
2025-11-21T22:23:55.2608777Z Collecting pytest
2025-11-21T22:23:55.3684948Z   Downloading pytest-9.0.1-py3-none-any.whl.metadata (7.6 kB)
2025-11-21T22:23:55.4227859Z Collecting flake8
2025-11-21T22:23:55.4431671Z   Downloading flake8-7.3.0-py2.py3-none-any.whl.metadata (3.8 kB)
2025-11-21T22:23:55.4799684Z Collecting pytest-cov
2025-11-21T22:23:55.5007572Z   Downloading pytest_cov-7.0.0-py3-none-any.whl.metadata (31 kB)
2025-11-21T22:23:55.5505628Z Collecting exceptiongroup>=1 (from pytest)
2025-11-21T22:23:55.5732430Z   Downloading exceptiongroup-1.3.0-py3-none-any.whl.metadata (6.7 kB)
2025-11-21T22:23:55.6005210Z Collecting iniconfig>=1.0.1 (from pytest)
2025-11-21T22:23:55.6216260Z   Downloading iniconfig-2.3.0-py3-none-any.whl.metadata (2.5 kB)
2025-11-21T22:23:55.6249244Z Requirement already satisfied: packaging>=22 in /opt/hostedtoolcache/Python/3.10.19/x64/lib/python3.10/site-packages (from pytest) (25.0)
2025-11-21T22:23:55.6513379Z Collecting pluggy<2,>=1.5 (from pytest)
2025-11-21T22:23:55.6727697Z   Downloading pluggy-1.6.0-py3-none-any.whl.metadata (4.8 kB)
2025-11-21T22:23:55.7162171Z Collecting pygments>=2.7.2 (from pytest)
2025-11-21T22:23:55.7416133Z   Downloading pygments-2.19.2-py3-none-any.whl.metadata (2.5 kB)
2025-11-21T22:23:55.7832063Z Collecting tomli>=1 (from pytest)
2025-11-21T22:23:55.8025836Z   Downloading tomli-2.3.0-py3-none-any.whl.metadata (10 kB)
2025-11-21T22:23:55.8391554Z Collecting mccabe<0.8.0,>=0.7.0 (from flake8)
2025-11-21T22:23:55.8581618Z   Downloading mccabe-0.7.0-py2.py3-none-any.whl.metadata (5.0 kB)
2025-11-21T22:23:55.8908495Z Collecting pycodestyle<2.15.0,>=2.14.0 (from flake8)
2025-11-21T22:23:55.9126326Z   Downloading pycodestyle-2.14.0-py2.py3-none-any.whl.metadata (4.5 kB)
2025-11-21T22:23:55.9440508Z Collecting pyflakes<3.5.0,>=3.4.0 (from flake8)
2025-11-21T22:23:55.9694636Z   Downloading pyflakes-3.4.0-py2.py3-none-any.whl.metadata (3.5 kB)
2025-11-21T22:23:56.4814505Z Collecting coverage>=7.10.6 (from coverage[toml]>=7.10.6->pytest-cov)
2025-11-21T22:23:56.5058062Z   Downloading coverage-7.12.0-cp310-cp310-manylinux1_x86_64.manylinux_2_28_x86_64.manylinux_2_5_x86_64.whl.metadata (9.1 kB)
2025-11-21T22:23:56.5258192Z Requirement already satisfied: typing-extensions>=4.6.0 in /opt/hostedtoolcache/Python/3.10.19/x64/lib/python3.10/site-packages (from exceptiongroup>=1->pytest) (4.15.0)
2025-11-21T22:23:56.5540603Z Downloading pytest-9.0.1-py3-none-any.whl (373 kB)
2025-11-21T22:23:56.6323461Z Downloading pluggy-1.6.0-py3-none-any.whl (20 kB)
2025-11-21T22:23:56.6561727Z Downloading flake8-7.3.0-py2.py3-none-any.whl (57 kB)
2025-11-21T22:23:56.6834204Z Downloading mccabe-0.7.0-py2.py3-none-any.whl (7.3 kB)
2025-11-21T22:23:56.7080522Z Downloading pycodestyle-2.14.0-py2.py3-none-any.whl (31 kB)
2025-11-21T22:23:56.7315124Z Downloading pyflakes-3.4.0-py2.py3-none-any.whl (63 kB)
2025-11-21T22:23:56.7604535Z Downloading pytest_cov-7.0.0-py3-none-any.whl (22 kB)
2025-11-21T22:23:56.7889614Z Downloading coverage-7.12.0-cp310-cp310-manylinux1_x86_64.manylinux_2_28_x86_64.manylinux_2_5_x86_64.whl (246 kB)
2025-11-21T22:23:56.8167550Z Downloading exceptiongroup-1.3.0-py3-none-any.whl (16 kB)
2025-11-21T22:23:56.8391778Z Downloading iniconfig-2.3.0-py3-none-any.whl (7.5 kB)
2025-11-21T22:23:56.8626877Z Downloading pygments-2.19.2-py3-none-any.whl (1.2 MB)
2025-11-21T22:23:56.8995427Z    ‚îÅ‚îÅ‚îÅ‚îÅ‚îÅ‚îÅ‚îÅ‚îÅ‚îÅ‚îÅ‚îÅ‚îÅ‚îÅ‚îÅ‚îÅ‚îÅ‚îÅ‚îÅ‚îÅ‚îÅ‚îÅ‚îÅ‚îÅ‚îÅ‚îÅ‚îÅ‚îÅ‚îÅ‚îÅ‚îÅ‚îÅ‚îÅ‚îÅ‚îÅ‚îÅ‚îÅ‚îÅ‚îÅ‚îÅ‚îÅ 1.2/1.2 MB 33.6 MB/s  0:00:00
2025-11-21T22:23:56.9194709Z Downloading tomli-2.3.0-py3-none-any.whl (14 kB)
2025-11-21T22:23:57.0383291Z Installing collected packages: tomli, pygments, pyflakes, pycodestyle, pluggy, mccabe, iniconfig, exceptiongroup, coverage, pytest, flake8, pytest-cov
2025-11-21T22:23:58.0820777Z 
2025-11-21T22:23:58.0882809Z Successfully installed coverage-7.12.0 exceptiongroup-1.3.0 flake8-7.3.0 iniconfig-2.3.0 mccabe-0.7.0 pluggy-1.6.0 pycodestyle-2.14.0 pyflakes-3.4.0 pygments-2.19.2 pytest-9.0.1 pytest-cov-7.0.0 tomli-2.3.0
2025-11-21T22:23:58.1728178Z ##[group]Run echo "STEP 1: Checking for critical syntax errors..."
2025-11-21T22:23:58.1728639Z [36;1mecho "STEP 1: Checking for critical syntax errors..."[0m
2025-11-21T22:23:58.1729056Z [36;1mflake8 . --count --select=E9,F63,F7,F82 --show-source --statistics[0m
2025-11-21T22:23:58.1729384Z [36;1m[0m
2025-11-21T22:23:58.1729624Z [36;1mecho "STEP 2: Checking for code style warnings..."[0m
2025-11-21T22:23:58.1730072Z [36;1mflake8 . --count --exit-zero --max-complexity=18 --max-line-length=127 --statistics[0m
2025-11-21T22:23:58.1764029Z shell: /usr/bin/bash -e {0}
2025-11-21T22:23:58.1764251Z env:
2025-11-21T22:23:58.1764496Z   pythonLocation: /opt/hostedtoolcache/Python/3.10.19/x64
2025-11-21T22:23:58.1765081Z   PKG_CONFIG_PATH: /opt/hostedtoolcache/Python/3.10.19/x64/lib/pkgconfig
2025-11-21T22:23:58.1765467Z   Python_ROOT_DIR: /opt/hostedtoolcache/Python/3.10.19/x64
2025-11-21T22:23:58.1765810Z   Python2_ROOT_DIR: /opt/hostedtoolcache/Python/3.10.19/x64
2025-11-21T22:23:58.1766202Z   Python3_ROOT_DIR: /opt/hostedtoolcache/Python/3.10.19/x64
2025-11-21T22:23:58.1766549Z   LD_LIBRARY_PATH: /opt/hostedtoolcache/Python/3.10.19/x64/lib
2025-11-21T22:23:58.1766844Z ##[endgroup]
2025-11-21T22:23:58.1820460Z STEP 1: Checking for critical syntax errors...
2025-11-21T22:23:59.9320505Z 0
2025-11-21T22:23:59.9497669Z STEP 2: Checking for code style warnings...
2025-11-21T22:24:01.3220590Z ./Delta_mode_Keithley_6221_2182/Backends/Delta_K6221_K2182_L350_T_Sensing_Backend_v1.py:82:128: E501 line too long (129 > 127 characters)
2025-11-21T22:24:01.3222221Z ./Delta_mode_Keithley_6221_2182/Backends/Delta_K6221_K2182_L350_T_Sensing_Backend_v1.py:102:128: E501 line too long (129 > 127 characters)
2025-11-21T22:24:01.3223839Z ./Delta_mode_Keithley_6221_2182/Delta_RT_K6221_K2182_L350_T_Control_GUI_v5.py:947:9: F841 local variable 'e' is assigned to but never used
2025-11-21T22:24:01.3224962Z ./Keithley_2400/Backends/IV_K2400_Loop_Backend_v10.py:72:1: W293 blank line contains whitespace
2025-11-21T22:24:01.3225819Z ./Keithley_2400/Backends/IV_K2400_Loop_Backend_v10.py:76:1: W293 blank line contains whitespace
2025-11-21T22:24:01.3226677Z ./Keithley_2400/Backends/IV_K2400_Loop_Backend_v10.py:80:1: W293 blank line contains whitespace
2025-11-21T22:24:01.3227503Z ./Keithley_2400/Backends/IV_K2400_Loop_Backend_v10.py:84:1: W293 blank line contains whitespace
2025-11-21T22:24:01.3228345Z ./Keithley_2400/Backends/IV_K2400_Loop_Backend_v10.py:95:11: W292 no newline at end of file
2025-11-21T22:24:01.3229269Z ./Keithley_2400_Keithley_2182/IV_K2400_K2182_GUI_v3.py:165:59: E261 at least two spaces before inline comment
2025-11-21T22:24:01.3230076Z ./Keithley_6517B/High_Resistance/Backends/IV_K6517B_L350_T_Control_Backend_v6.py:322:1: W293 blank line contains whitespace
2025-11-21T22:24:01.3230866Z ./Keithley_6517B/High_Resistance/Backends/IV_K6517B_Simple_Backend_v10.py:105:40: E261 at least two spaces before inline comment
2025-11-21T22:24:01.3231559Z ./Keithley_6517B/High_Resistance/IV_K6517B_GUI_v11.py:151:53: E261 at least two spaces before inline comment
2025-11-21T22:24:01.3232165Z ./Keithley_6517B/High_Resistance/IV_K6517B_GUI_v11.py:156:60: E261 at least two spaces before inline comment
2025-11-21T22:24:01.3232762Z ./Keithley_6517B/High_Resistance/IV_K6517B_GUI_v11.py:161:54: E261 at least two spaces before inline comment
2025-11-21T22:24:01.3233575Z ./Keithley_6517B/High_Resistance/IV_K6517B_GUI_v11.py:166:55: E261 at least two spaces before inline comment
2025-11-21T22:24:01.3234164Z ./Keithley_6517B/High_Resistance/IV_K6517B_GUI_v11.py:277:128: E501 line too long (129 > 127 characters)
2025-11-21T22:24:01.3234785Z ./Keithley_6517B/Pyroelectricity/Backends/Poling_K6517B_Backend_v10.py:54:11: W292 no newline at end of file
2025-11-21T22:24:01.3235543Z ./Keithley_6517B/Pyroelectricity/Backends/Pyroelectric_K6517B_Working_Backend_v10.py:16:1: E302 expected 2 blank lines, found 1
2025-11-21T22:24:01.3236719Z ./Keithley_6517B/Pyroelectricity/Backends/Pyroelectric_K6517B_Working_Backend_v10.py:118:11: W292 no newline at end of file
2025-11-21T22:24:01.3237474Z ./Keithley_6517B/Pyroelectricity/Pyroelectric_K6517B_L350_GUI_v4.py:749:128: E501 line too long (157 > 127 characters)
2025-11-21T22:24:01.3238107Z ./Lock_in_amplifier/BasicTest_S830_Backend_v1.py:78:15: F541 f-string is missing placeholders
2025-11-21T22:24:01.3238552Z ./PICA_v6.py:129:128: E501 line too long (129 > 127 characters)
2025-11-21T22:24:01.3238876Z ./PICA_v6.py:507:9: E303 too many blank lines (2)
2025-11-21T22:24:01.3239270Z ./Utilities/PlotterUtil_GUI_v3.py:88:18: E261 at least two spaces before inline comment
2025-11-21T22:24:01.3239773Z ./Utilities/PlotterUtil_GUI_v3.py:459:128: E501 line too long (129 > 127 characters)
2025-11-21T22:24:01.3240364Z ./Utilities/PlotterUtil_GUI_v3.py:750:54: W291 trailing whitespace
2025-11-21T22:24:01.3240756Z ./Utilities/PlotterUtil_GUI_v3.py:751:44: W291 trailing whitespace
2025-11-21T22:24:01.3241180Z ./Utilities/PlotterUtil_GUI_v3.py:755:1: W293 blank line contains whitespace
2025-11-21T22:24:01.3241632Z ./Utilities/PlotterUtil_GUI_v3.py:835:1: W293 blank line contains whitespace
2025-11-21T22:24:01.3242074Z ./Utilities/PlotterUtil_GUI_v3.py:872:1: W293 blank line contains whitespace
2025-11-21T22:24:01.3242513Z ./Utilities/PlotterUtil_GUI_v3.py:956:1: W293 blank line contains whitespace
2025-11-21T22:24:01.3242990Z ./Utilities/PlotterUtil_GUI_v3.py:961:77: E261 at least two spaces before inline comment
2025-11-21T22:24:01.3243721Z ./deployment/Picachu.py:160:128: E501 line too long (135 > 127 characters)
2025-11-21T22:24:01.3244141Z ./deployment/Picachu.py:161:128: E501 line too long (131 > 127 characters)
2025-11-21T22:24:01.3244537Z ./deployment/Picachu.py:535:9: E303 too many blank lines (2)
2025-11-21T22:24:01.3244927Z ./deployment/build.py:118:15: F541 f-string is missing placeholders
2025-11-21T22:24:01.3245327Z ./deployment/build.py:178:11: F541 f-string is missing placeholders
2025-11-21T22:24:01.3245704Z ./deployment/build.py:180:11: F541 f-string is missing placeholders
2025-11-21T22:24:01.3246098Z ./tests/test_auto_discovery.py:97:20: W292 no newline at end of file
2025-11-21T22:24:01.3246511Z ./tests/test_deep_simulation.py:72:23: F541 f-string is missing placeholders
2025-11-21T22:24:01.3247001Z ./tests/test_deep_simulation.py:199:73: F841 local variable 'MockK2400' is assigned to but never used
2025-11-21T22:24:01.3247482Z ./tests/test_deep_simulation.py:261:20: W292 no newline at end of file
2025-11-21T22:24:01.3247894Z ./tests/test_full_stack_simulation.py:189:20: W292 no newline at end of file
2025-11-21T22:24:01.3248269Z 8     E261 at least two spaces before inline comment
2025-11-21T22:24:01.3248552Z 1     E302 expected 2 blank lines, found 1
2025-11-21T22:24:01.3248805Z 2     E303 too many blank lines (2)
2025-11-21T22:24:01.3249054Z 8     E501 line too long (129 > 127 characters)
2025-11-21T22:24:01.3249345Z 5     F541 f-string is missing placeholders
2025-11-21T22:24:01.3249641Z 2     F841 local variable 'e' is assigned to but never used
2025-11-21T22:24:01.3249942Z 2     W291 trailing whitespace
2025-11-21T22:24:01.3250172Z 6     W292 no newline at end of file
2025-11-21T22:24:01.3250413Z 9     W293 blank line contains whitespace
2025-11-21T22:24:01.3250651Z 43
2025-11-21T22:24:01.3434383Z ##[group]Run echo "--------------------------------------"
2025-11-21T22:24:01.3434977Z [36;1mecho "--------------------------------------"[0m
2025-11-21T22:24:01.3435554Z [36;1mecho "GOAL: Verify all GUI modules load without crashing."[0m
2025-11-21T22:24:01.3436184Z [36;1mpython -m unittest tests/test_auto_discovery.py[0m
2025-11-21T22:24:01.3479917Z shell: /usr/bin/bash -e {0}
2025-11-21T22:24:01.3480168Z env:
2025-11-21T22:24:01.3480418Z   pythonLocation: /opt/hostedtoolcache/Python/3.10.19/x64
2025-11-21T22:24:01.3480845Z   PKG_CONFIG_PATH: /opt/hostedtoolcache/Python/3.10.19/x64/lib/pkgconfig
2025-11-21T22:24:01.3481256Z   Python_ROOT_DIR: /opt/hostedtoolcache/Python/3.10.19/x64
2025-11-21T22:24:01.3481611Z   Python2_ROOT_DIR: /opt/hostedtoolcache/Python/3.10.19/x64
2025-11-21T22:24:01.3481966Z   Python3_ROOT_DIR: /opt/hostedtoolcache/Python/3.10.19/x64
2025-11-21T22:24:01.3482320Z   LD_LIBRARY_PATH: /opt/hostedtoolcache/Python/3.10.19/x64/lib
2025-11-21T22:24:01.3482637Z ##[endgroup]
2025-11-21T22:24:01.3535585Z --------------------------------------
2025-11-21T22:24:01.3536126Z GOAL: Verify all GUI modules load without crashing.
2025-11-21T22:24:02.0544009Z .
2025-11-21T22:24:02.0544553Z ----------------------------------------------------------------------
2025-11-21T22:24:02.0545216Z Ran 1 test in 0.536s
2025-11-21T22:24:02.0545481Z 
2025-11-21T22:24:02.0545623Z OK
2025-11-21T22:24:02.0545848Z 
2025-11-21T22:24:02.0546153Z [AUTO-DISCOVERY] Scanning repository for GUI modules...
2025-11-21T22:24:02.0547156Z  -> Testing: PICA_v6.py ... OK
2025-11-21T22:24:02.0547794Z  -> Testing: Keithley_2400/RT_K2400_L350_T_Control_GUI_v3.py ... OK
2025-11-21T22:24:02.0548596Z  -> Testing: Keithley_2400/RT_K2400_L350_T_Sensing_GUI_v4.py ... OK
2025-11-21T22:24:02.0549285Z  -> Testing: Keithley_2400/IV_K2400_GUI_v5.py ... OK
2025-11-21T22:24:02.0549869Z  -> Testing: Delta_mode_Keithley_6221_2182/Delta_RT_K6221_K2182_L350_Sensing_GUI_v5.py ... OK
2025-11-21T22:24:02.0550629Z  -> Testing: Delta_mode_Keithley_6221_2182/Delta_RT_K6221_K2182_L350_T_Control_GUI_v5.py ... OK
2025-11-21T22:24:02.0551324Z  -> Testing: Delta_mode_Keithley_6221_2182/IV_K6221_DC_Sweep_GUI_V10.py ... OK
2025-11-21T22:24:02.0551875Z  -> Testing: LCR_Keysight_E4980A/CV_KE4980A_GUI_v3.py ... OK
2025-11-21T22:24:02.0552486Z  -> Testing: Keithley_6517B/Pyroelectricity/Pyroelectric_K6517B_L350_GUI_v4.py ... OK
2025-11-21T22:24:02.0553601Z  -> Testing: Keithley_6517B/High_Resistance/RT_K6517B_L350_T_Control_GUI_v13.py ... OK
2025-11-21T22:24:02.0554403Z  -> Testing: Keithley_6517B/High_Resistance/IV_K6517B_GUI_v11.py ... OK
2025-11-21T22:24:02.0555050Z  -> Testing: Keithley_6517B/High_Resistance/RT_K6517B_L350_T_Sensing_GUI_v14.py ... OK
2025-11-21T22:24:02.0555738Z  -> Testing: Keithley_2400_Keithley_2182/RT_K2400_2182_L350_T_Sensing_GUI_v2.py ... OK
2025-11-21T22:24:02.0556411Z  -> Testing: Keithley_2400_Keithley_2182/RT_K2400_K2182_T_Control_GUI_v3.py ... OK
2025-11-21T22:24:02.0557069Z  -> Testing: Keithley_2400_Keithley_2182/IV_K2400_K2182_GUI_v3.py ... OK
2025-11-21T22:24:02.0557668Z  -> Testing: Lakeshore_350_340/T_Control_L350_RangeControl_GUI_v8.py ... OK
2025-11-21T22:24:02.0558234Z  -> Testing: Lakeshore_350_340/T_Sensing_L350_GUI_v4.py ... OK
2025-11-21T22:24:02.0558706Z  -> Testing: Utilities/PlotterUtil_GUI_v3.py ... OK
2025-11-21T22:24:02.0559194Z  -> Testing: Utilities/GPIB_Instrument_Scanner_GUI_v4.py ... OK
2025-11-21T22:24:02.0559678Z  -> Testing: Utilities/GUI_Basic_Format_v2.py ... OK
2025-11-21T22:24:02.0559974Z 
2025-11-21T22:24:02.0560139Z [SUMMARY] Tested 20 modules. Passed 20. Failed 0.
2025-11-21T22:24:02.1125935Z ##[group]Run echo "--------------------------------------"
2025-11-21T22:24:02.1126319Z [36;1mecho "--------------------------------------"[0m
2025-11-21T22:24:02.1126674Z [36;1mecho "GOAL: Verify SCPI commands and hardware protocols."[0m
2025-11-21T22:24:02.1127046Z [36;1mpython -m unittest tests/test_deep_simulation.py[0m
2025-11-21T22:24:02.1160830Z shell: /usr/bin/bash -e {0}
2025-11-21T22:24:02.1161066Z env:
2025-11-21T22:24:02.1161317Z   pythonLocation: /opt/hostedtoolcache/Python/3.10.19/x64
2025-11-21T22:24:02.1161732Z   PKG_CONFIG_PATH: /opt/hostedtoolcache/Python/3.10.19/x64/lib/pkgconfig
2025-11-21T22:24:02.1162146Z   Python_ROOT_DIR: /opt/hostedtoolcache/Python/3.10.19/x64
2025-11-21T22:24:02.1162502Z   Python2_ROOT_DIR: /opt/hostedtoolcache/Python/3.10.19/x64
2025-11-21T22:24:02.1162854Z   Python3_ROOT_DIR: /opt/hostedtoolcache/Python/3.10.19/x64
2025-11-21T22:24:02.1163478Z   LD_LIBRARY_PATH: /opt/hostedtoolcache/Python/3.10.19/x64/lib
2025-11-21T22:24:02.1163820Z ##[endgroup]
2025-11-21T22:24:02.1216018Z --------------------------------------
2025-11-21T22:24:02.1216524Z GOAL: Verify SCPI commands and hardware protocols.
2025-11-21T22:24:02.1904396Z 
2025-11-21T22:24:02.1904921Z [TEST START] test_01_k2400_iv_backend
2025-11-21T22:24:02.4923983Z    -> Importing Keithley_2400.Backends.IV_K2400_Loop_Backend_v10...
2025-11-21T22:24:02.4957998Z    -> Running Keithley_2400.Backends.IV_K2400_Loop_Backend_v10.main()...
2025-11-21T22:24:02.4959757Z Current (A) || Voltage(V) 
2025-11-21T22:24:02.4960013Z In loop 1
2025-11-21T22:24:02.4960213Z       [Clock] Tick 2/5...
2025-11-21T22:24:02.4962068Z 0.000e+00 A  <MagicMock name='Keithley2400().voltage' id='140586764476784'> V
2025-11-21T22:24:02.4962678Z       [Clock] Tick 4/5...
2025-11-21T22:24:02.4963265Z       [Clock] Limit reached! Forcing exit.
2025-11-21T22:24:02.4963768Z    -> [SUCCESS] Script exited cleanly via Circuit Breaker.
2025-11-21T22:24:02.4964581Z [TEST END]   test_01_k2400_iv_backend
2025-11-21T22:24:02.4964852Z 
2025-11-21T22:24:02.4965497Z 
2025-11-21T22:24:02.4965710Z [TEST START] test_02_lakeshore_backend
2025-11-21T22:24:02.5050038Z    -> Importing Lakeshore_350_340.Backends.T_Control_L350_Simple_Backend_v10...
2025-11-21T22:24:02.5077063Z    -> Running Lakeshore_350_340.Backends.T_Control_L350_Simple_Backend_v10.main()...
2025-11-21T22:24:02.5090637Z Connecting to instrument...
2025-11-21T22:24:02.5091122Z Successfully connected to: LSCI,MODEL350,0,0
2025-11-21T22:24:02.5091631Z Resetting instrument to a known state...
2025-11-21T22:24:02.5092067Z       [Clock] Tick 2/15...
2025-11-21T22:24:02.5110885Z Setting up heater: HTRSET 1,1,2,0,1
2025-11-21T22:24:02.5111214Z 
2025-11-21T22:24:02.5111413Z Moving to start temperature of 10.0 K...
2025-11-21T22:24:02.5111878Z Setting setpoint: SETP 1,10.0
2025-11-21T22:24:02.5112298Z Setting heater range: RANGE 1,4
2025-11-21T22:24:02.5112700Z Stabilizing... Current Temp: 10.0000 K
2025-11-21T22:24:02.5113375Z Stabilized at 10.0 K.
2025-11-21T22:24:02.5113779Z Setting ramp parameters: RAMP 1,1,10.0
2025-11-21T22:24:02.5114219Z       [Clock] Tick 4/15...
2025-11-21T22:24:02.5150168Z Setting setpoint: SETP 1,300.0
2025-11-21T22:24:02.5150653Z Ramp started towards 300.0 K at 10.0 K/min.
2025-11-21T22:24:02.5151239Z Time:     0.00s | Temp: 300.0000K | Rate:  0.000K/min | Heater:  10.0%
2025-11-21T22:24:02.5151848Z Target temperature of 300.0 K reached.
2025-11-21T22:24:02.5152149Z 
2025-11-21T22:24:02.5152329Z --- Safely shutting down instrument ---
2025-11-21T22:24:02.5152757Z Turning off heater...
2025-11-21T22:24:02.5153328Z Setting heater range: RANGE 1,0
2025-11-21T22:24:02.5153720Z VISA connection closed.
2025-11-21T22:24:02.5153952Z 
2025-11-21T22:24:02.5154174Z Experiment finished. Plot window can be closed.
2025-11-21T22:24:02.5154670Z [TEST END]   test_02_lakeshore_backend
2025-11-21T22:24:02.5154958Z 
2025-11-21T22:24:02.5154965Z 
2025-11-21T22:24:02.5155125Z [TEST START] test_03_k6517b_pyro_backend
2025-11-21T22:24:02.5162087Z    -> Importing Keithley_6517B.Pyroelectricity.Backends.Current_K6517B_Simple_Backend_v10...
2025-11-21T22:24:02.5178216Z       [Clock] Tick 2/5...
2025-11-21T22:24:02.5178706Z Starting measurement... Press Ctrl+C to stop.
2025-11-21T22:24:02.5179213Z Time: 0.00 | Current: 1.23e-09 A
2025-11-21T22:24:02.5179622Z Time: 0.00 | Current: 1.23e-09 A
2025-11-21T22:24:02.5180035Z       [Clock] Tick 4/5...
2025-11-21T22:24:02.5180423Z Time: 0.00 | Current: 1.23e-09 A
2025-11-21T22:24:02.5180845Z       [Clock] Limit reached! Forcing exit.
2025-11-21T22:24:02.5181286Z Error: Force Test Exit
2025-11-21T22:24:02.5181679Z    -> Module loaded (no main function).
2025-11-21T22:24:02.5182159Z [TEST END]   test_03_k6517b_pyro_backend
2025-11-21T22:24:02.5182469Z 
2025-11-21T22:24:02.5182477Z 
2025-11-21T22:24:02.5182650Z [TEST START] test_04_lcr_keysight_backend
2025-11-21T22:24:02.5255403Z    -> Importing LCR_Keysight_E4980A.Backends.CV_KE4980A_Simple_Backend_v10...
2025-11-21T22:24:02.5278211Z       [Clock] Tick 2/5...
2025-11-21T22:24:02.5279351Z       [Clock] Tick 4/5...
2025-11-21T22:24:02.5279894Z       [Clock] Limit reached! Forcing exit.
2025-11-21T22:24:02.5280392Z Initialization error: Force Test Exit
2025-11-21T22:24:02.5280864Z    -> Module loaded (no main function).
2025-11-21T22:24:02.5281341Z [TEST END]   test_04_lcr_keysight_backend
2025-11-21T22:24:02.5281674Z 
2025-11-21T22:24:02.5281682Z 
2025-11-21T22:24:02.5281834Z [TEST START] test_05_delta_simple
2025-11-21T22:24:02.5295557Z    -> Importing Delta_mode_Keithley_6221_2182.Backends.Delta_K6221_K2182_Simple_v7...
2025-11-21T22:24:02.5307374Z    -> Module loaded (no main function).
2025-11-21T22:24:02.5307881Z [TEST END]   test_05_delta_simple
2025-11-21T22:24:02.5308164Z 
2025-11-21T22:24:02.5308177Z 
2025-11-21T22:24:02.5308335Z [TEST START] test_06_delta_sensing
2025-11-21T22:24:02.5323558Z    -> Importing Delta_mode_Keithley_6221_2182.Backends.Delta_K6221_K2182_L350_T_Sensing_Backend_v1...
2025-11-21T22:24:02.5335240Z    -> Module loaded (no main function).
2025-11-21T22:24:02.5335749Z [TEST END]   test_06_delta_sensing
2025-11-21T22:24:02.5336051Z 
2025-11-21T22:24:02.5336092Z 
2025-11-21T22:24:02.5336302Z [TEST START] test_07_lockin_backend
2025-11-21T22:24:02.5347483Z    -> Importing Lock_in_amplifier.BasicTest_S830_Backend_v1...
2025-11-21T22:24:02.5357654Z    -> Running Lock_in_amplifier.BasicTest_S830_Backend_v1.main()...
2025-11-21T22:24:02.5371689Z Available resources: <MagicMock name='ResourceManager().list_resources()' id='140586762658160'>
2025-11-21T22:24:02.5372303Z 
2025-11-21T22:24:02.5372683Z Attempting to connect to instrument at: GPIB0::8::INSTR
2025-11-21T22:24:02.5373430Z Connection successful!
2025-11-21T22:24:02.5373831Z Instrument ID: SRS,SR830,s/n12345,ver1.07
2025-11-21T22:24:02.5374376Z Current sensitivity code: 15 (See manual for V/A mapping)
2025-11-21T22:24:02.5374771Z 
2025-11-21T22:24:02.5375292Z Requesting Magnitude (R) and Phase (Œ∏)...
2025-11-21T22:24:02.5375614Z 
2025-11-21T22:24:02.5375791Z --- Measurement Results ---
2025-11-21T22:24:02.5376188Z Magnitude (R): 1.230000 V
2025-11-21T22:24:02.5376628Z Phase (Œ∏):     4.560¬∞
2025-11-21T22:24:02.5376981Z ---------------------------
2025-11-21T22:24:02.5377209Z 
2025-11-21T22:24:02.5377351Z Connection closed.
2025-11-21T22:24:02.5377694Z [TEST END]   test_07_lockin_backend
2025-11-21T22:24:02.5377972Z 
2025-11-21T22:24:02.5377989Z 
2025-11-21T22:24:02.5378148Z [TEST START] test_08_combined_2400_2182
2025-11-21T22:24:02.5391452Z    -> Importing Keithley_2400_Keithley_2182.Backends.IV_K2400_K2182_Backend_v1...
2025-11-21T22:24:02.5408794Z    -> Running Keithley_2400_Keithley_2182.Backends.IV_K2400_K2182_Backend_v1.main()...
2025-11-21T22:24:02.5429943Z Instruments Connected.
2025-11-21T22:24:02.5430342Z       [Clock] Tick 2/10...
2025-11-21T22:24:02.5440124Z Starting sweep: 10 points.
2025-11-21T22:24:02.5440637Z       [Clock] Tick 4/10...
2025-11-21T22:24:02.5459763Z Runtime Error: division by zero
2025-11-21T22:24:02.5460232Z Shutdown complete.
2025-11-21T22:24:02.5460653Z [TEST END]   test_08_combined_2400_2182
2025-11-21T22:24:02.5461395Z 
2025-11-21T22:24:02.5461413Z 
2025-11-21T22:24:02.5461540Z [TEST START] test_09_poling
2025-11-21T22:24:02.5467049Z    -> Importing Keithley_6517B.Pyroelectricity.Backends.Poling_K6517B_Backend_v10...
2025-11-21T22:24:02.5472522Z    -> Running Keithley_6517B.Pyroelectricity.Backends.Poling_K6517B_Backend_v10.main()...
2025-11-21T22:24:02.5478840Z Source enabled. Applying 100V for poling.
2025-11-21T22:24:02.5479373Z       [Clock] Tick 2/5...
2025-11-21T22:24:02.5479971Z Waiting for poling to complete (20s)... Press Ctrl+C to stop early.
2025-11-21T22:24:02.5480447Z       [Clock] Tick 4/5...
2025-11-21T22:24:02.5480733Z       [Clock] Limit reached! Forcing exit.
2025-11-21T22:24:02.5489084Z An error occurred with the Keithley 6517B: Force Test Exit
2025-11-21T22:24:02.5489759Z Ramping down voltage and shutting down source...
2025-11-21T22:24:02.5490310Z Source is off.
2025-11-21T22:24:02.5490547Z [TEST END]   test_09_poling
2025-11-21T22:24:02.5490730Z 
2025-11-21T22:24:02.5490735Z 
2025-11-21T22:24:02.5490863Z [TEST START] test_10_high_resistance
2025-11-21T22:24:02.5519411Z    -> Importing Keithley_6517B.High_Resistance.Backends.IV_K6517B_Simple_Backend_v10...
2025-11-21T22:24:02.5552482Z --- I-V Sweep Configuration ---
2025-11-21T22:24:02.5552808Z 
2025-11-21T22:24:02.5553338Z Attempting to connect to instrument at: GPIB1::27::INSTR
2025-11-21T22:24:02.5554010Z Successfully connected to: Mocked Keithley 6517B
2025-11-21T22:24:02.5554415Z 
2025-11-21T22:24:02.5554625Z Configuring instrument for measurement...
2025-11-21T22:24:02.5554907Z 
2025-11-21T22:24:02.5555032Z Starting zero correction procedure...
2025-11-21T22:24:02.5555366Z Step 1: Enabling Zero Check mode...
2025-11-21T22:24:02.5555671Z       [Clock] Tick 2/5...
2025-11-21T22:24:02.5555955Z Step 2: Acquiring zero correction value...
2025-11-21T22:24:02.5556290Z Step 3: Disabling Zero Check mode...
2025-11-21T22:24:02.5556587Z       [Clock] Tick 4/5...
2025-11-21T22:24:02.5557078Z Step 4: Enabling Zero Correction...
2025-11-21T22:24:02.5557390Z       [Clock] Limit reached! Forcing exit.
2025-11-21T22:24:02.5559554Z 
2025-11-21T22:24:02.5559942Z [An Unexpected Error Occurred] Details: Force Test Exit
2025-11-21T22:24:02.5560368Z 
2025-11-21T22:24:02.5560543Z Shutting down instrument...
2025-11-21T22:24:02.5561028Z Voltage source OFF and instrument is safe.
2025-11-21T22:24:02.5561384Z 
2025-11-21T22:24:02.5561547Z No data to plot.
2025-11-21T22:24:02.5561842Z    -> Module loaded (no main function).
2025-11-21T22:24:02.5562208Z [TEST END]   test_10_high_resistance
2025-11-21T22:24:02.5562467Z 
2025-11-21T22:24:02.5562473Z 
2025-11-21T22:24:02.5562585Z [TEST START] test_11_gpib_scanner
2025-11-21T22:24:02.5580283Z [TEST END]   test_11_gpib_scanner
2025-11-21T22:24:02.5580605Z 
2025-11-21T22:24:02.5580616Z 
2025-11-21T22:24:02.5580793Z [TEST START] test_12_gpib_rescue
2025-11-21T22:24:02.5589158Z    -> Importing Utilities.GPIB_Interface_Rescue_Simple_Backened_v2_...
2025-11-21T22:24:02.5595418Z    -> Module loaded (no main function).
2025-11-21T22:24:02.5595938Z [TEST END]   test_12_gpib_rescue
2025-11-21T22:24:02.5596245Z 
2025-11-21T22:24:02.5596414Z ............
2025-11-21T22:24:02.5596860Z ----------------------------------------------------------------------
2025-11-21T22:24:02.5597435Z Ran 12 tests in 0.369s
2025-11-21T22:24:02.5597630Z 
2025-11-21T22:24:02.5597719Z OK
2025-11-21T22:24:02.6212917Z ##[group]Run echo "--------------------------------------"
2025-11-21T22:24:02.6213581Z [36;1mecho "--------------------------------------"[0m
2025-11-21T22:24:02.6213945Z [36;1mecho "GOAL: Verify Launcher buttons and GUI-Backend handoff."[0m
2025-11-21T22:24:02.6214345Z [36;1mpython -m unittest tests/test_full_stack_simulation.py[0m
2025-11-21T22:24:02.6247286Z shell: /usr/bin/bash -e {0}
2025-11-21T22:24:02.6247513Z env:
2025-11-21T22:24:02.6247763Z   pythonLocation: /opt/hostedtoolcache/Python/3.10.19/x64
2025-11-21T22:24:02.6248183Z   PKG_CONFIG_PATH: /opt/hostedtoolcache/Python/3.10.19/x64/lib/pkgconfig
2025-11-21T22:24:02.6248613Z   Python_ROOT_DIR: /opt/hostedtoolcache/Python/3.10.19/x64
2025-11-21T22:24:02.6248961Z   Python2_ROOT_DIR: /opt/hostedtoolcache/Python/3.10.19/x64
2025-11-21T22:24:02.6249322Z   Python3_ROOT_DIR: /opt/hostedtoolcache/Python/3.10.19/x64
2025-11-21T22:24:02.6249671Z   LD_LIBRARY_PATH: /opt/hostedtoolcache/Python/3.10.19/x64/lib
2025-11-21T22:24:02.6249989Z ##[endgroup]
2025-11-21T22:24:02.6301443Z --------------------------------------
2025-11-21T22:24:02.6301958Z GOAL: Verify Launcher buttons and GUI-Backend handoff.
2025-11-21T22:24:33.0568504Z ...
2025-11-21T22:24:33.0569007Z ----------------------------------------------------------------------
2025-11-21T22:24:33.0569513Z Ran 3 tests in 30.360s
2025-11-21T22:24:33.0569721Z 
2025-11-21T22:24:33.0569824Z OK
2025-11-21T22:24:33.0570091Z 
2025-11-21T22:24:33.0573703Z [SIMULATION] Testing GPIB Scanner Loop...
2025-11-21T22:24:33.0574746Z 
2025-11-21T22:24:33.0575103Z [SIMULATION] Testing Keithley 2400 I-V Protocol...
2025-11-21T22:24:33.0575865Z    [Exec] Running Keithley_2400.Backends.IV_K2400_Loop_Backend_v10.main()...
2025-11-21T22:24:33.0576558Z Current (A) || Voltage(V) 
2025-11-21T22:24:33.0576879Z In loop 1
2025-11-21T22:24:33.0577135Z 0.000e+00 A  1.23 V
2025-11-21T22:24:33.0577414Z 1.000e-05 A  1.23 V
2025-11-21T22:24:33.0577681Z 2.000e-05 A  1.23 V
2025-11-21T22:24:33.0577969Z 3.000e-05 A  1.23 V
2025-11-21T22:24:33.0578229Z 4.000e-05 A  1.23 V
2025-11-21T22:24:33.0578497Z 5.000e-05 A  1.23 V
2025-11-21T22:24:33.0578765Z 6.000e-05 A  1.23 V
2025-11-21T22:24:33.0579030Z 7.000e-05 A  1.23 V
2025-11-21T22:24:33.0579300Z 8.000e-05 A  1.23 V
2025-11-21T22:24:33.0579560Z 9.000e-05 A  1.23 V
2025-11-21T22:24:33.0579824Z 1.000e-04 A  1.23 V
2025-11-21T22:24:33.0579988Z 
2025-11-21T22:24:33.0580128Z --- Measurement Complete ---
2025-11-21T22:24:33.0580458Z           I     V
2025-11-21T22:24:33.0580717Z 0   0.00000  1.23
2025-11-21T22:24:33.0580978Z 1   0.00001  1.23
2025-11-21T22:24:33.0581545Z 2   0.00002  1.23
2025-11-21T22:24:33.0581803Z 3   0.00003  1.23
2025-11-21T22:24:33.0582064Z 4   0.00004  1.23
2025-11-21T22:24:33.0582314Z 5   0.00005  1.23
2025-11-21T22:24:33.0582568Z 6   0.00006  1.23
2025-11-21T22:24:33.0582820Z 7   0.00007  1.23
2025-11-21T22:24:33.0583279Z 8   0.00008  1.23
2025-11-21T22:24:33.0583534Z 9   0.00009  1.23
2025-11-21T22:24:33.0583793Z 10  0.00010  1.23
2025-11-21T22:24:33.0584215Z Data saved to C:/Users/Instrument-DSL/Desktop/LED_IV/test_output.txt
2025-11-21T22:24:33.0584741Z Keithley 2400 shutdown complete.
2025-11-21T22:24:33.0585113Z    -> Verified: Source Output Enabled
2025-11-21T22:24:33.0585511Z    -> Verified: Current Ramping Active
2025-11-21T22:24:33.0585917Z    -> Verified: Safety Shutdown Triggered
2025-11-21T22:24:33.0586190Z 
2025-11-21T22:24:33.0586375Z [SIMULATION] Testing Lakeshore 350 SCPI Commands...
2025-11-21T22:24:33.0587027Z    [Exec] Running Lakeshore_350_340.Backends.T_Control_L350_Simple_Backend_v10.main()...
2025-11-21T22:24:33.0587481Z Connecting to instrument...
2025-11-21T22:24:33.0587789Z Successfully connected to: LSCI,MODEL350,123456,1.0
2025-11-21T22:24:33.0588140Z Resetting instrument to a known state...
2025-11-21T22:24:33.0588448Z Setting up heater: HTRSET 1,1,2,0,1
2025-11-21T22:24:33.0588634Z 
2025-11-21T22:24:33.0588868Z An unexpected error occurred: not enough values to unpack (expected 2, got 0)
2025-11-21T22:24:33.0589199Z 
2025-11-21T22:24:33.0589540Z --- Safely shutting down instrument ---
2025-11-21T22:24:33.0589839Z Turning off heater...
2025-11-21T22:24:33.0590075Z Setting heater range: RANGE 1,0
2025-11-21T22:24:33.0590342Z VISA connection closed.
2025-11-21T22:24:33.0590488Z 
2025-11-21T22:24:33.0590623Z Experiment finished. Plot window can be closed.
2025-11-21T22:24:33.0590976Z    -> Verified: *IDN? Query Sent
2025-11-21T22:24:33.0591265Z    -> Verified: Heater Configured (HTRSET)
2025-11-21T22:24:33.0591577Z    -> Verified: Heater Turned Off (RANGE 1,0)
2025-11-21T22:24:33.1108990Z ##[group]Run echo "--------------------------------------"
2025-11-21T22:24:33.1109376Z [36;1mecho "--------------------------------------"[0m
2025-11-21T22:24:33.1109671Z [36;1mecho "GOAL: Calculate Test Coverage %"[0m
2025-11-21T22:24:33.1110010Z [36;1m# We run pytest to generate the XML report needed by Codecov[0m
2025-11-21T22:24:33.1110393Z [36;1m# This re-runs the tests, but captures which lines were hit.[0m
2025-11-21T22:24:33.1110728Z [36;1mpytest --cov=. --cov-report=xml tests/[0m
2025-11-21T22:24:33.1143761Z shell: /usr/bin/bash -e {0}
2025-11-21T22:24:33.1144001Z env:
2025-11-21T22:24:33.1144244Z   pythonLocation: /opt/hostedtoolcache/Python/3.10.19/x64
2025-11-21T22:24:33.1144642Z   PKG_CONFIG_PATH: /opt/hostedtoolcache/Python/3.10.19/x64/lib/pkgconfig
2025-11-21T22:24:33.1145039Z   Python_ROOT_DIR: /opt/hostedtoolcache/Python/3.10.19/x64
2025-11-21T22:24:33.1145373Z   Python2_ROOT_DIR: /opt/hostedtoolcache/Python/3.10.19/x64
2025-11-21T22:24:33.1145751Z   Python3_ROOT_DIR: /opt/hostedtoolcache/Python/3.10.19/x64
2025-11-21T22:24:33.1146091Z   LD_LIBRARY_PATH: /opt/hostedtoolcache/Python/3.10.19/x64/lib
2025-11-21T22:24:33.1146380Z ##[endgroup]
2025-11-21T22:24:33.1197854Z --------------------------------------
2025-11-21T22:24:33.1198216Z GOAL: Calculate Test Coverage %
2025-11-21T22:24:33.5607968Z ============================= test session starts ==============================
2025-11-21T22:24:33.5608695Z platform linux -- Python 3.10.19, pytest-9.0.1, pluggy-1.6.0
2025-11-21T22:24:33.5609845Z rootdir: /home/runner/work/PICA-Python-Instrument-Control-and-Automation/PICA-Python-Instrument-Control-and-Automation
2025-11-21T22:24:33.5610831Z configfile: pyproject.toml
2025-11-21T22:24:33.5611219Z plugins: cov-7.0.0
2025-11-21T22:24:33.5611558Z collected 16 items
2025-11-21T22:24:33.5611763Z 
2025-11-21T22:24:34.0318561Z tests/test_auto_discovery.py .                                           [  6%]
2025-11-21T22:24:34.1299592Z tests/test_deep_simulation.py ............                               [ 81%]
2025-11-21T22:25:05.3775853Z tests/test_full_stack_simulation.py ...                                  [100%]
2025-11-21T22:25:05.3776806Z 
2025-11-21T22:25:05.3777186Z ================================ tests coverage ================================
2025-11-21T22:25:05.3778527Z _______________ coverage: platform linux, python 3.10.19-final-0 _______________
2025-11-21T22:25:05.3779575Z 
2025-11-21T22:25:05.3779890Z Coverage XML written to file coverage.xml
2025-11-21T22:25:05.3780850Z ============================= 16 passed in 31.76s ==============================
2025-11-21T22:25:05.4731339Z ##[group]Run codecov/codecov-action@v3
2025-11-21T22:25:05.4731607Z with:
2025-11-21T22:25:05.4731781Z   files: ./coverage.xml
2025-11-21T22:25:05.4731980Z   fail_ci_if_error: false
2025-11-21T22:25:05.4732173Z env:
2025-11-21T22:25:05.4732393Z   pythonLocation: /opt/hostedtoolcache/Python/3.10.19/x64
2025-11-21T22:25:05.4732778Z   PKG_CONFIG_PATH: /opt/hostedtoolcache/Python/3.10.19/x64/lib/pkgconfig
2025-11-21T22:25:05.4733447Z   Python_ROOT_DIR: /opt/hostedtoolcache/Python/3.10.19/x64
2025-11-21T22:25:05.4733799Z   Python2_ROOT_DIR: /opt/hostedtoolcache/Python/3.10.19/x64
2025-11-21T22:25:05.4734134Z   Python3_ROOT_DIR: /opt/hostedtoolcache/Python/3.10.19/x64
2025-11-21T22:25:05.4734473Z   LD_LIBRARY_PATH: /opt/hostedtoolcache/Python/3.10.19/x64/lib
2025-11-21T22:25:05.4734750Z ##[endgroup]
2025-11-21T22:25:05.5811380Z ==> linux OS detected
2025-11-21T22:25:06.2454818Z https://uploader.codecov.io/latest/linux/codecov.SHA256SUM
2025-11-21T22:25:06.3695277Z ==> SHASUM file signed by key id 806bb28aed779869
2025-11-21T22:25:06.4518621Z ==> Uploader SHASUM verified (b37359013b48fbc3b0790d59fc474a52a260fb96e28e1b2c2ae001dc9b9cc996  codecov)
2025-11-21T22:25:06.4519553Z ==> Running version latest
2025-11-21T22:25:06.5731848Z ==> Running version v0.8.0
2025-11-21T22:25:06.5749025Z [command]/home/runner/work/_actions/codecov/codecov-action/v3/dist/codecov -n  -Q github-action-3.1.6 -f ./coverage.xml
2025-11-21T22:25:06.7839871Z [2025-11-21T22:25:06.782Z] ['info'] 
2025-11-21T22:25:06.7841216Z      _____          _
2025-11-21T22:25:06.7841608Z     / ____|        | |
2025-11-21T22:25:06.7841976Z    | |     ___   __| | ___  ___ _____   __
2025-11-21T22:25:06.7842396Z    | |    / _ \ / _` |/ _ \/ __/ _ \ \ / /
2025-11-21T22:25:06.7842828Z    | |___| (_) | (_| |  __/ (_| (_) \ V /
2025-11-21T22:25:06.7844059Z     \_____\___/ \__,_|\___|\___\___/ \_/
2025-11-21T22:25:06.7844343Z 
2025-11-21T22:25:06.7844499Z   Codecov report uploader 0.8.0
2025-11-21T22:25:06.7902836Z [2025-11-21T22:25:06.789Z] ['info'] => Project root located at: /home/runner/work/PICA-Python-Instrument-Control-and-Automation/PICA-Python-Instrument-Control-and-Automation
2025-11-21T22:25:06.7911916Z [2025-11-21T22:25:06.791Z] ['info'] -> No token specified or token is empty
2025-11-21T22:25:06.8857704Z [2025-11-21T22:25:06.885Z] ['info'] Searching for coverage files...
2025-11-21T22:25:06.9236038Z [2025-11-21T22:25:06.923Z] ['info'] => Found 1 possible coverage files:
2025-11-21T22:25:06.9236796Z   ./coverage.xml
2025-11-21T22:25:06.9237763Z [2025-11-21T22:25:06.923Z] ['info'] Processing ./coverage.xml...
2025-11-21T22:25:06.9302600Z [2025-11-21T22:25:06.930Z] ['info'] Detected GitHub Actions as the CI provider.
2025-11-21T22:25:07.2928124Z [2025-11-21T22:25:07.292Z] ['info'] Pinging Codecov: https://codecov.io/upload/v4?package=github-action-3.1.6-uploader-0.8.0&token=*******&branch=main&build=19585145845&build_url=https%3A%2F%2Fgithub.com%2Fprathameshnium%2FPICA-Python-Instrument-Control-and-Automation%2Factions%2Fruns%2F19585145845%2Fjob%2F56092283600&commit=148ea2036a9f47f4ca014f1bc82a93075c4d4f6d&job=Run+PICA+JOSS+Tests&pr=&service=github-actions&slug=prathameshnium%2FPICA-Python-Instrument-Control-and-Automation&name=&tag=&flags=&parent=
2025-11-21T22:25:07.6318996Z [2025-11-21T22:25:07.630Z] ['error'] There was an error running the uploader: Error uploading to https://codecov.io: Error: There was an error fetching the storage URL during POST: 429 - {"message":"Rate limit reached. Please upload with the Codecov repository upload token to resolve issue. Expected time to availability: 1013s."}
2025-11-21T22:25:07.6321002Z 
2025-11-21T22:25:07.6321782Z [2025-11-21T22:25:07.631Z] ['info'] Codecov will exit with status code 0. If you are expecting a non-zero exit code, please pass in the `-Z` flag
2025-11-21T22:25:07.6624120Z Post job cleanup.
2025-11-21T22:25:07.8216839Z Post job cleanup.
2025-11-21T22:25:07.8932012Z [command]/usr/bin/git version
2025-11-21T22:25:07.8966197Z git version 2.51.2
2025-11-21T22:25:07.9007649Z Temporarily overriding HOME='/home/runner/work/_temp/0f7187f6-52a8-47d8-83f9-2877f4b35f2e' before making global git config changes
2025-11-21T22:25:07.9008922Z Adding repository directory to the temporary git global config as a safe directory
2025-11-21T22:25:07.9012017Z [command]/usr/bin/git config --global --add safe.directory /home/runner/work/PICA-Python-Instrument-Control-and-Automation/PICA-Python-Instrument-Control-and-Automation
2025-11-21T22:25:07.9041686Z [command]/usr/bin/git config --local --name-only --get-regexp core\.sshCommand
2025-11-21T22:25:07.9070117Z [command]/usr/bin/git submodule foreach --recursive sh -c "git config --local --name-only --get-regexp 'core\.sshCommand' && git config --local --unset-all 'core.sshCommand' || :"
2025-11-21T22:25:07.9297452Z [command]/usr/bin/git config --local --name-only --get-regexp http\.https\:\/\/github\.com\/\.extraheader
2025-11-21T22:25:07.9316956Z http.https://github.com/.extraheader
2025-11-21T22:25:07.9327966Z [command]/usr/bin/git config --local --unset-all http.https://github.com/.extraheader
2025-11-21T22:25:07.9355891Z [command]/usr/bin/git submodule foreach --recursive sh -c "git config --local --name-only --get-regexp 'http\.https\:\/\/github\.com\/\.extraheader' && git config --local --unset-all 'http.https://github.com/.extraheader' || :"
2025-11-21T22:25:07.9680784Z Cleaning up orphan processes
