2025-11-21T21:10:54.1281695Z Current runner version: '2.329.0'
2025-11-21T21:10:54.1316211Z ##[group]Runner Image Provisioner
2025-11-21T21:10:54.1317537Z Hosted Compute Agent
2025-11-21T21:10:54.1318432Z Version: 20251016.436
2025-11-21T21:10:54.1319359Z Commit: 8ab8ac8bfd662a3739dab9fe09456aba92132568
2025-11-21T21:10:54.1320572Z Build Date: 2025-10-15T20:44:12Z
2025-11-21T21:10:54.1321563Z ##[endgroup]
2025-11-21T21:10:54.1322429Z ##[group]Operating System
2025-11-21T21:10:54.1323535Z Ubuntu
2025-11-21T21:10:54.1324316Z 24.04.3
2025-11-21T21:10:54.1325114Z LTS
2025-11-21T21:10:54.1326220Z ##[endgroup]
2025-11-21T21:10:54.1327143Z ##[group]Runner Image
2025-11-21T21:10:54.1328054Z Image: ubuntu-24.04
2025-11-21T21:10:54.1329077Z Version: 20251112.124.1
2025-11-21T21:10:54.1330848Z Included Software: https://github.com/actions/runner-images/blob/ubuntu24/20251112.124/images/ubuntu/Ubuntu2404-Readme.md
2025-11-21T21:10:54.1333635Z Image Release: https://github.com/actions/runner-images/releases/tag/ubuntu24%2F20251112.124
2025-11-21T21:10:54.1335372Z ##[endgroup]
2025-11-21T21:10:54.1337624Z ##[group]GITHUB_TOKEN Permissions
2025-11-21T21:10:54.1340137Z Contents: read
2025-11-21T21:10:54.1341118Z Metadata: read
2025-11-21T21:10:54.1342046Z Packages: read
2025-11-21T21:10:54.1342852Z ##[endgroup]
2025-11-21T21:10:54.1347202Z Secret source: Actions
2025-11-21T21:10:54.1349007Z Prepare workflow directory
2025-11-21T21:10:54.1821638Z Prepare all required actions
2025-11-21T21:10:54.1879381Z Getting action download info
2025-11-21T21:10:54.4503450Z Download action repository 'actions/checkout@v3' (SHA:f43a0e5ff2bd294095638e18286ca9a3d1956744)
2025-11-21T21:10:54.6025004Z Download action repository 'actions/setup-python@v4' (SHA:7f4fc3e22c37d6ff65e88745f38bd3157c663f7c)
2025-11-21T21:10:54.7792482Z Download action repository 'codecov/codecov-action@v3' (SHA:ab904c41d6ece82784817410c45d8b8c02684457)
2025-11-21T21:10:55.1930938Z Complete job name: test
2025-11-21T21:10:55.2602605Z ##[group]Run actions/checkout@v3
2025-11-21T21:10:55.2603437Z with:
2025-11-21T21:10:55.2604089Z   repository: prathameshnium/PICA-Python-Instrument-Control-and-Automation
2025-11-21T21:10:55.2604964Z   token: ***
2025-11-21T21:10:55.2605344Z   ssh-strict: true
2025-11-21T21:10:55.2605751Z   persist-credentials: true
2025-11-21T21:10:55.2606373Z   clean: true
2025-11-21T21:10:55.2606769Z   sparse-checkout-cone-mode: true
2025-11-21T21:10:55.2607253Z   fetch-depth: 1
2025-11-21T21:10:55.2607629Z   fetch-tags: false
2025-11-21T21:10:55.2608012Z   lfs: false
2025-11-21T21:10:55.2608379Z   submodules: false
2025-11-21T21:10:55.2608773Z   set-safe-directory: true
2025-11-21T21:10:55.2609467Z ##[endgroup]
2025-11-21T21:10:55.3454809Z Syncing repository: prathameshnium/PICA-Python-Instrument-Control-and-Automation
2025-11-21T21:10:55.3456948Z ##[group]Getting Git version info
2025-11-21T21:10:55.3458193Z Working directory is '/home/runner/work/PICA-Python-Instrument-Control-and-Automation/PICA-Python-Instrument-Control-and-Automation'
2025-11-21T21:10:55.3459601Z [command]/usr/bin/git version
2025-11-21T21:10:55.4454597Z git version 2.51.2
2025-11-21T21:10:55.4483392Z ##[endgroup]
2025-11-21T21:10:55.4498105Z Temporarily overriding HOME='/home/runner/work/_temp/2dcb0e9a-6c77-490d-9ee5-fbcd9b3bf784' before making global git config changes
2025-11-21T21:10:55.4501617Z Adding repository directory to the temporary git global config as a safe directory
2025-11-21T21:10:55.4503306Z [command]/usr/bin/git config --global --add safe.directory /home/runner/work/PICA-Python-Instrument-Control-and-Automation/PICA-Python-Instrument-Control-and-Automation
2025-11-21T21:10:55.4584107Z Deleting the contents of '/home/runner/work/PICA-Python-Instrument-Control-and-Automation/PICA-Python-Instrument-Control-and-Automation'
2025-11-21T21:10:55.4587215Z ##[group]Initializing the repository
2025-11-21T21:10:55.4590755Z [command]/usr/bin/git init /home/runner/work/PICA-Python-Instrument-Control-and-Automation/PICA-Python-Instrument-Control-and-Automation
2025-11-21T21:10:55.5407281Z hint: Using 'master' as the name for the initial branch. This default branch name
2025-11-21T21:10:55.5408643Z hint: is subject to change. To configure the initial branch name to use in all
2025-11-21T21:10:55.5409571Z hint: of your new repositories, which will suppress this warning, call:
2025-11-21T21:10:55.5410234Z hint:
2025-11-21T21:10:55.5410713Z hint: 	git config --global init.defaultBranch <name>
2025-11-21T21:10:55.5411277Z hint:
2025-11-21T21:10:55.5411807Z hint: Names commonly chosen instead of 'master' are 'main', 'trunk' and
2025-11-21T21:10:55.5412700Z hint: 'development'. The just-created branch can be renamed via this command:
2025-11-21T21:10:55.5413440Z hint:
2025-11-21T21:10:55.5413858Z hint: 	git branch -m <name>
2025-11-21T21:10:55.5414337Z hint:
2025-11-21T21:10:55.5414967Z hint: Disable this message with "git config set advice.defaultBranchName false"
2025-11-21T21:10:55.5454487Z Initialized empty Git repository in /home/runner/work/PICA-Python-Instrument-Control-and-Automation/PICA-Python-Instrument-Control-and-Automation/.git/
2025-11-21T21:10:55.5464461Z [command]/usr/bin/git remote add origin https://github.com/prathameshnium/PICA-Python-Instrument-Control-and-Automation
2025-11-21T21:10:55.5549178Z ##[endgroup]
2025-11-21T21:10:55.5549884Z ##[group]Disabling automatic garbage collection
2025-11-21T21:10:55.5551961Z [command]/usr/bin/git config --local gc.auto 0
2025-11-21T21:10:55.5577626Z ##[endgroup]
2025-11-21T21:10:55.5578629Z ##[group]Setting up auth
2025-11-21T21:10:55.5582637Z [command]/usr/bin/git config --local --name-only --get-regexp core\.sshCommand
2025-11-21T21:10:55.5608380Z [command]/usr/bin/git submodule foreach --recursive sh -c "git config --local --name-only --get-regexp 'core\.sshCommand' && git config --local --unset-all 'core.sshCommand' || :"
2025-11-21T21:10:55.7213063Z [command]/usr/bin/git config --local --name-only --get-regexp http\.https\:\/\/github\.com\/\.extraheader
2025-11-21T21:10:55.7240547Z [command]/usr/bin/git submodule foreach --recursive sh -c "git config --local --name-only --get-regexp 'http\.https\:\/\/github\.com\/\.extraheader' && git config --local --unset-all 'http.https://github.com/.extraheader' || :"
2025-11-21T21:10:55.7460974Z [command]/usr/bin/git config --local http.https://github.com/.extraheader AUTHORIZATION: basic ***
2025-11-21T21:10:55.7495013Z ##[endgroup]
2025-11-21T21:10:55.7496553Z ##[group]Fetching the repository
2025-11-21T21:10:55.7504824Z [command]/usr/bin/git -c protocol.version=2 fetch --no-tags --prune --progress --no-recurse-submodules --depth=1 origin +76ff95027a72da0dddb590d7fa345ce98a3e5f6e:refs/remotes/origin/main
2025-11-21T21:10:55.9934511Z remote: Enumerating objects: 114, done.        
2025-11-21T21:10:55.9936922Z remote: Counting objects:   0% (1/114)        
2025-11-21T21:10:55.9938404Z remote: Counting objects:   1% (2/114)        
2025-11-21T21:10:55.9939790Z remote: Counting objects:   2% (3/114)        
2025-11-21T21:10:55.9941175Z remote: Counting objects:   3% (4/114)        
2025-11-21T21:10:55.9942218Z remote: Counting objects:   4% (5/114)        
2025-11-21T21:10:55.9943087Z remote: Counting objects:   5% (6/114)        
2025-11-21T21:10:55.9943951Z remote: Counting objects:   6% (7/114)        
2025-11-21T21:10:55.9944785Z remote: Counting objects:   7% (8/114)        
2025-11-21T21:10:55.9945629Z remote: Counting objects:   8% (10/114)        
2025-11-21T21:10:55.9946764Z remote: Counting objects:   9% (11/114)        
2025-11-21T21:10:55.9947662Z remote: Counting objects:  10% (12/114)        
2025-11-21T21:10:55.9948541Z remote: Counting objects:  11% (13/114)        
2025-11-21T21:10:55.9949494Z remote: Counting objects:  12% (14/114)        
2025-11-21T21:10:55.9950663Z remote: Counting objects:  13% (15/114)        
2025-11-21T21:10:55.9951670Z remote: Counting objects:  14% (16/114)        
2025-11-21T21:10:55.9952642Z remote: Counting objects:  15% (18/114)        
2025-11-21T21:10:55.9953668Z remote: Counting objects:  16% (19/114)        
2025-11-21T21:10:55.9954695Z remote: Counting objects:  17% (20/114)        
2025-11-21T21:10:55.9956298Z remote: Counting objects:  18% (21/114)        
2025-11-21T21:10:55.9957511Z remote: Counting objects:  19% (22/114)        
2025-11-21T21:10:55.9958527Z remote: Counting objects:  20% (23/114)        
2025-11-21T21:10:55.9959526Z remote: Counting objects:  21% (24/114)        
2025-11-21T21:10:55.9960534Z remote: Counting objects:  22% (26/114)        
2025-11-21T21:10:55.9961557Z remote: Counting objects:  23% (27/114)        
2025-11-21T21:10:55.9962637Z remote: Counting objects:  24% (28/114)        
2025-11-21T21:10:55.9963758Z remote: Counting objects:  25% (29/114)        
2025-11-21T21:10:55.9964969Z remote: Counting objects:  26% (30/114)        
2025-11-21T21:10:55.9966426Z remote: Counting objects:  27% (31/114)        
2025-11-21T21:10:55.9967798Z remote: Counting objects:  28% (32/114)        
2025-11-21T21:10:55.9969090Z remote: Counting objects:  29% (34/114)        
2025-11-21T21:10:55.9970347Z remote: Counting objects:  30% (35/114)        
2025-11-21T21:10:55.9971590Z remote: Counting objects:  31% (36/114)        
2025-11-21T21:10:55.9972859Z remote: Counting objects:  32% (37/114)        
2025-11-21T21:10:55.9974141Z remote: Counting objects:  33% (38/114)        
2025-11-21T21:10:55.9975411Z remote: Counting objects:  34% (39/114)        
2025-11-21T21:10:55.9976888Z remote: Counting objects:  35% (40/114)        
2025-11-21T21:10:55.9978179Z remote: Counting objects:  36% (42/114)        
2025-11-21T21:10:55.9979447Z remote: Counting objects:  37% (43/114)        
2025-11-21T21:10:55.9980722Z remote: Counting objects:  38% (44/114)        
2025-11-21T21:10:55.9982027Z remote: Counting objects:  39% (45/114)        
2025-11-21T21:10:55.9983558Z remote: Counting objects:  40% (46/114)        
2025-11-21T21:10:55.9985125Z remote: Counting objects:  41% (47/114)        
2025-11-21T21:10:55.9987134Z remote: Counting objects:  42% (48/114)        
2025-11-21T21:10:55.9988748Z remote: Counting objects:  43% (50/114)        
2025-11-21T21:10:55.9990163Z remote: Counting objects:  44% (51/114)        
2025-11-21T21:10:55.9991593Z remote: Counting objects:  45% (52/114)        
2025-11-21T21:10:55.9992978Z remote: Counting objects:  46% (53/114)        
2025-11-21T21:10:55.9994358Z remote: Counting objects:  47% (54/114)        
2025-11-21T21:10:55.9995725Z remote: Counting objects:  48% (55/114)        
2025-11-21T21:10:55.9997341Z remote: Counting objects:  49% (56/114)        
2025-11-21T21:10:55.9998855Z remote: Counting objects:  50% (57/114)        
2025-11-21T21:10:56.0000321Z remote: Counting objects:  51% (59/114)        
2025-11-21T21:10:56.0001955Z remote: Counting objects:  52% (60/114)        
2025-11-21T21:10:56.0003282Z remote: Counting objects:  53% (61/114)        
2025-11-21T21:10:56.0004636Z remote: Counting objects:  54% (62/114)        
2025-11-21T21:10:56.0006111Z remote: Counting objects:  55% (63/114)        
2025-11-21T21:10:56.0007546Z remote: Counting objects:  56% (64/114)        
2025-11-21T21:10:56.0009092Z remote: Counting objects:  57% (65/114)        
2025-11-21T21:10:56.0010688Z remote: Counting objects:  58% (67/114)        
2025-11-21T21:10:56.0011993Z remote: Counting objects:  59% (68/114)        
2025-11-21T21:10:56.0013318Z remote: Counting objects:  60% (69/114)        
2025-11-21T21:10:56.0014637Z remote: Counting objects:  61% (70/114)        
2025-11-21T21:10:56.0016114Z remote: Counting objects:  62% (71/114)        
2025-11-21T21:10:56.0017439Z remote: Counting objects:  63% (72/114)        
2025-11-21T21:10:56.0018757Z remote: Counting objects:  64% (73/114)        
2025-11-21T21:10:56.0020045Z remote: Counting objects:  65% (75/114)        
2025-11-21T21:10:56.0021332Z remote: Counting objects:  66% (76/114)        
2025-11-21T21:10:56.0022622Z remote: Counting objects:  67% (77/114)        
2025-11-21T21:10:56.0023917Z remote: Counting objects:  68% (78/114)        
2025-11-21T21:10:56.0025200Z remote: Counting objects:  69% (79/114)        
2025-11-21T21:10:56.0026742Z remote: Counting objects:  70% (80/114)        
2025-11-21T21:10:56.0028247Z remote: Counting objects:  71% (81/114)        
2025-11-21T21:10:56.0029671Z remote: Counting objects:  72% (83/114)        
2025-11-21T21:10:56.0031286Z remote: Counting objects:  73% (84/114)        
2025-11-21T21:10:56.0032802Z remote: Counting objects:  74% (85/114)        
2025-11-21T21:10:56.0034130Z remote: Counting objects:  75% (86/114)        
2025-11-21T21:10:56.0035444Z remote: Counting objects:  76% (87/114)        
2025-11-21T21:10:56.0036969Z remote: Counting objects:  77% (88/114)        
2025-11-21T21:10:56.0038542Z remote: Counting objects:  78% (89/114)        
2025-11-21T21:10:56.0040041Z remote: Counting objects:  79% (91/114)        
2025-11-21T21:10:56.0041613Z remote: Counting objects:  80% (92/114)        
2025-11-21T21:10:56.0042964Z remote: Counting objects:  81% (93/114)        
2025-11-21T21:10:56.0044282Z remote: Counting objects:  82% (94/114)        
2025-11-21T21:10:56.0045586Z remote: Counting objects:  83% (95/114)        
2025-11-21T21:10:56.0047006Z remote: Counting objects:  84% (96/114)        
2025-11-21T21:10:56.0048344Z remote: Counting objects:  85% (97/114)        
2025-11-21T21:10:56.0049627Z remote: Counting objects:  86% (99/114)        
2025-11-21T21:10:56.0050928Z remote: Counting objects:  87% (100/114)        
2025-11-21T21:10:56.0052251Z remote: Counting objects:  88% (101/114)        
2025-11-21T21:10:56.0053585Z remote: Counting objects:  89% (102/114)        
2025-11-21T21:10:56.0055021Z remote: Counting objects:  90% (103/114)        
2025-11-21T21:10:56.0056937Z remote: Counting objects:  91% (104/114)        
2025-11-21T21:10:56.0058276Z remote: Counting objects:  92% (105/114)        
2025-11-21T21:10:56.0059588Z remote: Counting objects:  93% (107/114)        
2025-11-21T21:10:56.0060895Z remote: Counting objects:  94% (108/114)        
2025-11-21T21:10:56.0062594Z remote: Counting objects:  95% (109/114)        
2025-11-21T21:10:56.0064103Z remote: Counting objects:  96% (110/114)        
2025-11-21T21:10:56.0065426Z remote: Counting objects:  97% (111/114)        
2025-11-21T21:10:56.0066979Z remote: Counting objects:  98% (112/114)        
2025-11-21T21:10:56.0068287Z remote: Counting objects:  99% (113/114)        
2025-11-21T21:10:56.0069849Z remote: Counting objects: 100% (114/114)        
2025-11-21T21:10:56.0071312Z remote: Counting objects: 100% (114/114), done.        
2025-11-21T21:10:56.0072720Z remote: Compressing objects:   0% (1/108)        
2025-11-21T21:10:56.0074052Z remote: Compressing objects:   1% (2/108)        
2025-11-21T21:10:56.0075493Z remote: Compressing objects:   2% (3/108)        
2025-11-21T21:10:56.0077457Z remote: Compressing objects:   3% (4/108)        
2025-11-21T21:10:56.0078782Z remote: Compressing objects:   4% (5/108)        
2025-11-21T21:10:56.0080145Z remote: Compressing objects:   5% (6/108)        
2025-11-21T21:10:56.0081463Z remote: Compressing objects:   6% (7/108)        
2025-11-21T21:10:56.0082782Z remote: Compressing objects:   7% (8/108)        
2025-11-21T21:10:56.0084101Z remote: Compressing objects:   8% (9/108)        
2025-11-21T21:10:56.0085404Z remote: Compressing objects:   9% (10/108)        
2025-11-21T21:10:56.0086961Z remote: Compressing objects:  10% (11/108)        
2025-11-21T21:10:56.0088277Z remote: Compressing objects:  11% (12/108)        
2025-11-21T21:10:56.0089585Z remote: Compressing objects:  12% (13/108)        
2025-11-21T21:10:56.0090905Z remote: Compressing objects:  13% (15/108)        
2025-11-21T21:10:56.0092212Z remote: Compressing objects:  14% (16/108)        
2025-11-21T21:10:56.0093526Z remote: Compressing objects:  15% (17/108)        
2025-11-21T21:10:56.0094843Z remote: Compressing objects:  16% (18/108)        
2025-11-21T21:10:56.0096262Z remote: Compressing objects:  17% (19/108)        
2025-11-21T21:10:56.0097613Z remote: Compressing objects:  18% (20/108)        
2025-11-21T21:10:56.0099066Z remote: Compressing objects:  19% (21/108)        
2025-11-21T21:10:56.0100848Z remote: Compressing objects:  20% (22/108)        
2025-11-21T21:10:56.0102217Z remote: Compressing objects:  21% (23/108)        
2025-11-21T21:10:56.0132969Z remote: Compressing objects:  22% (24/108)        
2025-11-21T21:10:56.0144408Z remote: Compressing objects:  23% (25/108)        
2025-11-21T21:10:56.0184542Z remote: Compressing objects:  24% (26/108)        
2025-11-21T21:10:56.0243994Z remote: Compressing objects:  25% (27/108)        
2025-11-21T21:10:56.0250955Z remote: Compressing objects:  26% (29/108)        
2025-11-21T21:10:56.0259277Z remote: Compressing objects:  27% (30/108)        
2025-11-21T21:10:56.0265693Z remote: Compressing objects:  28% (31/108)        
2025-11-21T21:10:56.0271849Z remote: Compressing objects:  29% (32/108)        
2025-11-21T21:10:56.0275401Z remote: Compressing objects:  30% (33/108)        
2025-11-21T21:10:56.0277646Z remote: Compressing objects:  31% (34/108)        
2025-11-21T21:10:56.0300624Z remote: Compressing objects:  32% (35/108)        
2025-11-21T21:10:56.0307919Z remote: Compressing objects:  33% (36/108)        
2025-11-21T21:10:56.0323271Z remote: Compressing objects:  34% (37/108)        
2025-11-21T21:10:56.0325333Z remote: Compressing objects:  35% (38/108)        
2025-11-21T21:10:56.0332455Z remote: Compressing objects:  36% (39/108)        
2025-11-21T21:10:56.0342204Z remote: Compressing objects:  37% (40/108)        
2025-11-21T21:10:56.0344226Z remote: Compressing objects:  38% (42/108)        
2025-11-21T21:10:56.0346504Z remote: Compressing objects:  39% (43/108)        
2025-11-21T21:10:56.0348152Z remote: Compressing objects:  40% (44/108)        
2025-11-21T21:10:56.0349477Z remote: Compressing objects:  41% (45/108)        
2025-11-21T21:10:56.0352900Z remote: Compressing objects:  42% (46/108)        
2025-11-21T21:10:56.0355064Z remote: Compressing objects:  43% (47/108)        
2025-11-21T21:10:56.0356736Z remote: Compressing objects:  44% (48/108)        
2025-11-21T21:10:56.0358726Z remote: Compressing objects:  45% (49/108)        
2025-11-21T21:10:56.0360274Z remote: Compressing objects:  46% (50/108)        
2025-11-21T21:10:56.0361672Z remote: Compressing objects:  47% (51/108)        
2025-11-21T21:10:56.0363024Z remote: Compressing objects:  48% (52/108)        
2025-11-21T21:10:56.0416853Z remote: Compressing objects:  49% (53/108)        
2025-11-21T21:10:56.0418513Z remote: Compressing objects:  50% (54/108)        
2025-11-21T21:10:56.0420111Z remote: Compressing objects:  51% (56/108)        
2025-11-21T21:10:56.0656920Z remote: Compressing objects:  52% (57/108)        
2025-11-21T21:10:56.0751471Z remote: Compressing objects:  53% (58/108)        
2025-11-21T21:10:56.0764488Z remote: Compressing objects:  54% (59/108)        
2025-11-21T21:10:56.0816783Z remote: Compressing objects:  55% (60/108)        
2025-11-21T21:10:56.0872858Z remote: Compressing objects:  56% (61/108)        
2025-11-21T21:10:56.0891290Z remote: Compressing objects:  57% (62/108)        
2025-11-21T21:10:56.0893699Z remote: Compressing objects:  58% (63/108)        
2025-11-21T21:10:56.0896341Z remote: Compressing objects:  59% (64/108)        
2025-11-21T21:10:56.0898556Z remote: Compressing objects:  60% (65/108)        
2025-11-21T21:10:56.0901069Z remote: Compressing objects:  61% (66/108)        
2025-11-21T21:10:56.0903501Z remote: Compressing objects:  62% (67/108)        
2025-11-21T21:10:56.0905682Z remote: Compressing objects:  63% (69/108)        
2025-11-21T21:10:56.0907449Z remote: Compressing objects:  64% (70/108)        
2025-11-21T21:10:56.0908775Z remote: Compressing objects:  65% (71/108)        
2025-11-21T21:10:56.0910067Z remote: Compressing objects:  66% (72/108)        
2025-11-21T21:10:56.0911378Z remote: Compressing objects:  67% (73/108)        
2025-11-21T21:10:56.0916168Z remote: Compressing objects:  68% (74/108)        
2025-11-21T21:10:56.0918315Z remote: Compressing objects:  69% (75/108)        
2025-11-21T21:10:56.0919860Z remote: Compressing objects:  70% (76/108)        
2025-11-21T21:10:56.0921777Z remote: Compressing objects:  71% (77/108)        
2025-11-21T21:10:56.0924028Z remote: Compressing objects:  72% (78/108)        
2025-11-21T21:10:56.0926836Z remote: Compressing objects:  73% (79/108)        
2025-11-21T21:10:56.0929044Z remote: Compressing objects:  74% (80/108)        
2025-11-21T21:10:56.0930747Z remote: Compressing objects:  75% (81/108)        
2025-11-21T21:10:56.0932054Z remote: Compressing objects:  76% (83/108)        
2025-11-21T21:10:56.0933717Z remote: Compressing objects:  77% (84/108)        
2025-11-21T21:10:56.0935757Z remote: Compressing objects:  78% (85/108)        
2025-11-21T21:10:56.0937987Z remote: Compressing objects:  79% (86/108)        
2025-11-21T21:10:56.0939317Z remote: Compressing objects:  80% (87/108)        
2025-11-21T21:10:56.0940925Z remote: Compressing objects:  81% (88/108)        
2025-11-21T21:10:56.0942810Z remote: Compressing objects:  82% (89/108)        
2025-11-21T21:10:56.0944197Z remote: Compressing objects:  83% (90/108)        
2025-11-21T21:10:56.0945614Z remote: Compressing objects:  84% (91/108)        
2025-11-21T21:10:56.0947223Z remote: Compressing objects:  85% (92/108)        
2025-11-21T21:10:56.0948647Z remote: Compressing objects:  86% (93/108)        
2025-11-21T21:10:56.0950441Z remote: Compressing objects:  87% (94/108)        
2025-11-21T21:10:56.0951914Z remote: Compressing objects:  88% (96/108)        
2025-11-21T21:10:56.0953324Z remote: Compressing objects:  89% (97/108)        
2025-11-21T21:10:56.0954639Z remote: Compressing objects:  90% (98/108)        
2025-11-21T21:10:56.0956175Z remote: Compressing objects:  91% (99/108)        
2025-11-21T21:10:56.0957572Z remote: Compressing objects:  92% (100/108)        
2025-11-21T21:10:56.0958976Z remote: Compressing objects:  93% (101/108)        
2025-11-21T21:10:56.0960263Z remote: Compressing objects:  94% (102/108)        
2025-11-21T21:10:56.0961573Z remote: Compressing objects:  95% (103/108)        
2025-11-21T21:10:56.0963092Z remote: Compressing objects:  96% (104/108)        
2025-11-21T21:10:56.0964389Z remote: Compressing objects:  97% (105/108)        
2025-11-21T21:10:56.0965735Z remote: Compressing objects:  98% (106/108)        
2025-11-21T21:10:56.0967216Z remote: Compressing objects:  99% (107/108)        
2025-11-21T21:10:56.0968507Z remote: Compressing objects: 100% (108/108)        
2025-11-21T21:10:56.0969904Z remote: Compressing objects: 100% (108/108), done.        
2025-11-21T21:10:56.1157254Z Receiving objects:   0% (1/114)
2025-11-21T21:10:56.1159501Z Receiving objects:   1% (2/114)
2025-11-21T21:10:56.1161160Z Receiving objects:   2% (3/114)
2025-11-21T21:10:56.1162851Z Receiving objects:   3% (4/114)
2025-11-21T21:10:56.1164320Z Receiving objects:   4% (5/114)
2025-11-21T21:10:56.1165369Z Receiving objects:   5% (6/114)
2025-11-21T21:10:56.1167052Z Receiving objects:   6% (7/114)
2025-11-21T21:10:56.1168651Z Receiving objects:   7% (8/114)
2025-11-21T21:10:56.1170281Z Receiving objects:   8% (10/114)
2025-11-21T21:10:56.1172024Z Receiving objects:   9% (11/114)
2025-11-21T21:10:56.1173335Z Receiving objects:  10% (12/114)
2025-11-21T21:10:56.1174611Z Receiving objects:  11% (13/114)
2025-11-21T21:10:56.1176207Z Receiving objects:  12% (14/114)
2025-11-21T21:10:56.1177848Z Receiving objects:  13% (15/114)
2025-11-21T21:10:56.1179623Z Receiving objects:  14% (16/114)
2025-11-21T21:10:56.1181339Z Receiving objects:  15% (18/114)
2025-11-21T21:10:56.1183022Z Receiving objects:  16% (19/114)
2025-11-21T21:10:56.1184659Z Receiving objects:  17% (20/114)
2025-11-21T21:10:56.1186567Z Receiving objects:  18% (21/114)
2025-11-21T21:10:56.1188305Z Receiving objects:  19% (22/114)
2025-11-21T21:10:56.1189980Z Receiving objects:  20% (23/114)
2025-11-21T21:10:56.1191551Z Receiving objects:  21% (24/114)
2025-11-21T21:10:56.1193238Z Receiving objects:  22% (26/114)
2025-11-21T21:10:56.1194840Z Receiving objects:  23% (27/114)
2025-11-21T21:10:56.1196165Z Receiving objects:  24% (28/114)
2025-11-21T21:10:56.1197630Z Receiving objects:  25% (29/114)
2025-11-21T21:10:56.1199281Z Receiving objects:  26% (30/114)
2025-11-21T21:10:56.1200598Z Receiving objects:  27% (31/114)
2025-11-21T21:10:56.1201911Z Receiving objects:  28% (32/114)
2025-11-21T21:10:56.1202942Z Receiving objects:  29% (34/114)
2025-11-21T21:10:56.1203905Z Receiving objects:  30% (35/114)
2025-11-21T21:10:56.1204969Z Receiving objects:  31% (36/114)
2025-11-21T21:10:56.1206782Z Receiving objects:  32% (37/114)
2025-11-21T21:10:56.1208041Z Receiving objects:  33% (38/114)
2025-11-21T21:10:56.1209708Z Receiving objects:  34% (39/114)
2025-11-21T21:10:56.1211022Z Receiving objects:  35% (40/114)
2025-11-21T21:10:56.1212564Z Receiving objects:  36% (42/114)
2025-11-21T21:10:56.1213640Z Receiving objects:  37% (43/114)
2025-11-21T21:10:56.1214680Z Receiving objects:  38% (44/114)
2025-11-21T21:10:56.1215657Z Receiving objects:  39% (45/114)
2025-11-21T21:10:56.1217384Z Receiving objects:  40% (46/114)
2025-11-21T21:10:56.1218566Z Receiving objects:  41% (47/114)
2025-11-21T21:10:56.1219537Z Receiving objects:  42% (48/114)
2025-11-21T21:10:56.1220988Z Receiving objects:  43% (50/114)
2025-11-21T21:10:56.1222121Z Receiving objects:  44% (51/114)
2025-11-21T21:10:56.1223101Z Receiving objects:  45% (52/114)
2025-11-21T21:10:56.1224037Z Receiving objects:  46% (53/114)
2025-11-21T21:10:56.1224974Z Receiving objects:  47% (54/114)
2025-11-21T21:10:56.1226335Z Receiving objects:  48% (55/114)
2025-11-21T21:10:56.1227487Z Receiving objects:  49% (56/114)
2025-11-21T21:10:56.1228472Z Receiving objects:  50% (57/114)
2025-11-21T21:10:56.1229414Z Receiving objects:  51% (59/114)
2025-11-21T21:10:56.1230353Z Receiving objects:  52% (60/114)
2025-11-21T21:10:56.1231293Z Receiving objects:  53% (61/114)
2025-11-21T21:10:56.1232241Z Receiving objects:  54% (62/114)
2025-11-21T21:10:56.1233334Z Receiving objects:  55% (63/114)
2025-11-21T21:10:56.1234942Z Receiving objects:  56% (64/114)
2025-11-21T21:10:56.1236231Z Receiving objects:  57% (65/114)
2025-11-21T21:10:56.1237194Z Receiving objects:  58% (67/114)
2025-11-21T21:10:56.1238395Z Receiving objects:  59% (68/114)
2025-11-21T21:10:56.1239373Z Receiving objects:  60% (69/114)
2025-11-21T21:10:56.1240329Z Receiving objects:  61% (70/114)
2025-11-21T21:10:56.1512145Z Receiving objects:  62% (71/114)
2025-11-21T21:10:56.1869085Z Receiving objects:  63% (72/114)
2025-11-21T21:10:56.1924519Z Receiving objects:  64% (73/114)
2025-11-21T21:10:56.2419624Z Receiving objects:  65% (75/114)
2025-11-21T21:10:56.2773763Z Receiving objects:  66% (76/114)
2025-11-21T21:10:56.2824733Z Receiving objects:  67% (77/114)
2025-11-21T21:10:56.2832280Z Receiving objects:  68% (78/114)
2025-11-21T21:10:56.2895344Z Receiving objects:  69% (79/114)
2025-11-21T21:10:56.2897189Z Receiving objects:  70% (80/114)
2025-11-21T21:10:56.5949332Z Receiving objects:  71% (81/114)
2025-11-21T21:10:56.6218986Z Receiving objects:  72% (83/114)
2025-11-21T21:10:56.6667875Z Receiving objects:  73% (84/114), 21.00 MiB | 42.00 MiB/s
2025-11-21T21:10:56.7082684Z Receiving objects:  74% (85/114), 21.00 MiB | 42.00 MiB/s
2025-11-21T21:10:56.7320931Z Receiving objects:  75% (86/114), 21.00 MiB | 42.00 MiB/s
2025-11-21T21:10:56.8930082Z Receiving objects:  76% (87/114), 21.00 MiB | 42.00 MiB/s
2025-11-21T21:10:56.9340724Z Receiving objects:  77% (88/114), 21.00 MiB | 42.00 MiB/s
2025-11-21T21:10:56.9403901Z Receiving objects:  78% (89/114), 21.00 MiB | 42.00 MiB/s
2025-11-21T21:10:56.9432487Z Receiving objects:  79% (91/114), 21.00 MiB | 42.00 MiB/s
2025-11-21T21:10:56.9557776Z Receiving objects:  80% (92/114), 21.00 MiB | 42.00 MiB/s
2025-11-21T21:10:56.9558593Z remote: Total 114 (delta 17), reused 58 (delta 2), pack-reused 0 (from 0)        
2025-11-21T21:10:56.9561155Z Receiving objects:  81% (93/114), 21.00 MiB | 42.00 MiB/s
2025-11-21T21:10:56.9561935Z Receiving objects:  82% (94/114), 21.00 MiB | 42.00 MiB/s
2025-11-21T21:10:56.9565674Z Receiving objects:  83% (95/114), 21.00 MiB | 42.00 MiB/s
2025-11-21T21:10:56.9566633Z Receiving objects:  84% (96/114), 21.00 MiB | 42.00 MiB/s
2025-11-21T21:10:56.9570423Z Receiving objects:  85% (97/114), 21.00 MiB | 42.00 MiB/s
2025-11-21T21:10:56.9571204Z Receiving objects:  86% (99/114), 21.00 MiB | 42.00 MiB/s
2025-11-21T21:10:56.9572249Z Receiving objects:  87% (100/114), 21.00 MiB | 42.00 MiB/s
2025-11-21T21:10:56.9642269Z Receiving objects:  88% (101/114), 21.00 MiB | 42.00 MiB/s
2025-11-21T21:10:56.9643097Z Receiving objects:  89% (102/114), 21.00 MiB | 42.00 MiB/s
2025-11-21T21:10:56.9643788Z Receiving objects:  90% (103/114), 21.00 MiB | 42.00 MiB/s
2025-11-21T21:10:56.9644229Z Receiving objects:  91% (104/114), 21.00 MiB | 42.00 MiB/s
2025-11-21T21:10:56.9644650Z Receiving objects:  92% (105/114), 21.00 MiB | 42.00 MiB/s
2025-11-21T21:10:56.9645059Z Receiving objects:  93% (107/114), 21.00 MiB | 42.00 MiB/s
2025-11-21T21:10:56.9645450Z Receiving objects:  94% (108/114), 21.00 MiB | 42.00 MiB/s
2025-11-21T21:10:56.9646041Z Receiving objects:  95% (109/114), 21.00 MiB | 42.00 MiB/s
2025-11-21T21:10:56.9646509Z Receiving objects:  96% (110/114), 21.00 MiB | 42.00 MiB/s
2025-11-21T21:10:56.9646954Z Receiving objects:  97% (111/114), 21.00 MiB | 42.00 MiB/s
2025-11-21T21:10:56.9647373Z Receiving objects:  98% (112/114), 21.00 MiB | 42.00 MiB/s
2025-11-21T21:10:56.9647920Z Receiving objects:  99% (113/114), 21.00 MiB | 42.00 MiB/s
2025-11-21T21:10:56.9648333Z Receiving objects: 100% (114/114), 21.00 MiB | 42.00 MiB/s
2025-11-21T21:10:56.9648759Z Receiving objects: 100% (114/114), 41.82 MiB | 49.11 MiB/s, done.
2025-11-21T21:10:56.9649123Z Resolving deltas:   0% (0/17)
2025-11-21T21:10:56.9649393Z Resolving deltas:   5% (1/17)
2025-11-21T21:10:56.9649653Z Resolving deltas:  11% (2/17)
2025-11-21T21:10:56.9649910Z Resolving deltas:  17% (3/17)
2025-11-21T21:10:56.9650161Z Resolving deltas:  23% (4/17)
2025-11-21T21:10:56.9650419Z Resolving deltas:  29% (5/17)
2025-11-21T21:10:56.9650671Z Resolving deltas:  35% (6/17)
2025-11-21T21:10:56.9650917Z Resolving deltas:  41% (7/17)
2025-11-21T21:10:56.9651169Z Resolving deltas:  47% (8/17)
2025-11-21T21:10:56.9651422Z Resolving deltas:  52% (9/17)
2025-11-21T21:10:56.9651884Z Resolving deltas:  58% (10/17)
2025-11-21T21:10:56.9652162Z Resolving deltas:  64% (11/17)
2025-11-21T21:10:56.9652430Z Resolving deltas:  76% (13/17)
2025-11-21T21:10:56.9652688Z Resolving deltas:  82% (14/17)
2025-11-21T21:10:56.9652946Z Resolving deltas:  88% (15/17)
2025-11-21T21:10:56.9983030Z Resolving deltas:  94% (16/17)
2025-11-21T21:10:56.9983436Z Resolving deltas: 100% (17/17)
2025-11-21T21:10:56.9983751Z Resolving deltas: 100% (17/17), done.
2025-11-21T21:10:57.0347812Z From https://github.com/prathameshnium/PICA-Python-Instrument-Control-and-Automation
2025-11-21T21:10:57.0348565Z  * [new ref]         76ff95027a72da0dddb590d7fa345ce98a3e5f6e -> origin/main
2025-11-21T21:10:57.0425675Z ##[endgroup]
2025-11-21T21:10:57.0426446Z ##[group]Determining the checkout info
2025-11-21T21:10:57.0427858Z ##[endgroup]
2025-11-21T21:10:57.0428459Z ##[group]Checking out the ref
2025-11-21T21:10:57.0432075Z [command]/usr/bin/git checkout --progress --force -B main refs/remotes/origin/main
2025-11-21T21:10:57.2664067Z Switched to a new branch 'main'
2025-11-21T21:10:57.2664813Z branch 'main' set up to track 'origin/main'.
2025-11-21T21:10:57.2723159Z ##[endgroup]
2025-11-21T21:10:57.2725515Z [command]/usr/bin/git log -1 --format='%H'
2025-11-21T21:10:57.2747079Z '76ff95027a72da0dddb590d7fa345ce98a3e5f6e'
2025-11-21T21:10:57.2967082Z ##[group]Run actions/setup-python@v4
2025-11-21T21:10:57.2967423Z with:
2025-11-21T21:10:57.2967650Z   python-version: 3.10
2025-11-21T21:10:57.2967898Z   check-latest: false
2025-11-21T21:10:57.2968277Z   token: ***
2025-11-21T21:10:57.2968505Z   update-environment: true
2025-11-21T21:10:57.2968759Z   allow-prereleases: false
2025-11-21T21:10:57.2969006Z ##[endgroup]
2025-11-21T21:10:57.4653452Z ##[group]Installed versions
2025-11-21T21:10:57.5376442Z Successfully set up CPython (3.10.19)
2025-11-21T21:10:57.5377922Z ##[endgroup]
2025-11-21T21:10:57.5494316Z ##[group]Run python -m pip install --upgrade pip
2025-11-21T21:10:57.5494850Z [36;1mpython -m pip install --upgrade pip[0m
2025-11-21T21:10:57.5495140Z [36;1m# Install PICA in editable mode[0m
2025-11-21T21:10:57.5495588Z [36;1mpip install -e .[0m
2025-11-21T21:10:57.5496137Z [36;1m# Install Testing, Linting, and Coverage tools[0m
2025-11-21T21:10:57.5496458Z [36;1mpip install pytest flake8 pytest-cov[0m
2025-11-21T21:10:57.5587768Z shell: /usr/bin/bash -e {0}
2025-11-21T21:10:57.5588012Z env:
2025-11-21T21:10:57.5588258Z   pythonLocation: /opt/hostedtoolcache/Python/3.10.19/x64
2025-11-21T21:10:57.5588687Z   PKG_CONFIG_PATH: /opt/hostedtoolcache/Python/3.10.19/x64/lib/pkgconfig
2025-11-21T21:10:57.5589091Z   Python_ROOT_DIR: /opt/hostedtoolcache/Python/3.10.19/x64
2025-11-21T21:10:57.5589449Z   Python2_ROOT_DIR: /opt/hostedtoolcache/Python/3.10.19/x64
2025-11-21T21:10:57.5589818Z   Python3_ROOT_DIR: /opt/hostedtoolcache/Python/3.10.19/x64
2025-11-21T21:10:57.5590201Z   LD_LIBRARY_PATH: /opt/hostedtoolcache/Python/3.10.19/x64/lib
2025-11-21T21:10:57.5590481Z ##[endgroup]
2025-11-21T21:11:00.0223040Z Requirement already satisfied: pip in /opt/hostedtoolcache/Python/3.10.19/x64/lib/python3.10/site-packages (25.3)
2025-11-21T21:11:01.1047339Z Obtaining file:///home/runner/work/PICA-Python-Instrument-Control-and-Automation/PICA-Python-Instrument-Control-and-Automation
2025-11-21T21:11:01.1066617Z   Installing build dependencies: started
2025-11-21T21:11:02.5827094Z   Installing build dependencies: finished with status 'done'
2025-11-21T21:11:02.5833993Z   Checking if build backend supports build_editable: started
2025-11-21T21:11:02.8841813Z   Checking if build backend supports build_editable: finished with status 'done'
2025-11-21T21:11:02.8849986Z   Getting requirements to build editable: started
2025-11-21T21:11:03.2051129Z   Getting requirements to build editable: finished with status 'done'
2025-11-21T21:11:03.2060630Z   Preparing editable metadata (pyproject.toml): started
2025-11-21T21:11:03.3928526Z   Preparing editable metadata (pyproject.toml): finished with status 'done'
2025-11-21T21:11:03.4773044Z Collecting pyvisa (from pica-automation==14.1.0)
2025-11-21T21:11:03.5444551Z   Downloading pyvisa-1.15.0-py3-none-any.whl.metadata (7.1 kB)
2025-11-21T21:11:03.5657141Z Collecting pyvisa-py (from pica-automation==14.1.0)
2025-11-21T21:11:03.5747787Z   Downloading pyvisa_py-0.8.1-py3-none-any.whl.metadata (6.8 kB)
2025-11-21T21:11:03.8473128Z Collecting numpy (from pica-automation==14.1.0)
2025-11-21T21:11:03.8559636Z   Downloading numpy-2.2.6-cp310-cp310-manylinux_2_17_x86_64.manylinux2014_x86_64.whl.metadata (62 kB)
2025-11-21T21:11:04.0437406Z Collecting matplotlib (from pica-automation==14.1.0)
2025-11-21T21:11:04.0518281Z   Downloading matplotlib-3.10.7-cp310-cp310-manylinux2014_x86_64.manylinux_2_17_x86_64.whl.metadata (11 kB)
2025-11-21T21:11:04.2042282Z Collecting pandas (from pica-automation==14.1.0)
2025-11-21T21:11:04.2128657Z   Downloading pandas-2.3.3-cp310-cp310-manylinux_2_24_x86_64.manylinux_2_28_x86_64.whl.metadata (91 kB)
2025-11-21T21:11:04.2962707Z Collecting pymeasure (from pica-automation==14.1.0)
2025-11-21T21:11:04.3049449Z   Downloading PyMeasure-0.15.0-py3-none-any.whl.metadata (44 kB)
2025-11-21T21:11:04.5264761Z Collecting Pillow (from pica-automation==14.1.0)
2025-11-21T21:11:04.5351893Z   Downloading pillow-12.0.0-cp310-cp310-manylinux_2_27_x86_64.manylinux_2_28_x86_64.whl.metadata (8.8 kB)
2025-11-21T21:11:04.6275637Z Collecting contourpy>=1.0.1 (from matplotlib->pica-automation==14.1.0)
2025-11-21T21:11:04.6372489Z   Downloading contourpy-1.3.2-cp310-cp310-manylinux_2_17_x86_64.manylinux2014_x86_64.whl.metadata (5.5 kB)
2025-11-21T21:11:04.6559033Z Collecting cycler>=0.10 (from matplotlib->pica-automation==14.1.0)
2025-11-21T21:11:04.6764525Z   Downloading cycler-0.12.1-py3-none-any.whl.metadata (3.8 kB)
2025-11-21T21:11:04.8692309Z Collecting fonttools>=4.22.0 (from matplotlib->pica-automation==14.1.0)
2025-11-21T21:11:04.8775575Z   Downloading fonttools-4.60.1-cp310-cp310-manylinux2014_x86_64.manylinux_2_17_x86_64.whl.metadata (112 kB)
2025-11-21T21:11:04.9992066Z Collecting kiwisolver>=1.3.1 (from matplotlib->pica-automation==14.1.0)
2025-11-21T21:11:05.0099810Z   Downloading kiwisolver-1.4.9-cp310-cp310-manylinux_2_12_x86_64.manylinux2010_x86_64.whl.metadata (6.3 kB)
2025-11-21T21:11:05.0418487Z Collecting packaging>=20.0 (from matplotlib->pica-automation==14.1.0)
2025-11-21T21:11:05.0499381Z   Downloading packaging-25.0-py3-none-any.whl.metadata (3.3 kB)
2025-11-21T21:11:05.0919924Z Collecting pyparsing>=3 (from matplotlib->pica-automation==14.1.0)
2025-11-21T21:11:05.1002208Z   Downloading pyparsing-3.2.5-py3-none-any.whl.metadata (5.0 kB)
2025-11-21T21:11:05.1208796Z Collecting python-dateutil>=2.7 (from matplotlib->pica-automation==14.1.0)
2025-11-21T21:11:05.1286465Z   Downloading python_dateutil-2.9.0.post0-py2.py3-none-any.whl.metadata (8.4 kB)
2025-11-21T21:11:05.1539071Z Collecting six>=1.5 (from python-dateutil>=2.7->matplotlib->pica-automation==14.1.0)
2025-11-21T21:11:05.1619761Z   Downloading six-1.17.0-py2.py3-none-any.whl.metadata (1.7 kB)
2025-11-21T21:11:05.2246512Z Collecting pytz>=2020.1 (from pandas->pica-automation==14.1.0)
2025-11-21T21:11:05.2330373Z   Downloading pytz-2025.2-py2.py3-none-any.whl.metadata (22 kB)
2025-11-21T21:11:05.2534143Z Collecting tzdata>=2022.7 (from pandas->pica-automation==14.1.0)
2025-11-21T21:11:05.2619656Z   Downloading tzdata-2025.2-py2.py3-none-any.whl.metadata (1.4 kB)
2025-11-21T21:11:05.3124114Z Collecting pint (from pymeasure->pica-automation==14.1.0)
2025-11-21T21:11:05.3205681Z   Downloading Pint-0.24.4-py3-none-any.whl.metadata (8.5 kB)
2025-11-21T21:11:05.3451095Z Collecting pyserial>=2.7 (from pymeasure->pica-automation==14.1.0)
2025-11-21T21:11:05.3534374Z   Downloading pyserial-3.5-py2.py3-none-any.whl.metadata (1.6 kB)
2025-11-21T21:11:05.3727729Z Collecting pyqtgraph>=0.12 (from pymeasure->pica-automation==14.1.0)
2025-11-21T21:11:05.3807599Z   Downloading pyqtgraph-0.14.0-py3-none-any.whl.metadata (1.5 kB)
2025-11-21T21:11:05.4189153Z Collecting colorama (from pyqtgraph>=0.12->pymeasure->pica-automation==14.1.0)
2025-11-21T21:11:05.4281505Z   Downloading colorama-0.4.6-py2.py3-none-any.whl.metadata (17 kB)
2025-11-21T21:11:05.4547967Z Collecting typing_extensions>=4.0.0 (from pyvisa->pica-automation==14.1.0)
2025-11-21T21:11:05.4634210Z   Downloading typing_extensions-4.15.0-py3-none-any.whl.metadata (3.3 kB)
2025-11-21T21:11:05.4931013Z Collecting platformdirs>=2.1.0 (from pint->pymeasure->pica-automation==14.1.0)
2025-11-21T21:11:05.5009429Z   Downloading platformdirs-4.5.0-py3-none-any.whl.metadata (12 kB)
2025-11-21T21:11:05.5179209Z Collecting flexcache>=0.3 (from pint->pymeasure->pica-automation==14.1.0)
2025-11-21T21:11:05.5256439Z   Downloading flexcache-0.3-py3-none-any.whl.metadata (7.0 kB)
2025-11-21T21:11:05.5411789Z Collecting flexparser>=0.4 (from pint->pymeasure->pica-automation==14.1.0)
2025-11-21T21:11:05.5487248Z   Downloading flexparser-0.4-py3-none-any.whl.metadata (18 kB)
2025-11-21T21:11:05.5698724Z Downloading matplotlib-3.10.7-cp310-cp310-manylinux2014_x86_64.manylinux_2_17_x86_64.whl (8.7 MB)
2025-11-21T21:11:05.8086850Z    ‚îÅ‚îÅ‚îÅ‚îÅ‚îÅ‚îÅ‚îÅ‚îÅ‚îÅ‚îÅ‚îÅ‚îÅ‚îÅ‚îÅ‚îÅ‚îÅ‚îÅ‚îÅ‚îÅ‚îÅ‚îÅ‚îÅ‚îÅ‚îÅ‚îÅ‚îÅ‚îÅ‚îÅ‚îÅ‚îÅ‚îÅ‚îÅ‚îÅ‚îÅ‚îÅ‚îÅ‚îÅ‚îÅ‚îÅ‚îÅ 8.7/8.7 MB 38.1 MB/s  0:00:00
2025-11-21T21:11:05.8186912Z Downloading contourpy-1.3.2-cp310-cp310-manylinux_2_17_x86_64.manylinux2014_x86_64.whl (325 kB)
2025-11-21T21:11:05.8345653Z Downloading cycler-0.12.1-py3-none-any.whl (8.3 kB)
2025-11-21T21:11:05.8446701Z Downloading fonttools-4.60.1-cp310-cp310-manylinux2014_x86_64.manylinux_2_17_x86_64.whl (4.8 MB)
2025-11-21T21:11:05.9009145Z    ‚îÅ‚îÅ‚îÅ‚îÅ‚îÅ‚îÅ‚îÅ‚îÅ‚îÅ‚îÅ‚îÅ‚îÅ‚îÅ‚îÅ‚îÅ‚îÅ‚îÅ‚îÅ‚îÅ‚îÅ‚îÅ‚îÅ‚îÅ‚îÅ‚îÅ‚îÅ‚îÅ‚îÅ‚îÅ‚îÅ‚îÅ‚îÅ‚îÅ‚îÅ‚îÅ‚îÅ‚îÅ‚îÅ‚îÅ‚îÅ 4.8/4.8 MB 86.2 MB/s  0:00:00
2025-11-21T21:11:05.9090514Z Downloading kiwisolver-1.4.9-cp310-cp310-manylinux_2_12_x86_64.manylinux2010_x86_64.whl (1.6 MB)
2025-11-21T21:11:05.9276231Z    ‚îÅ‚îÅ‚îÅ‚îÅ‚îÅ‚îÅ‚îÅ‚îÅ‚îÅ‚îÅ‚îÅ‚îÅ‚îÅ‚îÅ‚îÅ‚îÅ‚îÅ‚îÅ‚îÅ‚îÅ‚îÅ‚îÅ‚îÅ‚îÅ‚îÅ‚îÅ‚îÅ‚îÅ‚îÅ‚îÅ‚îÅ‚îÅ‚îÅ‚îÅ‚îÅ‚îÅ‚îÅ‚îÅ‚îÅ‚îÅ 1.6/1.6 MB 85.7 MB/s  0:00:00
2025-11-21T21:11:05.9356440Z Downloading numpy-2.2.6-cp310-cp310-manylinux_2_17_x86_64.manylinux2014_x86_64.whl (16.8 MB)
2025-11-21T21:11:06.0430564Z    ‚îÅ‚îÅ‚îÅ‚îÅ‚îÅ‚îÅ‚îÅ‚îÅ‚îÅ‚îÅ‚îÅ‚îÅ‚îÅ‚îÅ‚îÅ‚îÅ‚îÅ‚îÅ‚îÅ‚îÅ‚îÅ‚îÅ‚îÅ‚îÅ‚îÅ‚îÅ‚îÅ‚îÅ‚îÅ‚îÅ‚îÅ‚îÅ‚îÅ‚îÅ‚îÅ‚îÅ‚îÅ‚îÅ‚îÅ‚îÅ 16.8/16.8 MB 158.3 MB/s  0:00:00
2025-11-21T21:11:06.0551415Z Downloading packaging-25.0-py3-none-any.whl (66 kB)
2025-11-21T21:11:06.0671405Z Downloading pillow-12.0.0-cp310-cp310-manylinux_2_27_x86_64.manylinux_2_28_x86_64.whl (7.0 MB)
2025-11-21T21:11:06.1025050Z    ‚îÅ‚îÅ‚îÅ‚îÅ‚îÅ‚îÅ‚îÅ‚îÅ‚îÅ‚îÅ‚îÅ‚îÅ‚îÅ‚îÅ‚îÅ‚îÅ‚îÅ‚îÅ‚îÅ‚îÅ‚îÅ‚îÅ‚îÅ‚îÅ‚îÅ‚îÅ‚îÅ‚îÅ‚îÅ‚îÅ‚îÅ‚îÅ‚îÅ‚îÅ‚îÅ‚îÅ‚îÅ‚îÅ‚îÅ‚îÅ 7.0/7.0 MB 207.6 MB/s  0:00:00
2025-11-21T21:11:06.1106510Z Downloading pyparsing-3.2.5-py3-none-any.whl (113 kB)
2025-11-21T21:11:06.1212881Z Downloading python_dateutil-2.9.0.post0-py2.py3-none-any.whl (229 kB)
2025-11-21T21:11:06.1321817Z Downloading six-1.17.0-py2.py3-none-any.whl (11 kB)
2025-11-21T21:11:06.1420023Z Downloading pandas-2.3.3-cp310-cp310-manylinux_2_24_x86_64.manylinux_2_28_x86_64.whl (12.8 MB)
2025-11-21T21:11:06.1978421Z    ‚îÅ‚îÅ‚îÅ‚îÅ‚îÅ‚îÅ‚îÅ‚îÅ‚îÅ‚îÅ‚îÅ‚îÅ‚îÅ‚îÅ‚îÅ‚îÅ‚îÅ‚îÅ‚îÅ‚îÅ‚îÅ‚îÅ‚îÅ‚îÅ‚îÅ‚îÅ‚îÅ‚îÅ‚îÅ‚îÅ‚îÅ‚îÅ‚îÅ‚îÅ‚îÅ‚îÅ‚îÅ‚îÅ‚îÅ‚îÅ 12.8/12.8 MB 237.5 MB/s  0:00:00
2025-11-21T21:11:06.2058430Z Downloading pytz-2025.2-py2.py3-none-any.whl (509 kB)
2025-11-21T21:11:06.2202210Z Downloading tzdata-2025.2-py2.py3-none-any.whl (347 kB)
2025-11-21T21:11:06.2331387Z Downloading PyMeasure-0.15.0-py3-none-any.whl (800 kB)
2025-11-21T21:11:06.2409297Z    ‚îÅ‚îÅ‚îÅ‚îÅ‚îÅ‚îÅ‚îÅ‚îÅ‚îÅ‚îÅ‚îÅ‚îÅ‚îÅ‚îÅ‚îÅ‚îÅ‚îÅ‚îÅ‚îÅ‚îÅ‚îÅ‚îÅ‚îÅ‚îÅ‚îÅ‚îÅ‚îÅ‚îÅ‚îÅ‚îÅ‚îÅ‚îÅ‚îÅ‚îÅ‚îÅ‚îÅ‚îÅ‚îÅ‚îÅ‚îÅ 800.2/800.2 kB 106.9 MB/s  0:00:00
2025-11-21T21:11:06.2517436Z Downloading pyqtgraph-0.14.0-py3-none-any.whl (1.9 MB)
2025-11-21T21:11:06.2654813Z    ‚îÅ‚îÅ‚îÅ‚îÅ‚îÅ‚îÅ‚îÅ‚îÅ‚îÅ‚îÅ‚îÅ‚îÅ‚îÅ‚îÅ‚îÅ‚îÅ‚îÅ‚îÅ‚îÅ‚îÅ‚îÅ‚îÅ‚îÅ‚îÅ‚îÅ‚îÅ‚îÅ‚îÅ‚îÅ‚îÅ‚îÅ‚îÅ‚îÅ‚îÅ‚îÅ‚îÅ‚îÅ‚îÅ‚îÅ‚îÅ 1.9/1.9 MB 150.7 MB/s  0:00:00
2025-11-21T21:11:06.2731413Z Downloading pyserial-3.5-py2.py3-none-any.whl (90 kB)
2025-11-21T21:11:06.2872570Z Downloading pyvisa-1.15.0-py3-none-any.whl (179 kB)
2025-11-21T21:11:06.2986539Z Downloading typing_extensions-4.15.0-py3-none-any.whl (44 kB)
2025-11-21T21:11:06.3091978Z Downloading colorama-0.4.6-py2.py3-none-any.whl (25 kB)
2025-11-21T21:11:06.3191641Z Downloading Pint-0.24.4-py3-none-any.whl (302 kB)
2025-11-21T21:11:06.3328306Z Downloading flexcache-0.3-py3-none-any.whl (13 kB)
2025-11-21T21:11:06.3431797Z Downloading flexparser-0.4-py3-none-any.whl (27 kB)
2025-11-21T21:11:06.3531613Z Downloading platformdirs-4.5.0-py3-none-any.whl (18 kB)
2025-11-21T21:11:06.3643553Z Downloading pyvisa_py-0.8.1-py3-none-any.whl (82 kB)
2025-11-21T21:11:06.4617415Z Building wheels for collected packages: pica-automation
2025-11-21T21:11:06.4627194Z   Building editable for pica-automation (pyproject.toml): started
2025-11-21T21:11:06.6954784Z   Building editable for pica-automation (pyproject.toml): finished with status 'done'
2025-11-21T21:11:06.6960682Z   Created wheel for pica-automation: filename=pica_automation-14.1.0-0.editable-py3-none-any.whl size=9876 sha256=b83393baa1da7df2bb19b1b747f67285ea79c7d2e862383646b6b526b83c0868
2025-11-21T21:11:06.6962696Z   Stored in directory: /tmp/pip-ephem-wheel-cache-m4tqk4is/wheels/a9/47/ac/63e6b90596909ba45951a37d3681bb2026f27d0b49ff6b466e
2025-11-21T21:11:06.6981370Z Successfully built pica-automation
2025-11-21T21:11:06.8316333Z Installing collected packages: pytz, pyserial, tzdata, typing_extensions, six, pyparsing, platformdirs, Pillow, packaging, numpy, kiwisolver, fonttools, cycler, colorama, pyvisa, python-dateutil, pyqtgraph, flexparser, flexcache, contourpy, pyvisa-py, pint, pandas, matplotlib, pymeasure, pica-automation
2025-11-21T21:11:16.9206323Z 
2025-11-21T21:11:16.9255575Z Successfully installed Pillow-12.0.0 colorama-0.4.6 contourpy-1.3.2 cycler-0.12.1 flexcache-0.3 flexparser-0.4 fonttools-4.60.1 kiwisolver-1.4.9 matplotlib-3.10.7 numpy-2.2.6 packaging-25.0 pandas-2.3.3 pica-automation-14.1.0 pint-0.24.4 platformdirs-4.5.0 pymeasure-0.15.0 pyparsing-3.2.5 pyqtgraph-0.14.0 pyserial-3.5 python-dateutil-2.9.0.post0 pytz-2025.2 pyvisa-1.15.0 pyvisa-py-0.8.1 six-1.17.0 typing_extensions-4.15.0 tzdata-2025.2
2025-11-21T21:11:17.7462389Z Collecting pytest
2025-11-21T21:11:17.8123062Z   Downloading pytest-9.0.1-py3-none-any.whl.metadata (7.6 kB)
2025-11-21T21:11:17.8579827Z Collecting flake8
2025-11-21T21:11:17.8667853Z   Downloading flake8-7.3.0-py2.py3-none-any.whl.metadata (3.8 kB)
2025-11-21T21:11:17.8932576Z Collecting pytest-cov
2025-11-21T21:11:17.9006767Z   Downloading pytest_cov-7.0.0-py3-none-any.whl.metadata (31 kB)
2025-11-21T21:11:17.9323720Z Collecting exceptiongroup>=1 (from pytest)
2025-11-21T21:11:17.9396030Z   Downloading exceptiongroup-1.3.0-py3-none-any.whl.metadata (6.7 kB)
2025-11-21T21:11:17.9563234Z Collecting iniconfig>=1.0.1 (from pytest)
2025-11-21T21:11:17.9633372Z   Downloading iniconfig-2.3.0-py3-none-any.whl.metadata (2.5 kB)
2025-11-21T21:11:17.9667720Z Requirement already satisfied: packaging>=22 in /opt/hostedtoolcache/Python/3.10.19/x64/lib/python3.10/site-packages (from pytest) (25.0)
2025-11-21T21:11:17.9823247Z Collecting pluggy<2,>=1.5 (from pytest)
2025-11-21T21:11:17.9896722Z   Downloading pluggy-1.6.0-py3-none-any.whl.metadata (4.8 kB)
2025-11-21T21:11:18.0202663Z Collecting pygments>=2.7.2 (from pytest)
2025-11-21T21:11:18.0272195Z   Downloading pygments-2.19.2-py3-none-any.whl.metadata (2.5 kB)
2025-11-21T21:11:18.0520005Z Collecting tomli>=1 (from pytest)
2025-11-21T21:11:18.0592585Z   Downloading tomli-2.3.0-py3-none-any.whl.metadata (10 kB)
2025-11-21T21:11:18.0761642Z Collecting mccabe<0.8.0,>=0.7.0 (from flake8)
2025-11-21T21:11:18.0832405Z   Downloading mccabe-0.7.0-py2.py3-none-any.whl.metadata (5.0 kB)
2025-11-21T21:11:18.1019799Z Collecting pycodestyle<2.15.0,>=2.14.0 (from flake8)
2025-11-21T21:11:18.1109406Z   Downloading pycodestyle-2.14.0-py2.py3-none-any.whl.metadata (4.5 kB)
2025-11-21T21:11:18.1322162Z Collecting pyflakes<3.5.0,>=3.4.0 (from flake8)
2025-11-21T21:11:18.1399203Z   Downloading pyflakes-3.4.0-py2.py3-none-any.whl.metadata (3.5 kB)
2025-11-21T21:11:18.6377278Z Collecting coverage>=7.10.6 (from coverage[toml]>=7.10.6->pytest-cov)
2025-11-21T21:11:18.6455059Z   Downloading coverage-7.12.0-cp310-cp310-manylinux1_x86_64.manylinux_2_28_x86_64.manylinux_2_5_x86_64.whl.metadata (9.1 kB)
2025-11-21T21:11:18.6677958Z Requirement already satisfied: typing-extensions>=4.6.0 in /opt/hostedtoolcache/Python/3.10.19/x64/lib/python3.10/site-packages (from exceptiongroup>=1->pytest) (4.15.0)
2025-11-21T21:11:18.6780414Z Downloading pytest-9.0.1-py3-none-any.whl (373 kB)
2025-11-21T21:11:18.7274776Z Downloading pluggy-1.6.0-py3-none-any.whl (20 kB)
2025-11-21T21:11:18.7372673Z Downloading flake8-7.3.0-py2.py3-none-any.whl (57 kB)
2025-11-21T21:11:18.7493670Z Downloading mccabe-0.7.0-py2.py3-none-any.whl (7.3 kB)
2025-11-21T21:11:18.7592833Z Downloading pycodestyle-2.14.0-py2.py3-none-any.whl (31 kB)
2025-11-21T21:11:18.7705028Z Downloading pyflakes-3.4.0-py2.py3-none-any.whl (63 kB)
2025-11-21T21:11:18.7869174Z Downloading pytest_cov-7.0.0-py3-none-any.whl (22 kB)
2025-11-21T21:11:18.7964923Z Downloading coverage-7.12.0-cp310-cp310-manylinux1_x86_64.manylinux_2_28_x86_64.manylinux_2_5_x86_64.whl (246 kB)
2025-11-21T21:11:18.8242628Z Downloading exceptiongroup-1.3.0-py3-none-any.whl (16 kB)
2025-11-21T21:11:18.8344594Z Downloading iniconfig-2.3.0-py3-none-any.whl (7.5 kB)
2025-11-21T21:11:18.8457871Z Downloading pygments-2.19.2-py3-none-any.whl (1.2 MB)
2025-11-21T21:11:18.9182788Z    ‚îÅ‚îÅ‚îÅ‚îÅ‚îÅ‚îÅ‚îÅ‚îÅ‚îÅ‚îÅ‚îÅ‚îÅ‚îÅ‚îÅ‚îÅ‚îÅ‚îÅ‚îÅ‚îÅ‚îÅ‚îÅ‚îÅ‚îÅ‚îÅ‚îÅ‚îÅ‚îÅ‚îÅ‚îÅ‚îÅ‚îÅ‚îÅ‚îÅ‚îÅ‚îÅ‚îÅ‚îÅ‚îÅ‚îÅ‚îÅ 1.2/1.2 MB 18.2 MB/s  0:00:00
2025-11-21T21:11:18.9257895Z Downloading tomli-2.3.0-py3-none-any.whl (14 kB)
2025-11-21T21:11:19.0464229Z Installing collected packages: tomli, pygments, pyflakes, pycodestyle, pluggy, mccabe, iniconfig, exceptiongroup, coverage, pytest, flake8, pytest-cov
2025-11-21T21:11:20.1701948Z 
2025-11-21T21:11:20.1766122Z Successfully installed coverage-7.12.0 exceptiongroup-1.3.0 flake8-7.3.0 iniconfig-2.3.0 mccabe-0.7.0 pluggy-1.6.0 pycodestyle-2.14.0 pyflakes-3.4.0 pygments-2.19.2 pytest-9.0.1 pytest-cov-7.0.0 tomli-2.3.0
2025-11-21T21:11:20.2679005Z ##[group]Run echo "STEP 1: Checking for critical syntax errors..."
2025-11-21T21:11:20.2679433Z [36;1mecho "STEP 1: Checking for critical syntax errors..."[0m
2025-11-21T21:11:20.2679833Z [36;1mflake8 . --count --select=E9,F63,F7,F82 --show-source --statistics[0m
2025-11-21T21:11:20.2680150Z [36;1m[0m
2025-11-21T21:11:20.2680367Z [36;1mecho "STEP 2: Checking for code style warnings..."[0m
2025-11-21T21:11:20.2680799Z [36;1mflake8 . --count --exit-zero --max-complexity=10 --max-line-length=127 --statistics[0m
2025-11-21T21:11:20.2715106Z shell: /usr/bin/bash -e {0}
2025-11-21T21:11:20.2715318Z env:
2025-11-21T21:11:20.2715553Z   pythonLocation: /opt/hostedtoolcache/Python/3.10.19/x64
2025-11-21T21:11:20.2716232Z   PKG_CONFIG_PATH: /opt/hostedtoolcache/Python/3.10.19/x64/lib/pkgconfig
2025-11-21T21:11:20.2716607Z   Python_ROOT_DIR: /opt/hostedtoolcache/Python/3.10.19/x64
2025-11-21T21:11:20.2716943Z   Python2_ROOT_DIR: /opt/hostedtoolcache/Python/3.10.19/x64
2025-11-21T21:11:20.2717309Z   Python3_ROOT_DIR: /opt/hostedtoolcache/Python/3.10.19/x64
2025-11-21T21:11:20.2717653Z   LD_LIBRARY_PATH: /opt/hostedtoolcache/Python/3.10.19/x64/lib
2025-11-21T21:11:20.2717936Z ##[endgroup]
2025-11-21T21:11:20.2771580Z STEP 1: Checking for critical syntax errors...
2025-11-21T21:11:21.9359566Z ./Utilities/PlotterUtil_GUI_v3.py:807:17: E999 IndentationError: unexpected indent
2025-11-21T21:11:21.9360001Z                 finally:
2025-11-21T21:11:21.9360189Z                 ^
2025-11-21T21:11:21.9360401Z 1     E999 IndentationError: unexpected indent
2025-11-21T21:11:21.9360653Z 1
2025-11-21T21:11:21.9534571Z ##[error]Process completed with exit code 1.
2025-11-21T21:11:21.9637732Z Post job cleanup.
2025-11-21T21:11:22.0354523Z [command]/usr/bin/git version
2025-11-21T21:11:22.0388934Z git version 2.51.2
2025-11-21T21:11:22.0433789Z Temporarily overriding HOME='/home/runner/work/_temp/5e046a44-beb3-4760-bddd-918457e88551' before making global git config changes
2025-11-21T21:11:22.0435034Z Adding repository directory to the temporary git global config as a safe directory
2025-11-21T21:11:22.0439364Z [command]/usr/bin/git config --global --add safe.directory /home/runner/work/PICA-Python-Instrument-Control-and-Automation/PICA-Python-Instrument-Control-and-Automation
2025-11-21T21:11:22.0471947Z [command]/usr/bin/git config --local --name-only --get-regexp core\.sshCommand
2025-11-21T21:11:22.0501759Z [command]/usr/bin/git submodule foreach --recursive sh -c "git config --local --name-only --get-regexp 'core\.sshCommand' && git config --local --unset-all 'core.sshCommand' || :"
2025-11-21T21:11:22.0732202Z [command]/usr/bin/git config --local --name-only --get-regexp http\.https\:\/\/github\.com\/\.extraheader
2025-11-21T21:11:22.0752043Z http.https://github.com/.extraheader
2025-11-21T21:11:22.0762924Z [command]/usr/bin/git config --local --unset-all http.https://github.com/.extraheader
2025-11-21T21:11:22.0791237Z [command]/usr/bin/git submodule foreach --recursive sh -c "git config --local --name-only --get-regexp 'http\.https\:\/\/github\.com\/\.extraheader' && git config --local --unset-all 'http.https://github.com/.extraheader' || :"
2025-11-21T21:11:22.1118682Z Cleaning up orphan processes
